Archive member included to satisfy reference by file (symbol)

C:/ST/STM32CubeIDE_1.16.1/STM32CubeIDE/plugins/com.st.stm32cube.ide.mcu.externaltools.gnu-tools-for-stm32.12.3.rel1.win32_1.0.200.202406191623/tools/bin/../lib/gcc/arm-none-eabi/12.3.1/../../../../arm-none-eabi/lib/thumb/v7e-m+fp/hard\libc_nano.a(libc_a-exit.o)
                              C:/ST/STM32CubeIDE_1.16.1/STM32CubeIDE/plugins/com.st.stm32cube.ide.mcu.externaltools.gnu-tools-for-stm32.12.3.rel1.win32_1.0.200.202406191623/tools/bin/../lib/gcc/arm-none-eabi/12.3.1/../../../../arm-none-eabi/lib/thumb/v7e-m+fp/hard/crt0.o (exit)
C:/ST/STM32CubeIDE_1.16.1/STM32CubeIDE/plugins/com.st.stm32cube.ide.mcu.externaltools.gnu-tools-for-stm32.12.3.rel1.win32_1.0.200.202406191623/tools/bin/../lib/gcc/arm-none-eabi/12.3.1/../../../../arm-none-eabi/lib/thumb/v7e-m+fp/hard\libc_nano.a(libc_a-findfp.o)
                              ./Middlewares/Third_Party/FreeRTOS/Source/tasks.o (__sf)
C:/ST/STM32CubeIDE_1.16.1/STM32CubeIDE/plugins/com.st.stm32cube.ide.mcu.externaltools.gnu-tools-for-stm32.12.3.rel1.win32_1.0.200.202406191623/tools/bin/../lib/gcc/arm-none-eabi/12.3.1/../../../../arm-none-eabi/lib/thumb/v7e-m+fp/hard\libc_nano.a(libc_a-fwalk.o)
                              C:/ST/STM32CubeIDE_1.16.1/STM32CubeIDE/plugins/com.st.stm32cube.ide.mcu.externaltools.gnu-tools-for-stm32.12.3.rel1.win32_1.0.200.202406191623/tools/bin/../lib/gcc/arm-none-eabi/12.3.1/../../../../arm-none-eabi/lib/thumb/v7e-m+fp/hard\libc_nano.a(libc_a-findfp.o) (_fwalk_sglue)
C:/ST/STM32CubeIDE_1.16.1/STM32CubeIDE/plugins/com.st.stm32cube.ide.mcu.externaltools.gnu-tools-for-stm32.12.3.rel1.win32_1.0.200.202406191623/tools/bin/../lib/gcc/arm-none-eabi/12.3.1/../../../../arm-none-eabi/lib/thumb/v7e-m+fp/hard\libc_nano.a(libc_a-stdio.o)
                              C:/ST/STM32CubeIDE_1.16.1/STM32CubeIDE/plugins/com.st.stm32cube.ide.mcu.externaltools.gnu-tools-for-stm32.12.3.rel1.win32_1.0.200.202406191623/tools/bin/../lib/gcc/arm-none-eabi/12.3.1/../../../../arm-none-eabi/lib/thumb/v7e-m+fp/hard\libc_nano.a(libc_a-findfp.o) (__sread)
C:/ST/STM32CubeIDE_1.16.1/STM32CubeIDE/plugins/com.st.stm32cube.ide.mcu.externaltools.gnu-tools-for-stm32.12.3.rel1.win32_1.0.200.202406191623/tools/bin/../lib/gcc/arm-none-eabi/12.3.1/../../../../arm-none-eabi/lib/thumb/v7e-m+fp/hard\libc_nano.a(libc_a-memset.o)
                              C:/ST/STM32CubeIDE_1.16.1/STM32CubeIDE/plugins/com.st.stm32cube.ide.mcu.externaltools.gnu-tools-for-stm32.12.3.rel1.win32_1.0.200.202406191623/tools/bin/../lib/gcc/arm-none-eabi/12.3.1/../../../../arm-none-eabi/lib/thumb/v7e-m+fp/hard/crt0.o (memset)
C:/ST/STM32CubeIDE_1.16.1/STM32CubeIDE/plugins/com.st.stm32cube.ide.mcu.externaltools.gnu-tools-for-stm32.12.3.rel1.win32_1.0.200.202406191623/tools/bin/../lib/gcc/arm-none-eabi/12.3.1/../../../../arm-none-eabi/lib/thumb/v7e-m+fp/hard\libc_nano.a(libc_a-strncmp.o)
                              ./ap/module/uart_cmd.o (strncmp)
C:/ST/STM32CubeIDE_1.16.1/STM32CubeIDE/plugins/com.st.stm32cube.ide.mcu.externaltools.gnu-tools-for-stm32.12.3.rel1.win32_1.0.200.202406191623/tools/bin/../lib/gcc/arm-none-eabi/12.3.1/../../../../arm-none-eabi/lib/thumb/v7e-m+fp/hard\libc_nano.a(libc_a-closer.o)
                              C:/ST/STM32CubeIDE_1.16.1/STM32CubeIDE/plugins/com.st.stm32cube.ide.mcu.externaltools.gnu-tools-for-stm32.12.3.rel1.win32_1.0.200.202406191623/tools/bin/../lib/gcc/arm-none-eabi/12.3.1/../../../../arm-none-eabi/lib/thumb/v7e-m+fp/hard\libc_nano.a(libc_a-stdio.o) (_close_r)
C:/ST/STM32CubeIDE_1.16.1/STM32CubeIDE/plugins/com.st.stm32cube.ide.mcu.externaltools.gnu-tools-for-stm32.12.3.rel1.win32_1.0.200.202406191623/tools/bin/../lib/gcc/arm-none-eabi/12.3.1/../../../../arm-none-eabi/lib/thumb/v7e-m+fp/hard\libc_nano.a(libc_a-reent.o)
                              ./Middlewares/Third_Party/FreeRTOS/Source/tasks.o (_reclaim_reent)
C:/ST/STM32CubeIDE_1.16.1/STM32CubeIDE/plugins/com.st.stm32cube.ide.mcu.externaltools.gnu-tools-for-stm32.12.3.rel1.win32_1.0.200.202406191623/tools/bin/../lib/gcc/arm-none-eabi/12.3.1/../../../../arm-none-eabi/lib/thumb/v7e-m+fp/hard\libc_nano.a(libc_a-impure.o)
                              ./Middlewares/Third_Party/FreeRTOS/Source/tasks.o (_impure_ptr)
C:/ST/STM32CubeIDE_1.16.1/STM32CubeIDE/plugins/com.st.stm32cube.ide.mcu.externaltools.gnu-tools-for-stm32.12.3.rel1.win32_1.0.200.202406191623/tools/bin/../lib/gcc/arm-none-eabi/12.3.1/../../../../arm-none-eabi/lib/thumb/v7e-m+fp/hard\libc_nano.a(libc_a-lseekr.o)
                              C:/ST/STM32CubeIDE_1.16.1/STM32CubeIDE/plugins/com.st.stm32cube.ide.mcu.externaltools.gnu-tools-for-stm32.12.3.rel1.win32_1.0.200.202406191623/tools/bin/../lib/gcc/arm-none-eabi/12.3.1/../../../../arm-none-eabi/lib/thumb/v7e-m+fp/hard\libc_nano.a(libc_a-stdio.o) (_lseek_r)
[...]
Memory Configuration

Name             Origin             Length             Attributes
RAM              0x20000000         0x00020000         xrw
FLASH            0x08000000         0x00080000         xr
*default*        0x00000000         0xffffffff

Linker script and memory map

LOAD C:/ST/STM32CubeIDE_1.16.1/STM32CubeIDE/plugins/com.st.stm32cube.ide.mcu.externaltools.gnu-tools-for-stm32.12.3.rel1.win32_1.0.200.202406191623/tools/bin/../lib/gcc/arm-none-eabi/12.3.1/thumb/v7e-m+fp/hard/crti.o
LOAD C:/ST/STM32CubeIDE_1.16.1/STM32CubeIDE/plugins/com.st.stm32cube.ide.mcu.externaltools.gnu-tools-for-stm32.12.3.rel1.win32_1.0.200.202406191623/tools/bin/../lib/gcc/arm-none-eabi/12.3.1/thumb/v7e-m+fp/hard/crtbegin.o
LOAD C:/ST/STM32CubeIDE_1.16.1/STM32CubeIDE/plugins/com.st.stm32cube.ide.mcu.externaltools.gnu-tools-for-stm32.12.3.rel1.win32_1.0.200.202406191623/tools/bin/../lib/gcc/arm-none-eabi/12.3.1/../../../../arm-none-eabi/lib/thumb/v7e-m+fp/hard/crt0.o
LOAD ./Core/Src/freertos.o
LOAD ./Core/Src/gpio.o
LOAD ./Core/Src/main.o
LOAD ./Core/Src/stm32f4xx_hal_msp.o
LOAD ./Core/Src/stm32f4xx_hal_timebase_tim.o
LOAD ./Core/Src/stm32f4xx_it.o
LOAD ./Core/Src/syscalls.o
LOAD ./Core/Src/sysmem.o
LOAD ./Core/Src/system_stm32f4xx.o
LOAD ./Core/Src/tim.o
LOAD ./Core/Src/usart.o
LOAD ./Core/Startup/startup_stm32f411retx.o
LOAD ./Drivers/STM32F4xx_HAL_Driver/Src/stm32f4xx_hal.o
LOAD ./Drivers/STM32F4xx_HAL_Driver/Src/stm32f4xx_hal_cortex.o
LOAD ./Drivers/STM32F4xx_HAL_Driver/Src/stm32f4xx_hal_dma.o
LOAD ./Drivers/STM32F4xx_HAL_Driver/Src/stm32f4xx_hal_dma_ex.o
LOAD ./Drivers/STM32F4xx_HAL_Driver/Src/stm32f4xx_hal_exti.o
LOAD ./Drivers/STM32F4xx_HAL_Driver/Src/stm32f4xx_hal_flash.o
LOAD ./Drivers/STM32F4xx_HAL_Driver/Src/stm32f4xx_hal_flash_ex.o
LOAD ./Drivers/STM32F4xx_HAL_Driver/Src/stm32f4xx_hal_flash_ramfunc.o
LOAD ./Drivers/STM32F4xx_HAL_Driver/Src/stm32f4xx_hal_gpio.o
LOAD ./Drivers/STM32F4xx_HAL_Driver/Src/stm32f4xx_hal_pwr.o
LOAD ./Drivers/STM32F4xx_HAL_Driver/Src/stm32f4xx_hal_pwr_ex.o
LOAD ./Drivers/STM32F4xx_HAL_Driver/Src/stm32f4xx_hal_rcc.o
LOAD ./Drivers/STM32F4xx_HAL_Driver/Src/stm32f4xx_hal_rcc_ex.o
LOAD ./Drivers/STM32F4xx_HAL_Driver/Src/stm32f4xx_hal_tim.o
LOAD ./Drivers/STM32F4xx_HAL_Driver/Src/stm32f4xx_hal_tim_ex.o
LOAD ./Drivers/STM32F4xx_HAL_Driver/Src/stm32f4xx_hal_uart.o
LOAD ./Middlewares/Third_Party/FreeRTOS/Source/CMSIS_RTOS_V2/cmsis_os2.o
LOAD ./Middlewares/Third_Party/FreeRTOS/Source/croutine.o
LOAD ./Middlewares/Third_Party/FreeRTOS/Source/event_groups.o
LOAD ./Middlewares/Third_Party/FreeRTOS/Source/list.o
LOAD ./Middlewares/Third_Party/FreeRTOS/Source/queue.o
LOAD ./Middlewares/Third_Party/FreeRTOS/Source/stream_buffer.o
LOAD ./Middlewares/Third_Party/FreeRTOS/Source/tasks.o
LOAD ./Middlewares/Third_Party/FreeRTOS/Source/timers.o
LOAD ./Middlewares/Third_Party/FreeRTOS/Source/portable/GCC/ARM_CM4F/port.o
LOAD ./Middlewares/Third_Party/FreeRTOS/Source/portable/MemMang/heap_4.o
LOAD ./ap/ap.o
LOAD ./ap/module/servo_motor.o
LOAD ./ap/module/stopwatch.o
LOAD ./ap/module/uart_cmd.o
LOAD ./hw/driver/button.o
LOAD ./hw/driver/hw_motor.o
LOAD ./hw/driver/hw_tim.o
LOAD ./hw/driver/led.o
LOAD ./hw/driver/uart.o
LOAD ./hw/hw.o
LOAD ./rtos/motor_task.o
LOAD ./rtos/rtos_task.o
LOAD ./rtos/servo_test.o
LOAD ./rtos/stopwatch_task.o
LOAD ./rtos/uart_cmd_task.o
START GROUP
LOAD C:/ST/STM32CubeIDE_1.16.1/STM32CubeIDE/plugins/com.st.stm32cube.ide.mcu.externaltools.gnu-tools-for-stm32.12.3.rel1.win32_1.0.200.202406191623/tools/bin/../lib/gcc/arm-none-eabi/12.3.1/../../../../arm-none-eabi/lib/thumb/v7e-m+fp/hard\libc_nano.a
LOAD C:/ST/STM32CubeIDE_1.16.1/STM32CubeIDE/plugins/com.st.stm32cube.ide.mcu.externaltools.gnu-tools-for-stm32.12.3.rel1.win32_1.0.200.202406191623/tools/bin/../lib/gcc/arm-none-eabi/12.3.1/../../../../arm-none-eabi/lib/thumb/v7e-m+fp/hard\libm.a
END GROUP
START GROUP
LOAD C:/ST/STM32CubeIDE_1.16.1/STM32CubeIDE/plugins/com.st.stm32cube.ide.mcu.externaltools.gnu-tools-for-stm32.12.3.rel1.win32_1.0.200.202406191623/tools/bin/../lib/gcc/arm-none-eabi/12.3.1/thumb/v7e-m+fp/hard\libgcc.a
LOAD C:/ST/STM32CubeIDE_1.16.1/STM32CubeIDE/plugins/com.st.stm32cube.ide.mcu.externaltools.gnu-tools-for-stm32.12.3.rel1.win32_1.0.200.202406191623/tools/bin/../lib/gcc/arm-none-eabi/12.3.1/../../../../arm-none-eabi/lib/thumb/v7e-m+fp/hard\libc_nano.a
END GROUP
START GROUP
LOAD C:/ST/STM32CubeIDE_1.16.1/STM32CubeIDE/plugins/com.st.stm32cube.ide.mcu.externaltools.gnu-tools-for-stm32.12.3.rel1.win32_1.0.200.202406191623/tools/bin/../lib/gcc/arm-none-eabi/12.3.1/thumb/v7e-m+fp/hard\libgcc.a
LOAD C:/ST/STM32CubeIDE_1.16.1/STM32CubeIDE/plugins/com.st.stm32cube.ide.mcu.externaltools.gnu-tools-for-stm32.12.3.rel1.win32_1.0.200.202406191623/tools/bin/../lib/gcc/arm-none-eabi/12.3.1/../../../../arm-none-eabi/lib/thumb/v7e-m+fp/hard\libc_nano.a
LOAD C:/ST/STM32CubeIDE_1.16.1/STM32CubeIDE/plugins/com.st.stm32cube.ide.mcu.externaltools.gnu-tools-for-stm32.12.3.rel1.win32_1.0.200.202406191623/tools/bin/../lib/gcc/arm-none-eabi/12.3.1/../../../../arm-none-eabi/lib/thumb/v7e-m+fp/hard\libnosys.a
END GROUP
START GROUP
LOAD C:/ST/STM32CubeIDE_1.16.1/STM32CubeIDE/plugins/com.st.stm32cube.ide.mcu.externaltools.gnu-tools-for-stm32.12.3.rel1.win32_1.0.200.202406191623/tools/bin/../lib/gcc/arm-none-eabi/12.3.1/thumb/v7e-m+fp/hard\libgcc.a
LOAD C:/ST/STM32CubeIDE_1.16.1/STM32CubeIDE/plugins/com.st.stm32cube.ide.mcu.externaltools.gnu-tools-for-stm32.12.3.rel1.win32_1.0.200.202406191623/tools/bin/../lib/gcc/arm-none-eabi/12.3.1/../../../../arm-none-eabi/lib/thumb/v7e-m+fp/hard\libc_nano.a
LOAD C:/ST/STM32CubeIDE_1.16.1/STM32CubeIDE/plugins/com.st.stm32cube.ide.mcu.externaltools.gnu-tools-for-stm32.12.3.rel1.win32_1.0.200.202406191623/tools/bin/../lib/gcc/arm-none-eabi/12.3.1/../../../../arm-none-eabi/lib/thumb/v7e-m+fp/hard\libnosys.a
END GROUP
LOAD C:/ST/STM32CubeIDE_1.16.1/STM32CubeIDE/plugins/com.st.stm32cube.ide.mcu.externaltools.gnu-tools-for-stm32.12.3.rel1.win32_1.0.200.202406191623/tools/bin/../lib/gcc/arm-none-eabi/12.3.1/thumb/v7e-m+fp/hard/crtend.o
LOAD C:/ST/STM32CubeIDE_1.16.1/STM32CubeIDE/plugins/com.st.stm32cube.ide.mcu.externaltools.gnu-tools-for-stm32.12.3.rel1.win32_1.0.200.202406191623/tools/bin/../lib/gcc/arm-none-eabi/12.3.1/thumb/v7e-m+fp/hard/crtn.o
                0x20020000                        _estack = (ORIGIN (RAM) + LENGTH (RAM))
                0x00000200                        _Min_Heap_Size = 0x200
                0x00000400                        _Min_Stack_Size = 0x400

.isr_vector     0x08000000      0x198
                0x08000000                        . = ALIGN (0x4)
 *(.isr_vector)
 .isr_vector    0x08000000      0x198 ./Core/Startup/startup_stm32f411retx.o
                0x08000000                g_pfnVectors
                0x08000198                        . = ALIGN (0x4)

.text           0x080001a0     0x75ac
                0x080001a0                        . = ALIGN (0x4)
 *(.text)
 .text          0x080001a0       0x40 C:/ST/STM32CubeIDE_1.16.1/STM32CubeIDE/plugins/com.st.stm32cube.ide.mcu.externaltools.gnu-tools-for-stm32.12.3.rel1.win32_1.0.200.202406191623/tools/bin/../lib/gcc/arm-none-eabi/12.3.1/thumb/v7e-m+fp/hard/crtbegin.o
 .text          0x080001e0       0x14 C:/ST/STM32CubeIDE_1.16.1/STM32CubeIDE/plugins/com.st.stm32cube.ide.mcu.externaltools.gnu-tools-for-stm32.12.3.rel1.win32_1.0.200.202406191623/tools/bin/../lib/gcc/arm-none-eabi/12.3.1/../../../../arm-none-eabi/lib/thumb/v7e-m+fp/hard\libc_nano.a(libc_a-strcmp.o)
                0x080001e0                strcmp
 .text          0x080001f4       0x30 C:/ST/STM32CubeIDE_1.16.1/STM32CubeIDE/plugins/com.st.stm32cube.ide.mcu.externaltools.gnu-tools-for-stm32.12.3.rel1.win32_1.0.200.202406191623/tools/bin/../lib/gcc/arm-none-eabi/12.3.1/thumb/v7e-m+fp/hard\libgcc.a(_aeabi_uldivmod.o)
                0x080001f4                __aeabi_uldivmod
 .text          0x08000224      0x2bc C:/ST/STM32CubeIDE_1.16.1/STM32CubeIDE/plugins/com.st.stm32cube.ide.mcu.externaltools.gnu-tools-for-stm32.12.3.rel1.win32_1.0.200.202406191623/tools/bin/../lib/gcc/arm-none-eabi/12.3.1/thumb/v7e-m+fp/hard\libgcc.a(_udivmoddi4.o)
                0x08000224                __udivmoddi4
 .text          0x080004e0        0x4 C:/ST/STM32CubeIDE_1.16.1/STM32CubeIDE/plugins/com.st.stm32cube.ide.mcu.externaltools.gnu-tools-for-stm32.12.3.rel1.win32_1.0.200.202406191623/tools/bin/../lib/gcc/arm-none-eabi/12.3.1/thumb/v7e-m+fp/hard\libgcc.a(_dvmd_tls.o)
                0x080004e0                __aeabi_idiv0
                0x080004e0                __aeabi_ldiv0
 *(.text*)
 .text.MX_FREERTOS_Init
                0x080004e4       0x74 ./Core/Src/freertos.o
                0x080004e4                MX_FREERTOS_Init
 .text.StartDefaultTask
                0x08000558        0xe ./Core/Src/freertos.o
                0x08000558                StartDefaultTask
 .text.uart     0x08000566        0xe ./Core/Src/freertos.o
                0x08000566                uart
 .text.StartTask03
                0x08000574        0xe ./Core/Src/freertos.o
                0x08000574                StartTask03
 *fill*         0x08000582        0x2 
 .text.MX_GPIO_Init
                0x08000584      0x108 ./Core/Src/gpio.o
                0x08000584                MX_GPIO_Init
 .text.main     0x0800068c       0x38 ./Core/Src/main.o
                0x0800068c                main
 .text.SystemClock_Config
                0x080006c4       0xd0 ./Core/Src/main.o
                0x080006c4                SystemClock_Config
 .text.HAL_TIM_PeriodElapsedCallback
                0x08000794       0x2c ./Core/Src/main.o
                0x08000794                HAL_TIM_PeriodElapsedCallback
 .text.Error_Handler
                0x080007c0        0xc ./Core/Src/main.o
                0x080007c0                Error_Handler
 .text.HAL_MspInit
                0x080007cc       0x58 ./Core/Src/stm32f4xx_hal_msp.o
                0x080007cc                HAL_MspInit
 .text.HAL_InitTick
                0x08000824       0xe4 ./Core/Src/stm32f4xx_hal_timebase_tim.o
                0x08000824                HAL_InitTick
 .text.NMI_Handler
                0x08000908        0x8 ./Core/Src/stm32f4xx_it.o
                0x08000908                NMI_Handler
 .text.HardFault_Handler
                0x08000910        0x8 ./Core/Src/stm32f4xx_it.o
                0x08000910                HardFault_Handler
 .text.MemManage_Handler
                0x08000918        0x8 ./Core/Src/stm32f4xx_it.o
                0x08000918                MemManage_Handler
 .text.BusFault_Handler
                0x08000920        0x8 ./Core/Src/stm32f4xx_it.o
                0x08000920                BusFault_Handler
 .text.UsageFault_Handler
                0x08000928        0x8 ./Core/Src/stm32f4xx_it.o
                0x08000928                UsageFault_Handler
 .text.DebugMon_Handler
                0x08000930        0xe ./Core/Src/stm32f4xx_it.o
                0x08000930                DebugMon_Handler
 *fill*         0x0800093e        0x2 
 .text.TIM1_TRG_COM_TIM11_IRQHandler
                0x08000940       0x14 ./Core/Src/stm32f4xx_it.o
                0x08000940                TIM1_TRG_COM_TIM11_IRQHandler
 .text.TIM2_IRQHandler
                0x08000954       0x14 ./Core/Src/stm32f4xx_it.o
                0x08000954                TIM2_IRQHandler
 .text.USART2_IRQHandler
                0x08000968       0x14 ./Core/Src/stm32f4xx_it.o
                0x08000968                USART2_IRQHandler
 .text.EXTI15_10_IRQHandler
                0x0800097c       0x10 ./Core/Src/stm32f4xx_it.o
                0x0800097c                EXTI15_10_IRQHandler
 .text.SystemInit
                0x0800098c       0x24 ./Core/Src/system_stm32f4xx.o
                0x0800098c                SystemInit
 .text.MX_TIM2_Init
                0x080009b0       0x98 ./Core/Src/tim.o
                0x080009b0                MX_TIM2_Init
 .text.MX_TIM3_Init
                0x08000a48       0xb4 ./Core/Src/tim.o
                0x08000a48                MX_TIM3_Init
 .text.HAL_TIM_Base_MspInit
                0x08000afc       0x4c ./Core/Src/tim.o
                0x08000afc                HAL_TIM_Base_MspInit
 .text.HAL_TIM_PWM_MspInit
                0x08000b48       0x90 ./Core/Src/tim.o
                0x08000b48                HAL_TIM_PWM_MspInit
 .text.HAL_TIM_MspPostInit
                0x08000bd8       0x74 ./Core/Src/tim.o
                0x08000bd8                HAL_TIM_MspPostInit
 .text.MX_USART2_UART_Init
                0x08000c4c       0x54 ./Core/Src/usart.o
                0x08000c4c                MX_USART2_UART_Init
 .text.HAL_UART_MspInit
                0x08000ca0       0xa0 ./Core/Src/usart.o
                0x08000ca0                HAL_UART_MspInit
 .text.Reset_Handler
                0x08000d40       0x50 ./Core/Startup/startup_stm32f411retx.o
                0x08000d40                Reset_Handler
 .text.Default_Handler
                0x08000d90        0x2 ./Core/Startup/startup_stm32f411retx.o
                0x08000d90                RTC_Alarm_IRQHandler
                0x08000d90                EXTI2_IRQHandler
                0x08000d90                SPI4_IRQHandler
                0x08000d90                TIM1_CC_IRQHandler
                0x08000d90                DMA2_Stream5_IRQHandler
                0x08000d90                DMA1_Stream5_IRQHandler
                0x08000d90                PVD_IRQHandler
                0x08000d90                SDIO_IRQHandler
                0x08000d90                TAMP_STAMP_IRQHandler
                0x08000d90                EXTI3_IRQHandler
                0x08000d90                TIM1_UP_TIM10_IRQHandler
                0x08000d90                I2C3_ER_IRQHandler
                0x08000d90                EXTI0_IRQHandler
                0x08000d90                I2C2_EV_IRQHandler
                0x08000d90                DMA1_Stream2_IRQHandler
                0x08000d90                FPU_IRQHandler
                0x08000d90                DMA2_Stream2_IRQHandler
                0x08000d90                SPI1_IRQHandler
                0x08000d90                TIM1_BRK_TIM9_IRQHandler
                0x08000d90                DMA2_Stream3_IRQHandler
                0x08000d90                USART6_IRQHandler
                0x08000d90                DMA2_Stream0_IRQHandler
                0x08000d90                TIM4_IRQHandler
                0x08000d90                I2C1_EV_IRQHandler
                0x08000d90                DMA1_Stream6_IRQHandler
                0x08000d90                DMA1_Stream1_IRQHandler
                0x08000d90                TIM3_IRQHandler
                0x08000d90                RCC_IRQHandler
                0x08000d90                Default_Handler
                0x08000d90                ADC_IRQHandler
                0x08000d90                DMA1_Stream7_IRQHandler
                0x08000d90                SPI5_IRQHandler
                0x08000d90                TIM5_IRQHandler
                0x08000d90                DMA2_Stream7_IRQHandler
                0x08000d90                I2C3_EV_IRQHandler
                0x08000d90                EXTI9_5_IRQHandler
                0x08000d90                RTC_WKUP_IRQHandler
                0x08000d90                SPI2_IRQHandler
                0x08000d90                DMA1_Stream0_IRQHandler
                0x08000d90                EXTI4_IRQHandler
                0x08000d90                WWDG_IRQHandler
                0x08000d90                OTG_FS_WKUP_IRQHandler
                0x08000d90                EXTI1_IRQHandler
                0x08000d90                I2C2_ER_IRQHandler
                0x08000d90                DMA2_Stream1_IRQHandler
                0x08000d90                FLASH_IRQHandler
                0x08000d90                DMA2_Stream4_IRQHandler
                0x08000d90                USART1_IRQHandler
                0x08000d90                OTG_FS_IRQHandler
                0x08000d90                SPI3_IRQHandler
                0x08000d90                DMA1_Stream4_IRQHandler
                0x08000d90                I2C1_ER_IRQHandler
                0x08000d90                DMA2_Stream6_IRQHandler
                0x08000d90                DMA1_Stream3_IRQHandler
 *fill*         0x08000d92        0x2 
 .text.HAL_Init
                0x08000d94       0x44 ./Drivers/STM32F4xx_HAL_Driver/Src/stm32f4xx_hal.o
                0x08000d94                HAL_Init
 .text.HAL_IncTick
                0x08000dd8       0x28 ./Drivers/STM32F4xx_HAL_Driver/Src/stm32f4xx_hal.o
                0x08000dd8                HAL_IncTick
 .text.HAL_GetTick
                0x08000e00       0x18 ./Drivers/STM32F4xx_HAL_Driver/Src/stm32f4xx_hal.o
                0x08000e00                HAL_GetTick
 .text.__NVIC_SetPriorityGrouping
                0x08000e18       0x48 ./Drivers/STM32F4xx_HAL_Driver/Src/stm32f4xx_hal_cortex.o
 .text.__NVIC_GetPriorityGrouping
                0x08000e60       0x1c ./Drivers/STM32F4xx_HAL_Driver/Src/stm32f4xx_hal_cortex.o
 .text.__NVIC_EnableIRQ
                0x08000e7c       0x3c ./Drivers/STM32F4xx_HAL_Driver/Src/stm32f4xx_hal_cortex.o
 .text.__NVIC_SetPriority
                0x08000eb8       0x54 ./Drivers/STM32F4xx_HAL_Driver/Src/stm32f4xx_hal_cortex.o
 .text.NVIC_EncodePriority
                0x08000f0c       0x66 ./Drivers/STM32F4xx_HAL_Driver/Src/stm32f4xx_hal_cortex.o
 .text.HAL_NVIC_SetPriorityGrouping
                0x08000f72       0x16 ./Drivers/STM32F4xx_HAL_Driver/Src/stm32f4xx_hal_cortex.o
                0x08000f72                HAL_NVIC_SetPriorityGrouping
 .text.HAL_NVIC_SetPriority
                0x08000f88       0x38 ./Drivers/STM32F4xx_HAL_Driver/Src/stm32f4xx_hal_cortex.o
                0x08000f88                HAL_NVIC_SetPriority
 .text.HAL_NVIC_EnableIRQ
                0x08000fc0       0x1c ./Drivers/STM32F4xx_HAL_Driver/Src/stm32f4xx_hal_cortex.o
                0x08000fc0                HAL_NVIC_EnableIRQ
 .text.HAL_DMA_Abort
                0x08000fdc       0xe0 ./Drivers/STM32F4xx_HAL_Driver/Src/stm32f4xx_hal_dma.o
                0x08000fdc                HAL_DMA_Abort
 .text.HAL_DMA_Abort_IT
                0x080010bc       0x44 ./Drivers/STM32F4xx_HAL_Driver/Src/stm32f4xx_hal_dma.o
                0x080010bc                HAL_DMA_Abort_IT
 .text.HAL_GPIO_Init
                0x08001100      0x308 ./Drivers/STM32F4xx_HAL_Driver/Src/stm32f4xx_hal_gpio.o
                0x08001100                HAL_GPIO_Init
 .text.HAL_GPIO_WritePin
                0x08001408       0x32 ./Drivers/STM32F4xx_HAL_Driver/Src/stm32f4xx_hal_gpio.o
                0x08001408                HAL_GPIO_WritePin
 .text.HAL_GPIO_TogglePin
                0x0800143a       0x34 ./Drivers/STM32F4xx_HAL_Driver/Src/stm32f4xx_hal_gpio.o
                0x0800143a                HAL_GPIO_TogglePin
 *fill*         0x0800146e        0x2 
 .text.HAL_GPIO_EXTI_IRQHandler
                0x08001470       0x30 ./Drivers/STM32F4xx_HAL_Driver/Src/stm32f4xx_hal_gpio.o
                0x08001470                HAL_GPIO_EXTI_IRQHandler
 .text.HAL_RCC_OscConfig
                0x080014a0      0x4f0 ./Drivers/STM32F4xx_HAL_Driver/Src/stm32f4xx_hal_rcc.o
                0x080014a0                HAL_RCC_OscConfig
 .text.HAL_RCC_ClockConfig
                0x08001990      0x1cc ./Drivers/STM32F4xx_HAL_Driver/Src/stm32f4xx_hal_rcc.o
                0x08001990                HAL_RCC_ClockConfig
 .text.HAL_RCC_GetSysClockFreq
                0x08001b5c      0x20c ./Drivers/STM32F4xx_HAL_Driver/Src/stm32f4xx_hal_rcc.o
                0x08001b5c                HAL_RCC_GetSysClockFreq
 .text.HAL_RCC_GetHCLKFreq
                0x08001d68       0x18 ./Drivers/STM32F4xx_HAL_Driver/Src/stm32f4xx_hal_rcc.o
                0x08001d68                HAL_RCC_GetHCLKFreq
 .text.HAL_RCC_GetPCLK1Freq
                0x08001d80       0x28 ./Drivers/STM32F4xx_HAL_Driver/Src/stm32f4xx_hal_rcc.o
                0x08001d80                HAL_RCC_GetPCLK1Freq
 .text.HAL_RCC_GetPCLK2Freq
                0x08001da8       0x28 ./Drivers/STM32F4xx_HAL_Driver/Src/stm32f4xx_hal_rcc.o
                0x08001da8                HAL_RCC_GetPCLK2Freq
 .text.HAL_RCC_GetClockConfig
                0x08001dd0       0x64 ./Drivers/STM32F4xx_HAL_Driver/Src/stm32f4xx_hal_rcc.o
                0x08001dd0                HAL_RCC_GetClockConfig
 .text.HAL_TIM_Base_Init
                0x08001e34       0x9e ./Drivers/STM32F4xx_HAL_Driver/Src/stm32f4xx_hal_tim.o
                0x08001e34                HAL_TIM_Base_Init
 *fill*         0x08001ed2        0x2 
 .text.HAL_TIM_Base_Start_IT
                0x08001ed4       0xc4 ./Drivers/STM32F4xx_HAL_Driver/Src/stm32f4xx_hal_tim.o
                0x08001ed4                HAL_TIM_Base_Start_IT
 .text.HAL_TIM_Base_Stop_IT
                0x08001f98       0x5e ./Drivers/STM32F4xx_HAL_Driver/Src/stm32f4xx_hal_tim.o
                0x08001f98                HAL_TIM_Base_Stop_IT
 .text.HAL_TIM_PWM_Init
                0x08001ff6       0x9e ./Drivers/STM32F4xx_HAL_Driver/Src/stm32f4xx_hal_tim.o
                0x08001ff6                HAL_TIM_PWM_Init
 .text.HAL_TIM_PWM_Start
                0x08002094      0x160 ./Drivers/STM32F4xx_HAL_Driver/Src/stm32f4xx_hal_tim.o
                0x08002094                HAL_TIM_PWM_Start
 .text.HAL_TIM_PWM_Stop
                0x080021f4       0xc8 ./Drivers/STM32F4xx_HAL_Driver/Src/stm32f4xx_hal_tim.o
                0x080021f4                HAL_TIM_PWM_Stop
 .text.HAL_TIM_IRQHandler
                0x080022bc      0x1e0 ./Drivers/STM32F4xx_HAL_Driver/Src/stm32f4xx_hal_tim.o
                0x080022bc                HAL_TIM_IRQHandler
 .text.HAL_TIM_PWM_ConfigChannel
                0x0800249c      0x184 ./Drivers/STM32F4xx_HAL_Driver/Src/stm32f4xx_hal_tim.o
                0x0800249c                HAL_TIM_PWM_ConfigChannel
 .text.HAL_TIM_ConfigClockSource
                0x08002620      0x18e ./Drivers/STM32F4xx_HAL_Driver/Src/stm32f4xx_hal_tim.o
                0x08002620                HAL_TIM_ConfigClockSource
 .text.HAL_TIM_OC_DelayElapsedCallback
                0x080027ae       0x14 ./Drivers/STM32F4xx_HAL_Driver/Src/stm32f4xx_hal_tim.o
                0x080027ae                HAL_TIM_OC_DelayElapsedCallback
 .text.HAL_TIM_IC_CaptureCallback
                0x080027c2       0x14 ./Drivers/STM32F4xx_HAL_Driver/Src/stm32f4xx_hal_tim.o
                0x080027c2                HAL_TIM_IC_CaptureCallback
 .text.HAL_TIM_PWM_PulseFinishedCallback
                0x080027d6       0x14 ./Drivers/STM32F4xx_HAL_Driver/Src/stm32f4xx_hal_tim.o
                0x080027d6                HAL_TIM_PWM_PulseFinishedCallback
 .text.HAL_TIM_TriggerCallback
                0x080027ea       0x14 ./Drivers/STM32F4xx_HAL_Driver/Src/stm32f4xx_hal_tim.o
                0x080027ea                HAL_TIM_TriggerCallback
 *fill*         0x080027fe        0x2 
 .text.TIM_Base_SetConfig
                0x08002800      0x10c ./Drivers/STM32F4xx_HAL_Driver/Src/stm32f4xx_hal_tim.o
                0x08002800                TIM_Base_SetConfig
 .text.TIM_OC1_SetConfig
                0x0800290c       0xcc ./Drivers/STM32F4xx_HAL_Driver/Src/stm32f4xx_hal_tim.o
 .text.TIM_OC2_SetConfig
                0x080029d8       0xd8 ./Drivers/STM32F4xx_HAL_Driver/Src/stm32f4xx_hal_tim.o
                0x080029d8                TIM_OC2_SetConfig
 .text.TIM_OC3_SetConfig
                0x08002ab0       0xd4 ./Drivers/STM32F4xx_HAL_Driver/Src/stm32f4xx_hal_tim.o
 .text.TIM_OC4_SetConfig
                0x08002b84       0xa0 ./Drivers/STM32F4xx_HAL_Driver/Src/stm32f4xx_hal_tim.o
 .text.TIM_TI1_ConfigInputStage
                0x08002c24       0x5e ./Drivers/STM32F4xx_HAL_Driver/Src/stm32f4xx_hal_tim.o
 .text.TIM_TI2_ConfigInputStage
                0x08002c82       0x60 ./Drivers/STM32F4xx_HAL_Driver/Src/stm32f4xx_hal_tim.o
 .text.TIM_ITRx_SetConfig
                0x08002ce2       0x36 ./Drivers/STM32F4xx_HAL_Driver/Src/stm32f4xx_hal_tim.o
 .text.TIM_ETR_SetConfig
                0x08002d18       0x40 ./Drivers/STM32F4xx_HAL_Driver/Src/stm32f4xx_hal_tim.o
                0x08002d18                TIM_ETR_SetConfig
 .text.TIM_CCxChannelCmd
                0x08002d58       0x4a ./Drivers/STM32F4xx_HAL_Driver/Src/stm32f4xx_hal_tim.o
                0x08002d58                TIM_CCxChannelCmd
 *fill*         0x08002da2        0x2 
 .text.HAL_TIMEx_MasterConfigSynchronization
                0x08002da4       0xdc ./Drivers/STM32F4xx_HAL_Driver/Src/stm32f4xx_hal_tim_ex.o
                0x08002da4                HAL_TIMEx_MasterConfigSynchronization
 .text.HAL_TIMEx_CommutCallback
                0x08002e80       0x14 ./Drivers/STM32F4xx_HAL_Driver/Src/stm32f4xx_hal_tim_ex.o
                0x08002e80                HAL_TIMEx_CommutCallback
 .text.HAL_TIMEx_BreakCallback
                0x08002e94       0x14 ./Drivers/STM32F4xx_HAL_Driver/Src/stm32f4xx_hal_tim_ex.o
                0x08002e94                HAL_TIMEx_BreakCallback
 .text.HAL_UART_Init
                0x08002ea8       0xa0 ./Drivers/STM32F4xx_HAL_Driver/Src/stm32f4xx_hal_uart.o
                0x08002ea8                HAL_UART_Init
 .text.HAL_UART_Receive_IT
                0x08002f48       0x4a ./Drivers/STM32F4xx_HAL_Driver/Src/stm32f4xx_hal_uart.o
                0x08002f48                HAL_UART_Receive_IT
 *fill*         0x08002f92        0x2 
 .text.HAL_UART_IRQHandler
                0x08002f94      0x554 ./Drivers/STM32F4xx_HAL_Driver/Src/stm32f4xx_hal_uart.o
                0x08002f94                HAL_UART_IRQHandler
 .text.HAL_UART_TxCpltCallback
                0x080034e8       0x14 ./Drivers/STM32F4xx_HAL_Driver/Src/stm32f4xx_hal_uart.o
                0x080034e8                HAL_UART_TxCpltCallback
 .text.HAL_UART_ErrorCallback
                0x080034fc       0x14 ./Drivers/STM32F4xx_HAL_Driver/Src/stm32f4xx_hal_uart.o
                0x080034fc                HAL_UART_ErrorCallback
 .text.HAL_UARTEx_RxEventCallback
                0x08003510       0x18 ./Drivers/STM32F4xx_HAL_Driver/Src/stm32f4xx_hal_uart.o
                0x08003510                HAL_UARTEx_RxEventCallback
 .text.UART_Start_Receive_IT
                0x08003528       0x74 ./Drivers/STM32F4xx_HAL_Driver/Src/stm32f4xx_hal_uart.o
                0x08003528                UART_Start_Receive_IT
 .text.UART_EndRxTransfer
                0x0800359c       0xc6 ./Drivers/STM32F4xx_HAL_Driver/Src/stm32f4xx_hal_uart.o
 .text.UART_DMAAbortOnError
                0x08003662       0x22 ./Drivers/STM32F4xx_HAL_Driver/Src/stm32f4xx_hal_uart.o
 .text.UART_Transmit_IT
                0x08003684       0xa0 ./Drivers/STM32F4xx_HAL_Driver/Src/stm32f4xx_hal_uart.o
 .text.UART_EndTransmit_IT
                0x08003724       0x30 ./Drivers/STM32F4xx_HAL_Driver/Src/stm32f4xx_hal_uart.o
 .text.UART_Receive_IT
                0x08003754      0x17c ./Drivers/STM32F4xx_HAL_Driver/Src/stm32f4xx_hal_uart.o
 .text.UART_SetConfig
                0x080038d0      0x4e8 ./Drivers/STM32F4xx_HAL_Driver/Src/stm32f4xx_hal_uart.o
 .text.__NVIC_SetPriority
                0x08003db8       0x54 ./Middlewares/Third_Party/FreeRTOS/Source/CMSIS_RTOS_V2/cmsis_os2.o
 .text.SysTick_Handler
                0x08003e0c       0x20 ./Middlewares/Third_Party/FreeRTOS/Source/CMSIS_RTOS_V2/cmsis_os2.o
                0x08003e0c                SysTick_Handler
 .text.SVC_Setup
                0x08003e2c       0x12 ./Middlewares/Third_Party/FreeRTOS/Source/CMSIS_RTOS_V2/cmsis_os2.o
 *fill*         0x08003e3e        0x2 
 .text.osKernelInitialize
                0x08003e40       0x48 ./Middlewares/Third_Party/FreeRTOS/Source/CMSIS_RTOS_V2/cmsis_os2.o
                0x08003e40                osKernelInitialize
 .text.osKernelStart
                0x08003e88       0x4c ./Middlewares/Third_Party/FreeRTOS/Source/CMSIS_RTOS_V2/cmsis_os2.o
                0x08003e88                osKernelStart
 .text.osThreadNew
                0x08003ed4      0x124 ./Middlewares/Third_Party/FreeRTOS/Source/CMSIS_RTOS_V2/cmsis_os2.o
                0x08003ed4                osThreadNew
 .text.osMessageQueueNew
                0x08003ff8       0xe6 ./Middlewares/Third_Party/FreeRTOS/Source/CMSIS_RTOS_V2/cmsis_os2.o
                0x08003ff8                osMessageQueueNew
 *fill*         0x080040de        0x2 
 .text.vApplicationGetIdleTaskMemory
                0x080040e0       0x34 ./Middlewares/Third_Party/FreeRTOS/Source/CMSIS_RTOS_V2/cmsis_os2.o
                0x080040e0                vApplicationGetIdleTaskMemory
 .text.vApplicationGetTimerTaskMemory
                0x08004114       0x34 ./Middlewares/Third_Party/FreeRTOS/Source/CMSIS_RTOS_V2/cmsis_os2.o
                0x08004114                vApplicationGetTimerTaskMemory
 .text.vListInitialise
                0x08004148       0x40 ./Middlewares/Third_Party/FreeRTOS/Source/list.o
                0x08004148                vListInitialise
 .text.vListInitialiseItem
                0x08004188       0x1a ./Middlewares/Third_Party/FreeRTOS/Source/list.o
                0x08004188                vListInitialiseItem
 .text.vListInsertEnd
                0x080041a2       0x48 ./Middlewares/Third_Party/FreeRTOS/Source/list.o
                0x080041a2                vListInsertEnd
 .text.vListInsert
                0x080041ea       0x72 ./Middlewares/Third_Party/FreeRTOS/Source/list.o
                0x080041ea                vListInsert
 .text.uxListRemove
                0x0800425c       0x54 ./Middlewares/Third_Party/FreeRTOS/Source/list.o
                0x0800425c                uxListRemove
 .text.xQueueGenericReset
                0x080042b0       0xd4 ./Middlewares/Third_Party/FreeRTOS/Source/queue.o
                0x080042b0                xQueueGenericReset
 .text.xQueueGenericCreateStatic
                0x08004384       0xfa ./Middlewares/Third_Party/FreeRTOS/Source/queue.o
                0x08004384                xQueueGenericCreateStatic
 .text.xQueueGenericCreate
                0x0800447e       0x76 ./Middlewares/Third_Party/FreeRTOS/Source/queue.o
                0x0800447e                xQueueGenericCreate
 .text.prvInitialiseNewQueue
                0x080044f4       0x46 ./Middlewares/Third_Party/FreeRTOS/Source/queue.o
 *fill*         0x0800453a        0x2 
 .text.xQueueGenericSend
                0x0800453c      0x204 ./Middlewares/Third_Party/FreeRTOS/Source/queue.o
                0x0800453c                xQueueGenericSend
 .text.xQueueGenericSendFromISR
                0x08004740      0x13c ./Middlewares/Third_Party/FreeRTOS/Source/queue.o
                0x08004740                xQueueGenericSendFromISR
 .text.xQueueReceive
                0x0800487c      0x1c4 ./Middlewares/Third_Party/FreeRTOS/Source/queue.o
                0x0800487c                xQueueReceive
 .text.prvCopyDataToQueue
                0x08004a40       0xd4 ./Middlewares/Third_Party/FreeRTOS/Source/queue.o
 .text.prvCopyDataFromQueue
                0x08004b14       0x4c ./Middlewares/Third_Party/FreeRTOS/Source/queue.o
 .text.prvUnlockQueue
                0x08004b60       0xa4 ./Middlewares/Third_Party/FreeRTOS/Source/queue.o
 .text.prvIsQueueEmpty
                0x08004c04       0x2c ./Middlewares/Third_Party/FreeRTOS/Source/queue.o
 .text.prvIsQueueFull
                0x08004c30       0x30 ./Middlewares/Third_Party/FreeRTOS/Source/queue.o
 .text.vQueueAddToRegistry
                0x08004c60       0x54 ./Middlewares/Third_Party/FreeRTOS/Source/queue.o
                0x08004c60                vQueueAddToRegistry
 .text.vQueueWaitForMessageRestricted
                0x08004cb4       0x68 ./Middlewares/Third_Party/FreeRTOS/Source/queue.o
                0x08004cb4                vQueueWaitForMessageRestricted
 .text.xTaskCreateStatic
                0x08004d1c       0xc0 ./Middlewares/Third_Party/FreeRTOS/Source/tasks.o
                0x08004d1c                xTaskCreateStatic
 .text.xTaskCreate
                0x08004ddc       0x8a ./Middlewares/Third_Party/FreeRTOS/Source/tasks.o
                0x08004ddc                xTaskCreate
 *fill*         0x08004e66        0x2 
 .text.prvInitialiseNewTask
                0x08004e68      0x150 ./Middlewares/Third_Party/FreeRTOS/Source/tasks.o
 .text.prvAddNewTaskToReadyList
                0x08004fb8       0xe0 ./Middlewares/Third_Party/FreeRTOS/Source/tasks.o
 .text.vTaskDelayUntil
                0x08005098      0x100 ./Middlewares/Third_Party/FreeRTOS/Source/tasks.o
                0x08005098                vTaskDelayUntil
 .text.vTaskDelay
                0x08005198       0x6c ./Middlewares/Third_Party/FreeRTOS/Source/tasks.o
                0x08005198                vTaskDelay
 .text.vTaskStartScheduler
                0x08005204       0xe0 ./Middlewares/Third_Party/FreeRTOS/Source/tasks.o
                0x08005204                vTaskStartScheduler
 .text.vTaskSuspendAll
                0x080052e4       0x1c ./Middlewares/Third_Party/FreeRTOS/Source/tasks.o
                0x080052e4                vTaskSuspendAll
 .text.xTaskResumeAll
                0x08005300      0x13c ./Middlewares/Third_Party/FreeRTOS/Source/tasks.o
                0x08005300                xTaskResumeAll
 .text.xTaskGetTickCount
                0x0800543c       0x20 ./Middlewares/Third_Party/FreeRTOS/Source/tasks.o
                0x0800543c                xTaskGetTickCount
 .text.xTaskIncrementTick
                0x0800545c      0x174 ./Middlewares/Third_Party/FreeRTOS/Source/tasks.o
                0x0800545c                xTaskIncrementTick
 .text.vTaskSwitchContext
                0x080055d0       0xcc ./Middlewares/Third_Party/FreeRTOS/Source/tasks.o
                0x080055d0                vTaskSwitchContext
 .text.vTaskPlaceOnEventList
                0x0800569c       0x4c ./Middlewares/Third_Party/FreeRTOS/Source/tasks.o
                0x0800569c                vTaskPlaceOnEventList
 .text.vTaskPlaceOnEventListRestricted
                0x080056e8       0x58 ./Middlewares/Third_Party/FreeRTOS/Source/tasks.o
                0x080056e8                vTaskPlaceOnEventListRestricted
 .text.xTaskRemoveFromEventList
                0x08005740       0xc8 ./Middlewares/Third_Party/FreeRTOS/Source/tasks.o
                0x08005740                xTaskRemoveFromEventList
 .text.vTaskInternalSetTimeOutState
                0x08005808       0x2c ./Middlewares/Third_Party/FreeRTOS/Source/tasks.o
                0x08005808                vTaskInternalSetTimeOutState
 .text.xTaskCheckForTimeOut
                0x08005834       0xc8 ./Middlewares/Third_Party/FreeRTOS/Source/tasks.o
                0x08005834                xTaskCheckForTimeOut
 .text.vTaskMissedYield
                0x080058fc       0x18 ./Middlewares/Third_Party/FreeRTOS/Source/tasks.o
                0x080058fc                vTaskMissedYield
 .text.prvIdleTask
                0x08005914       0x30 ./Middlewares/Third_Party/FreeRTOS/Source/tasks.o
 .text.prvInitialiseTaskLists
                0x08005944       0x80 ./Middlewares/Third_Party/FreeRTOS/Source/tasks.o
 .text.prvCheckTasksWaitingTermination
                0x080059c4       0x5c ./Middlewares/Third_Party/FreeRTOS/Source/tasks.o
 .text.prvDeleteTCB
                0x08005a20       0x6a ./Middlewares/Third_Party/FreeRTOS/Source/tasks.o
 *fill*         0x08005a8a        0x2 
 .text.prvResetNextTaskUnblockTime
                0x08005a8c       0x40 ./Middlewares/Third_Party/FreeRTOS/Source/tasks.o
 .text.xTaskGetSchedulerState
                0x08005acc       0x3c ./Middlewares/Third_Party/FreeRTOS/Source/tasks.o
                0x08005acc                xTaskGetSchedulerState
 .text.xTaskPriorityDisinherit
                0x08005b08       0xe0 ./Middlewares/Third_Party/FreeRTOS/Source/tasks.o
                0x08005b08                xTaskPriorityDisinherit
 .text.prvAddCurrentTaskToDelayedList
                0x08005be8       0xa8 ./Middlewares/Third_Party/FreeRTOS/Source/tasks.o
 .text.xTimerCreateTimerTask
                0x08005c90       0x94 ./Middlewares/Third_Party/FreeRTOS/Source/timers.o
                0x08005c90                xTimerCreateTimerTask
 .text.xTimerGenericCommand
                0x08005d24       0x9c ./Middlewares/Third_Party/FreeRTOS/Source/timers.o
                0x08005d24                xTimerGenericCommand
 .text.prvProcessExpiredTimer
                0x08005dc0       0x9c ./Middlewares/Third_Party/FreeRTOS/Source/timers.o
 .text.prvTimerTask
                0x08005e5c       0x26 ./Middlewares/Third_Party/FreeRTOS/Source/timers.o
 *fill*         0x08005e82        0x2 
 .text.prvProcessTimerOrBlockTask
                0x08005e84       0x9c ./Middlewares/Third_Party/FreeRTOS/Source/timers.o
 .text.prvGetNextExpireTime
                0x08005f20       0x48 ./Middlewares/Third_Party/FreeRTOS/Source/timers.o
 .text.prvSampleTimeNow
                0x08005f68       0x40 ./Middlewares/Third_Party/FreeRTOS/Source/timers.o
 .text.prvInsertTimerInActiveList
                0x08005fa8       0x84 ./Middlewares/Third_Party/FreeRTOS/Source/timers.o
 .text.prvProcessReceivedCommands
                0x0800602c      0x1cc ./Middlewares/Third_Party/FreeRTOS/Source/timers.o
 .text.prvSwitchTimerLists
                0x080061f8       0xcc ./Middlewares/Third_Party/FreeRTOS/Source/timers.o
 .text.prvCheckForValidListAndQueue
                0x080062c4       0x80 ./Middlewares/Third_Party/FreeRTOS/Source/timers.o
 .text.pxPortInitialiseStack
                0x08006344       0x68 ./Middlewares/Third_Party/FreeRTOS/Source/portable/GCC/ARM_CM4F/port.o
                0x08006344                pxPortInitialiseStack
 .text.prvTaskExitError
                0x080063ac       0x5c ./Middlewares/Third_Party/FreeRTOS/Source/portable/GCC/ARM_CM4F/port.o
 *fill*         0x08006408        0x8 
 .text.SVC_Handler
                0x08006410       0x28 ./Middlewares/Third_Party/FreeRTOS/Source/portable/GCC/ARM_CM4F/port.o
                0x08006410                SVC_Handler
 .text.prvPortStartFirstTask
                0x08006438       0x28 ./Middlewares/Third_Party/FreeRTOS/Source/portable/GCC/ARM_CM4F/port.o
 .text.xPortStartScheduler
                0x08006460      0x148 ./Middlewares/Third_Party/FreeRTOS/Source/portable/GCC/ARM_CM4F/port.o
                0x08006460                xPortStartScheduler
 .text.vPortEnterCritical
                0x080065a8       0x64 ./Middlewares/Third_Party/FreeRTOS/Source/portable/GCC/ARM_CM4F/port.o
                0x080065a8                vPortEnterCritical
 .text.vPortExitCritical
                0x0800660c       0x54 ./Middlewares/Third_Party/FreeRTOS/Source/portable/GCC/ARM_CM4F/port.o
                0x0800660c                vPortExitCritical
 .text.PendSV_Handler
                0x08006660       0x68 ./Middlewares/Third_Party/FreeRTOS/Source/portable/GCC/ARM_CM4F/port.o
                0x08006660                PendSV_Handler
 .text.xPortSysTickHandler
                0x080066c8       0x44 ./Middlewares/Third_Party/FreeRTOS/Source/portable/GCC/ARM_CM4F/port.o
                0x080066c8                xPortSysTickHandler
 .text.vPortSetupTimerInterrupt
                0x0800670c       0x48 ./Middlewares/Third_Party/FreeRTOS/Source/portable/GCC/ARM_CM4F/port.o
                0x0800670c                vPortSetupTimerInterrupt
 .text.vPortEnableVFP
                0x08006754       0x14 ./Middlewares/Third_Party/FreeRTOS/Source/portable/GCC/ARM_CM4F/port.o
 .text.vPortValidateInterruptPriority
                0x08006768       0x84 ./Middlewares/Third_Party/FreeRTOS/Source/portable/GCC/ARM_CM4F/port.o
                0x08006768                vPortValidateInterruptPriority
 .text.pvPortMalloc
                0x080067ec      0x19c ./Middlewares/Third_Party/FreeRTOS/Source/portable/MemMang/heap_4.o
                0x080067ec                pvPortMalloc
 .text.vPortFree
                0x08006988       0xc8 ./Middlewares/Third_Party/FreeRTOS/Source/portable/MemMang/heap_4.o
                0x08006988                vPortFree
 .text.prvHeapInit
                0x08006a50       0xc4 ./Middlewares/Third_Party/FreeRTOS/Source/portable/MemMang/heap_4.o
 .text.prvInsertBlockIntoFreeList
                0x08006b14       0xb4 ./Middlewares/Third_Party/FreeRTOS/Source/portable/MemMang/heap_4.o
 .text.ap_init  0x08006bc8        0xe ./ap/ap.o
                0x08006bc8                ap_init
 .text.servo_motor_init
                0x08006bd6       0x32 ./ap/module/servo_motor.o
                0x08006bd6                servo_motor_init
 .text.set_servo_motor_cmd
                0x08006c08       0x2e ./ap/module/servo_motor.o
                0x08006c08                set_servo_motor_cmd
 .text.servo_motor_process
                0x08006c36       0x80 ./ap/module/servo_motor.o
                0x08006c36                servo_motor_process
 *fill*         0x08006cb6        0x2 
 .text.stopwatch_init
                0x08006cb8       0x44 ./ap/module/stopwatch.o
                0x08006cb8                stopwatch_init
 .text.stopwatch_start
                0x08006cfc       0x18 ./ap/module/stopwatch.o
                0x08006cfc                stopwatch_start
 .text.stopwatch_pause
                0x08006d14       0x18 ./ap/module/stopwatch.o
                0x08006d14                stopwatch_pause
 .text.stopwatch_stop
                0x08006d2c       0x1c ./ap/module/stopwatch.o
                0x08006d2c                stopwatch_stop
 .text.stopwatch_set_cmd
                0x08006d48       0x20 ./ap/module/stopwatch.o
                0x08006d48                stopwatch_set_cmd
 .text.stopwatch_update
                0x08006d68       0x6c ./ap/module/stopwatch.o
                0x08006d68                stopwatch_update
 .text.stopwatch_process
                0x08006dd4       0x98 ./ap/module/stopwatch.o
                0x08006dd4                stopwatch_process
 .text.uart_cmd_process
                0x08006e6c      0x13c ./ap/module/uart_cmd.o
                0x08006e6c                uart_cmd_process
 .text.HAL_GPIO_EXTI_Callback
                0x08006fa8       0x30 ./hw/driver/button.o
                0x08006fa8                HAL_GPIO_EXTI_Callback
 .text.hw_motor_init
                0x08006fd8       0x24 ./hw/driver/hw_motor.o
                0x08006fd8                hw_motor_init
 .text.hw_motor_start
                0x08006ffc       0x1a ./hw/driver/hw_motor.o
                0x08006ffc                hw_motor_start
 .text.hw_motor_stop
                0x08007016       0x1a ./hw/driver/hw_motor.o
                0x08007016                hw_motor_stop
 .text.angle_to_ccr
                0x08007030       0x40 ./hw/driver/hw_motor.o
 .text.hw_motor_set_angle
                0x08007070       0x2e ./hw/driver/hw_motor.o
                0x08007070                hw_motor_set_angle
 *fill*         0x0800709e        0x2 
 .text.hw_TIM_start
                0x080070a0       0x2c ./hw/driver/hw_tim.o
                0x080070a0                hw_TIM_start
 .text.hw_TIM_stop
                0x080070cc       0x2c ./hw/driver/hw_tim.o
                0x080070cc                hw_TIM_stop
 .text.hw_TIM_pwm_start
                0x080070f8       0x30 ./hw/driver/hw_tim.o
                0x080070f8                hw_TIM_pwm_start
 .text.hw_TIM_pwm_stop
                0x08007128       0x30 ./hw/driver/hw_tim.o
                0x08007128                hw_TIM_pwm_stop
 .text.hw_TIM_pwm_set_ccr
                0x08007158       0x30 ./hw/driver/hw_tim.o
                0x08007158                hw_TIM_pwm_set_ccr
 .text.hw_TIM_PeriodElapsedCallback
                0x08007188       0x38 ./hw/driver/hw_tim.o
                0x08007188                hw_TIM_PeriodElapsedCallback
 .text.led_init
                0x080071c0       0x44 ./hw/driver/led.o
                0x080071c0                led_init
 .text.led_toggle
                0x08007204       0x68 ./hw/driver/led.o
                0x08007204                led_toggle
 .text.uart_init
                0x0800726c        0xe ./hw/driver/uart.o
                0x0800726c                uart_init
 *fill*         0x0800727a        0x2 
 .text.uart_rx_ready
                0x0800727c       0x40 ./hw/driver/uart.o
                0x0800727c                uart_rx_ready
 .text.HAL_UART_RxCpltCallback
                0x080072bc       0x60 ./hw/driver/uart.o
                0x080072bc                HAL_UART_RxCpltCallback
 .text.hw_init  0x0800731c       0x1a ./hw/hw.o
                0x0800731c                hw_init
 *fill*         0x08007336        0x2 
 .text.rtos_init
                0x08007338       0x68 ./rtos/rtos_task.o
                0x08007338                rtos_init
 .text.servo_test_task
                0x080073a0       0xda ./rtos/servo_test.o
                0x080073a0                servo_test_task
 *fill*         0x0800747a        0x2 
 .text.stopwatch_task
                0x0800747c       0x48 ./rtos/stopwatch_task.o
                0x0800747c                stopwatch_task
 .text.uart_cmd_task
                0x080074c4       0x7c ./rtos/uart_cmd_task.o
                0x080074c4                uart_cmd_task
 .text.memset   0x08007540       0x10 C:/ST/STM32CubeIDE_1.16.1/STM32CubeIDE/plugins/com.st.stm32cube.ide.mcu.externaltools.gnu-tools-for-stm32.12.3.rel1.win32_1.0.200.202406191623/tools/bin/../lib/gcc/arm-none-eabi/12.3.1/../../../../arm-none-eabi/lib/thumb/v7e-m+fp/hard\libc_nano.a(libc_a-memset.o)
                0x08007540                memset
 .text.strncmp  0x08007550       0x24 C:/ST/STM32CubeIDE_1.16.1/STM32CubeIDE/plugins/com.st.stm32cube.ide.mcu.externaltools.gnu-tools-for-stm32.12.3.rel1.win32_1.0.200.202406191623/tools/bin/../lib/gcc/arm-none-eabi/12.3.1/../../../../arm-none-eabi/lib/thumb/v7e-m+fp/hard\libc_nano.a(libc_a-strncmp.o)
                0x08007550                strncmp
 .text._reclaim_reent
                0x08007574       0xac C:/ST/STM32CubeIDE_1.16.1/STM32CubeIDE/plugins/com.st.stm32cube.ide.mcu.externaltools.gnu-tools-for-stm32.12.3.rel1.win32_1.0.200.202406191623/tools/bin/../lib/gcc/arm-none-eabi/12.3.1/../../../../arm-none-eabi/lib/thumb/v7e-m+fp/hard\libc_nano.a(libc_a-reent.o)
                0x08007574                _reclaim_reent
 .text.__libc_init_array
                0x08007620       0x48 C:/ST/STM32CubeIDE_1.16.1/STM32CubeIDE/plugins/com.st.stm32cube.ide.mcu.externaltools.gnu-tools-for-stm32.12.3.rel1.win32_1.0.200.202406191623/tools/bin/../lib/gcc/arm-none-eabi/12.3.1/../../../../arm-none-eabi/lib/thumb/v7e-m+fp/hard\libc_nano.a(libc_a-init.o)
                0x08007620                __libc_init_array
 .text.__retarget_lock_acquire_recursive
                0x08007668        0x2 C:/ST/STM32CubeIDE_1.16.1/STM32CubeIDE/plugins/com.st.stm32cube.ide.mcu.externaltools.gnu-tools-for-stm32.12.3.rel1.win32_1.0.200.202406191623/tools/bin/../lib/gcc/arm-none-eabi/12.3.1/../../../../arm-none-eabi/lib/thumb/v7e-m+fp/hard\libc_nano.a(libc_a-lock.o)
                0x08007668                __retarget_lock_acquire_recursive
 .text.__retarget_lock_release_recursive
                0x0800766a        0x2 C:/ST/STM32CubeIDE_1.16.1/STM32CubeIDE/plugins/com.st.stm32cube.ide.mcu.externaltools.gnu-tools-for-stm32.12.3.rel1.win32_1.0.200.202406191623/tools/bin/../lib/gcc/arm-none-eabi/12.3.1/../../../../arm-none-eabi/lib/thumb/v7e-m+fp/hard\libc_nano.a(libc_a-lock.o)
                0x0800766a                __retarget_lock_release_recursive
 .text.memcpy   0x0800766c       0x1c C:/ST/STM32CubeIDE_1.16.1/STM32CubeIDE/plugins/com.st.stm32cube.ide.mcu.externaltools.gnu-tools-for-stm32.12.3.rel1.win32_1.0.200.202406191623/tools/bin/../lib/gcc/arm-none-eabi/12.3.1/../../../../arm-none-eabi/lib/thumb/v7e-m+fp/hard\libc_nano.a(libc_a-memcpy-stub.o)
                0x0800766c                memcpy
 .text._free_r  0x08007688       0x94 C:/ST/STM32CubeIDE_1.16.1/STM32CubeIDE/plugins/com.st.stm32cube.ide.mcu.externaltools.gnu-tools-for-stm32.12.3.rel1.win32_1.0.200.202406191623/tools/bin/../lib/gcc/arm-none-eabi/12.3.1/../../../../arm-none-eabi/lib/thumb/v7e-m+fp/hard\libc_nano.a(libc_a-freer.o)
                0x08007688                _free_r
 .text.__malloc_lock
                0x0800771c        0xc C:/ST/STM32CubeIDE_1.16.1/STM32CubeIDE/plugins/com.st.stm32cube.ide.mcu.externaltools.gnu-tools-for-stm32.12.3.rel1.win32_1.0.200.202406191623/tools/bin/../lib/gcc/arm-none-eabi/12.3.1/../../../../arm-none-eabi/lib/thumb/v7e-m+fp/hard\libc_nano.a(libc_a-mlock.o)
                0x0800771c                __malloc_lock
 .text.__malloc_unlock
                0x08007728        0xc C:/ST/STM32CubeIDE_1.16.1/STM32CubeIDE/plugins/com.st.stm32cube.ide.mcu.externaltools.gnu-tools-for-stm32.12.3.rel1.win32_1.0.200.202406191623/tools/bin/../lib/gcc/arm-none-eabi/12.3.1/../../../../arm-none-eabi/lib/thumb/v7e-m+fp/hard\libc_nano.a(libc_a-mlock.o)
                0x08007728                __malloc_unlock
 *(.glue_7)
 .glue_7        0x08007734        0x0 linker stubs
 *(.glue_7t)
 .glue_7t       0x08007734        0x0 linker stubs
 *(.eh_frame)
 .eh_frame      0x08007734        0x0 C:/ST/STM32CubeIDE_1.16.1/STM32CubeIDE/plugins/com.st.stm32cube.ide.mcu.externaltools.gnu-tools-for-stm32.12.3.rel1.win32_1.0.200.202406191623/tools/bin/../lib/gcc/arm-none-eabi/12.3.1/thumb/v7e-m+fp/hard/crtbegin.o
 *(.init)
 .init          0x08007734        0x4 C:/ST/STM32CubeIDE_1.16.1/STM32CubeIDE/plugins/com.st.stm32cube.ide.mcu.externaltools.gnu-tools-for-stm32.12.3.rel1.win32_1.0.200.202406191623/tools/bin/../lib/gcc/arm-none-eabi/12.3.1/thumb/v7e-m+fp/hard/crti.o
                0x08007734                _init
 .init          0x08007738        0x8 C:/ST/STM32CubeIDE_1.16.1/STM32CubeIDE/plugins/com.st.stm32cube.ide.mcu.externaltools.gnu-tools-for-stm32.12.3.rel1.win32_1.0.200.202406191623/tools/bin/../lib/gcc/arm-none-eabi/12.3.1/thumb/v7e-m+fp/hard/crtn.o
 *(.fini)
 .fini          0x08007740        0x4 C:/ST/STM32CubeIDE_1.16.1/STM32CubeIDE/plugins/com.st.stm32cube.ide.mcu.externaltools.gnu-tools-for-stm32.12.3.rel1.win32_1.0.200.202406191623/tools/bin/../lib/gcc/arm-none-eabi/12.3.1/thumb/v7e-m+fp/hard/crti.o
                0x08007740                _fini
 .fini          0x08007744        0x8 C:/ST/STM32CubeIDE_1.16.1/STM32CubeIDE/plugins/com.st.stm32cube.ide.mcu.externaltools.gnu-tools-for-stm32.12.3.rel1.win32_1.0.200.202406191623/tools/bin/../lib/gcc/arm-none-eabi/12.3.1/thumb/v7e-m+fp/hard/crtn.o
                0x0800774c                        . = ALIGN (0x4)
                0x0800774c                        _etext = .

.vfp11_veneer   0x0800774c        0x0
 .vfp11_veneer  0x0800774c        0x0 linker stubs

.v4_bx          0x0800774c        0x0
 .v4_bx         0x0800774c        0x0 linker stubs

.iplt           0x0800774c        0x0
 .iplt          0x0800774c        0x0 C:/ST/STM32CubeIDE_1.16.1/STM32CubeIDE/plugins/com.st.stm32cube.ide.mcu.externaltools.gnu-tools-for-stm32.12.3.rel1.win32_1.0.200.202406191623/tools/bin/../lib/gcc/arm-none-eabi/12.3.1/thumb/v7e-m+fp/hard/crtbegin.o

.rodata         0x0800774c      0x11c
                0x0800774c                        . = ALIGN (0x4)
 *(.rodata)
 .rodata        0x0800774c       0x2e ./Core/Src/freertos.o
 *fill*         0x0800777a        0x2 
 .rodata        0x0800777c        0x5 ./Middlewares/Third_Party/FreeRTOS/Source/tasks.o
 *fill*         0x08007781        0x3 
 .rodata        0x08007784        0xd ./Middlewares/Third_Party/FreeRTOS/Source/timers.o
 *fill*         0x08007791        0x3 
 .rodata        0x08007794       0x38 ./ap/module/uart_cmd.o
 *(.rodata*)
 .rodata.defaultTask_attributes
                0x080077cc       0x24 ./Core/Src/freertos.o
                0x080077cc                defaultTask_attributes
 .rodata.myTask02_attributes
                0x080077f0       0x24 ./Core/Src/freertos.o
                0x080077f0                myTask02_attributes
 .rodata.myTask03_attributes
                0x08007814       0x24 ./Core/Src/freertos.o
                0x08007814                myTask03_attributes
 .rodata.myQueue01_attributes
                0x08007838       0x18 ./Core/Src/freertos.o
                0x08007838                myQueue01_attributes
 .rodata.AHBPrescTable
                0x08007850       0x10 ./Core/Src/system_stm32f4xx.o
                0x08007850                AHBPrescTable
 .rodata.APBPrescTable
                0x08007860        0x8 ./Core/Src/system_stm32f4xx.o
                0x08007860                APBPrescTable
                0x08007868                        . = ALIGN (0x4)

.ARM.extab      0x08007868        0x0
                0x08007868                        . = ALIGN (0x4)
 *(.ARM.extab* .gnu.linkonce.armextab.*)
                0x08007868                        . = ALIGN (0x4)

.ARM            0x08007868        0x8
                0x08007868                        . = ALIGN (0x4)
                0x08007868                        __exidx_start = .
 *(.ARM.exidx*)
 .ARM.exidx     0x08007868        0x8 C:/ST/STM32CubeIDE_1.16.1/STM32CubeIDE/plugins/com.st.stm32cube.ide.mcu.externaltools.gnu-tools-for-stm32.12.3.rel1.win32_1.0.200.202406191623/tools/bin/../lib/gcc/arm-none-eabi/12.3.1/../../../../arm-none-eabi/lib/thumb/v7e-m+fp/hard\libc_nano.a(libc_a-strcmp.o)
 .ARM.exidx     0x08007870        0x0 C:/ST/STM32CubeIDE_1.16.1/STM32CubeIDE/plugins/com.st.stm32cube.ide.mcu.externaltools.gnu-tools-for-stm32.12.3.rel1.win32_1.0.200.202406191623/tools/bin/../lib/gcc/arm-none-eabi/12.3.1/thumb/v7e-m+fp/hard\libgcc.a(_udivmoddi4.o)
                                  0x8 (size before relaxing)
                0x08007870                        __exidx_end = .
                0x08007870                        . = ALIGN (0x4)

.preinit_array  0x08007870        0x0
                0x08007870                        . = ALIGN (0x4)
                0x08007870                        PROVIDE (__preinit_array_start = .)
 *(.preinit_array*)
                0x08007870                        PROVIDE (__preinit_array_end = .)
                0x08007870                        . = ALIGN (0x4)

.init_array     0x08007870        0x4
                0x08007870                        . = ALIGN (0x4)
                0x08007870                        PROVIDE (__init_array_start = .)
 *(SORT_BY_NAME(.init_array.*))
 *(.init_array*)
 .init_array    0x08007870        0x4 C:/ST/STM32CubeIDE_1.16.1/STM32CubeIDE/plugins/com.st.stm32cube.ide.mcu.externaltools.gnu-tools-for-stm32.12.3.rel1.win32_1.0.200.202406191623/tools/bin/../lib/gcc/arm-none-eabi/12.3.1/thumb/v7e-m+fp/hard/crtbegin.o
                0x08007874                        PROVIDE (__init_array_end = .)
                0x08007874                        . = ALIGN (0x4)

.fini_array     0x08007874        0x4
                0x08007874                        . = ALIGN (0x4)
                [!provide]                        PROVIDE (__fini_array_start = .)
 *(SORT_BY_NAME(.fini_array.*))
 *(.fini_array*)
 .fini_array    0x08007874        0x4 C:/ST/STM32CubeIDE_1.16.1/STM32CubeIDE/plugins/com.st.stm32cube.ide.mcu.externaltools.gnu-tools-for-stm32.12.3.rel1.win32_1.0.200.202406191623/tools/bin/../lib/gcc/arm-none-eabi/12.3.1/thumb/v7e-m+fp/hard/crtbegin.o
                [!provide]                        PROVIDE (__fini_array_end = .)
                0x08007878                        . = ALIGN (0x4)
                0x08007878                        _sidata = LOADADDR (.data)

.rel.dyn        0x08007878        0x0
 .rel.iplt      0x08007878        0x0 C:/ST/STM32CubeIDE_1.16.1/STM32CubeIDE/plugins/com.st.stm32cube.ide.mcu.externaltools.gnu-tools-for-stm32.12.3.rel1.win32_1.0.200.202406191623/tools/bin/../lib/gcc/arm-none-eabi/12.3.1/thumb/v7e-m+fp/hard/crtbegin.o

.data           0x20000000       0x78 load address 0x08007878
                0x20000000                        . = ALIGN (0x4)
                0x20000000                        _sdata = .
 *(.data)
 *(.data*)
 .data.SystemCoreClock
                0x20000000        0x4 ./Core/Src/system_stm32f4xx.o
                0x20000000                SystemCoreClock
 .data.uwTickPrio
                0x20000004        0x4 ./Drivers/STM32F4xx_HAL_Driver/Src/stm32f4xx_hal.o
                0x20000004                uwTickPrio
 .data.uwTickFreq
                0x20000008        0x1 ./Drivers/STM32F4xx_HAL_Driver/Src/stm32f4xx_hal.o
                0x20000008                uwTickFreq
 *fill*         0x20000009        0x3 
 .data.uxCriticalNesting
                0x2000000c        0x4 ./Middlewares/Third_Party/FreeRTOS/Source/portable/GCC/ARM_CM4F/port.o
 .data.inputs   0x20000010        0x2 ./hw/driver/button.o
 *fill*         0x20000012        0x2 
 .data.TIM_ch   0x20000014        0x8 ./hw/driver/hw_tim.o
 .data.led_tdl  0x2000001c        0x8 ./hw/driver/led.o
 .data.uart_tbl
                0x20000024        0x4 ./hw/driver/uart.o
 .data._impure_ptr
                0x20000028        0x4 C:/ST/STM32CubeIDE_1.16.1/STM32CubeIDE/plugins/com.st.stm32cube.ide.mcu.externaltools.gnu-tools-for-stm32.12.3.rel1.win32_1.0.200.202406191623/tools/bin/../lib/gcc/arm-none-eabi/12.3.1/../../../../arm-none-eabi/lib/thumb/v7e-m+fp/hard\libc_nano.a(libc_a-impure.o)
                0x20000028                _impure_ptr
 .data._impure_data
                0x2000002c       0x4c C:/ST/STM32CubeIDE_1.16.1/STM32CubeIDE/plugins/com.st.stm32cube.ide.mcu.externaltools.gnu-tools-for-stm32.12.3.rel1.win32_1.0.200.202406191623/tools/bin/../lib/gcc/arm-none-eabi/12.3.1/../../../../arm-none-eabi/lib/thumb/v7e-m+fp/hard\libc_nano.a(libc_a-impure.o)
                0x2000002c                _impure_data
 *(.RamFunc)
 *(.RamFunc*)
                0x20000078                        . = ALIGN (0x4)
                0x20000078                        _edata = .

.igot.plt       0x20000078        0x0 load address 0x080078f0
 .igot.plt      0x20000078        0x0 C:/ST/STM32CubeIDE_1.16.1/STM32CubeIDE/plugins/com.st.stm32cube.ide.mcu.externaltools.gnu-tools-for-stm32.12.3.rel1.win32_1.0.200.202406191623/tools/bin/../lib/gcc/arm-none-eabi/12.3.1/thumb/v7e-m+fp/hard/crtbegin.o
                0x20000078                        . = ALIGN (0x4)

.bss            0x20000078     0x4cb0 load address 0x080078f0
                0x20000078                        _sbss = .
                0x20000078                        __bss_start__ = _sbss
 *(.bss)
 .bss           0x20000078       0x1c C:/ST/STM32CubeIDE_1.16.1/STM32CubeIDE/plugins/com.st.stm32cube.ide.mcu.externaltools.gnu-tools-for-stm32.12.3.rel1.win32_1.0.200.202406191623/tools/bin/../lib/gcc/arm-none-eabi/12.3.1/thumb/v7e-m+fp/hard/crtbegin.o
 *(.bss*)
 .bss.defaultTaskHandle
                0x20000094        0x4 ./Core/Src/freertos.o
                0x20000094                defaultTaskHandle
 .bss.myTask02Handle
                0x20000098        0x4 ./Core/Src/freertos.o
                0x20000098                myTask02Handle
 .bss.myTask03Handle
                0x2000009c        0x4 ./Core/Src/freertos.o
                0x2000009c                myTask03Handle
 .bss.myQueue01Handle
                0x200000a0        0x4 ./Core/Src/freertos.o
                0x200000a0                myQueue01Handle
 .bss.htim11    0x200000a4       0x48 ./Core/Src/stm32f4xx_hal_timebase_tim.o
                0x200000a4                htim11
 .bss.htim2     0x200000ec       0x48 ./Core/Src/tim.o
                0x200000ec                htim2
 .bss.htim3     0x20000134       0x48 ./Core/Src/tim.o
                0x20000134                htim3
 .bss.huart2    0x2000017c       0x48 ./Core/Src/usart.o
                0x2000017c                huart2
 .bss.uwTick    0x200001c4        0x4 ./Drivers/STM32F4xx_HAL_Driver/Src/stm32f4xx_hal.o
                0x200001c4                uwTick
 .bss.KernelState
                0x200001c8        0x4 ./Middlewares/Third_Party/FreeRTOS/Source/CMSIS_RTOS_V2/cmsis_os2.o
 .bss.Idle_TCB.3
                0x200001cc       0xa8 ./Middlewares/Third_Party/FreeRTOS/Source/CMSIS_RTOS_V2/cmsis_os2.o
 .bss.Idle_Stack.2
                0x20000274      0x200 ./Middlewares/Third_Party/FreeRTOS/Source/CMSIS_RTOS_V2/cmsis_os2.o
 .bss.Timer_TCB.1
                0x20000474       0xa8 ./Middlewares/Third_Party/FreeRTOS/Source/CMSIS_RTOS_V2/cmsis_os2.o
 .bss.Timer_Stack.0
                0x2000051c      0x400 ./Middlewares/Third_Party/FreeRTOS/Source/CMSIS_RTOS_V2/cmsis_os2.o
 .bss.xQueueRegistry
                0x2000091c       0x40 ./Middlewares/Third_Party/FreeRTOS/Source/queue.o
                0x2000091c                xQueueRegistry
 .bss.pxCurrentTCB
                0x2000095c        0x4 ./Middlewares/Third_Party/FreeRTOS/Source/tasks.o
                0x2000095c                pxCurrentTCB
 .bss.pxReadyTasksLists
                0x20000960      0x460 ./Middlewares/Third_Party/FreeRTOS/Source/tasks.o
 .bss.xDelayedTaskList1
                0x20000dc0       0x14 ./Middlewares/Third_Party/FreeRTOS/Source/tasks.o
 .bss.xDelayedTaskList2
                0x20000dd4       0x14 ./Middlewares/Third_Party/FreeRTOS/Source/tasks.o
 .bss.pxDelayedTaskList
                0x20000de8        0x4 ./Middlewares/Third_Party/FreeRTOS/Source/tasks.o
 .bss.pxOverflowDelayedTaskList
                0x20000dec        0x4 ./Middlewares/Third_Party/FreeRTOS/Source/tasks.o
 .bss.xPendingReadyList
                0x20000df0       0x14 ./Middlewares/Third_Party/FreeRTOS/Source/tasks.o
 .bss.xTasksWaitingTermination
                0x20000e04       0x14 ./Middlewares/Third_Party/FreeRTOS/Source/tasks.o
 .bss.uxDeletedTasksWaitingCleanUp
                0x20000e18        0x4 ./Middlewares/Third_Party/FreeRTOS/Source/tasks.o
 .bss.xSuspendedTaskList
                0x20000e1c       0x14 ./Middlewares/Third_Party/FreeRTOS/Source/tasks.o
 .bss.uxCurrentNumberOfTasks
                0x20000e30        0x4 ./Middlewares/Third_Party/FreeRTOS/Source/tasks.o
 .bss.xTickCount
                0x20000e34        0x4 ./Middlewares/Third_Party/FreeRTOS/Source/tasks.o
 .bss.uxTopReadyPriority
                0x20000e38        0x4 ./Middlewares/Third_Party/FreeRTOS/Source/tasks.o
 .bss.xSchedulerRunning
                0x20000e3c        0x4 ./Middlewares/Third_Party/FreeRTOS/Source/tasks.o
 .bss.xPendedTicks
                0x20000e40        0x4 ./Middlewares/Third_Party/FreeRTOS/Source/tasks.o
 .bss.xYieldPending
                0x20000e44        0x4 ./Middlewares/Third_Party/FreeRTOS/Source/tasks.o
 .bss.xNumOfOverflows
                0x20000e48        0x4 ./Middlewares/Third_Party/FreeRTOS/Source/tasks.o
 .bss.uxTaskNumber
                0x20000e4c        0x4 ./Middlewares/Third_Party/FreeRTOS/Source/tasks.o
 .bss.xNextTaskUnblockTime
                0x20000e50        0x4 ./Middlewares/Third_Party/FreeRTOS/Source/tasks.o
 .bss.xIdleTaskHandle
                0x20000e54        0x4 ./Middlewares/Third_Party/FreeRTOS/Source/tasks.o
 .bss.uxSchedulerSuspended
                0x20000e58        0x4 ./Middlewares/Third_Party/FreeRTOS/Source/tasks.o
 .bss.xActiveTimerList1
                0x20000e5c       0x14 ./Middlewares/Third_Party/FreeRTOS/Source/timers.o
 .bss.xActiveTimerList2
                0x20000e70       0x14 ./Middlewares/Third_Party/FreeRTOS/Source/timers.o
 .bss.pxCurrentTimerList
                0x20000e84        0x4 ./Middlewares/Third_Party/FreeRTOS/Source/timers.o
 .bss.pxOverflowTimerList
                0x20000e88        0x4 ./Middlewares/Third_Party/FreeRTOS/Source/timers.o
 .bss.xTimerQueue
                0x20000e8c        0x4 ./Middlewares/Third_Party/FreeRTOS/Source/timers.o
 .bss.xTimerTaskHandle
                0x20000e90        0x4 ./Middlewares/Third_Party/FreeRTOS/Source/timers.o
 .bss.xLastTime.2
                0x20000e94        0x4 ./Middlewares/Third_Party/FreeRTOS/Source/timers.o
 .bss.ucStaticTimerQueueStorage.1
                0x20000e98       0xa0 ./Middlewares/Third_Party/FreeRTOS/Source/timers.o
 .bss.xStaticTimerQueue.0
                0x20000f38       0x50 ./Middlewares/Third_Party/FreeRTOS/Source/timers.o
 .bss.ucMaxSysCallPriority
                0x20000f88        0x1 ./Middlewares/Third_Party/FreeRTOS/Source/portable/GCC/ARM_CM4F/port.o
 *fill*         0x20000f89        0x3 
 .bss.ulMaxPRIGROUPValue
                0x20000f8c        0x4 ./Middlewares/Third_Party/FreeRTOS/Source/portable/GCC/ARM_CM4F/port.o
 .bss.ucHeap    0x20000f90     0x3c00 ./Middlewares/Third_Party/FreeRTOS/Source/portable/MemMang/heap_4.o
 .bss.xStart    0x20004b90        0x8 ./Middlewares/Third_Party/FreeRTOS/Source/portable/MemMang/heap_4.o
 .bss.pxEnd     0x20004b98        0x4 ./Middlewares/Third_Party/FreeRTOS/Source/portable/MemMang/heap_4.o
 .bss.xFreeBytesRemaining
                0x20004b9c        0x4 ./Middlewares/Third_Party/FreeRTOS/Source/portable/MemMang/heap_4.o
 .bss.xMinimumEverFreeBytesRemaining
                0x20004ba0        0x4 ./Middlewares/Third_Party/FreeRTOS/Source/portable/MemMang/heap_4.o
 .bss.xNumberOfSuccessfulAllocations
                0x20004ba4        0x4 ./Middlewares/Third_Party/FreeRTOS/Source/portable/MemMang/heap_4.o
 .bss.xNumberOfSuccessfulFrees
                0x20004ba8        0x4 ./Middlewares/Third_Party/FreeRTOS/Source/portable/MemMang/heap_4.o
 .bss.xBlockAllocatedBit
                0x20004bac        0x4 ./Middlewares/Third_Party/FreeRTOS/Source/portable/MemMang/heap_4.o
 .bss.sw        0x20004bb0        0x5 ./ap/module/stopwatch.o
                0x20004bb0                sw
 .bss.sw_cmd    0x20004bb5        0x1 ./ap/module/stopwatch.o
 .bss.cmd_idx.1
                0x20004bb6        0x1 ./ap/module/uart_cmd.o
 *fill*         0x20004bb7        0x1 
 .bss.cmd_buf.0
                0x20004bb8       0x1e ./ap/module/uart_cmd.o
 .bss.bt0_pressed_falg
                0x20004bd6        0x1 ./hw/driver/button.o
 .bss.ten_ms_flag
                0x20004bd7        0x1 ./hw/driver/hw_tim.o
                0x20004bd7                ten_ms_flag
 .bss.rx_state  0x20004bd8        0x1 ./hw/driver/uart.o
 .bss.rx_1byte  0x20004bd9        0x1 ./hw/driver/uart.o
 *fill*         0x20004bda        0x2 
 .bss.UartRxQueueHandle
                0x20004bdc        0x4 ./rtos/rtos_task.o
                0x20004bdc                UartRxQueueHandle
 .bss.SW_Cmd_QueueHandle
                0x20004be0        0x4 ./rtos/rtos_task.o
                0x20004be0                SW_Cmd_QueueHandle
 .bss.Servo_Cmd_QueueHandle
                0x20004be4        0x4 ./rtos/rtos_task.o
                0x20004be4                Servo_Cmd_QueueHandle
 .bss.__sf      0x20004be8      0x138 C:/ST/STM32CubeIDE_1.16.1/STM32CubeIDE/plugins/com.st.stm32cube.ide.mcu.externaltools.gnu-tools-for-stm32.12.3.rel1.win32_1.0.200.202406191623/tools/bin/../lib/gcc/arm-none-eabi/12.3.1/../../../../arm-none-eabi/lib/thumb/v7e-m+fp/hard\libc_nano.a(libc_a-findfp.o)
                0x20004be8                __sf
 .bss.__lock___malloc_recursive_mutex
                0x20004d20        0x1 C:/ST/STM32CubeIDE_1.16.1/STM32CubeIDE/plugins/com.st.stm32cube.ide.mcu.externaltools.gnu-tools-for-stm32.12.3.rel1.win32_1.0.200.202406191623/tools/bin/../lib/gcc/arm-none-eabi/12.3.1/../../../../arm-none-eabi/lib/thumb/v7e-m+fp/hard\libc_nano.a(libc_a-lock.o)
                0x20004d20                __lock___malloc_recursive_mutex
 *fill*         0x20004d21        0x3 
 .bss.__malloc_free_list
                0x20004d24        0x4 C:/ST/STM32CubeIDE_1.16.1/STM32CubeIDE/plugins/com.st.stm32cube.ide.mcu.externaltools.gnu-tools-for-stm32.12.3.rel1.win32_1.0.200.202406191623/tools/bin/../lib/gcc/arm-none-eabi/12.3.1/../../../../arm-none-eabi/lib/thumb/v7e-m+fp/hard\libc_nano.a(libc_a-mallocr.o)
                0x20004d24                __malloc_free_list
 *(COMMON)
                0x20004d28                        . = ALIGN (0x4)
                0x20004d28                        _ebss = .
                0x20004d28                        __bss_end__ = _ebss

._user_heap_stack
                0x20004d28      0x600 load address 0x080078f0
                0x20004d28                        . = ALIGN (0x8)
                [!provide]                        PROVIDE (end = .)
                0x20004d28                        PROVIDE (_end = .)
                0x20004f28                        . = (. + _Min_Heap_Size)
 *fill*         0x20004d28      0x200 
                0x20005328                        . = (. + _Min_Stack_Size)
 *fill*         0x20004f28      0x400 
                0x20005328                        . = ALIGN (0x8)

/DISCARD/
 libc.a(*)
 libm.a(*)
 libgcc.a(*)

.ARM.attributes
                0x00000000       0x30
 *(.ARM.attributes)
 .ARM.attributes
                0x00000000       0x22 C:/ST/STM32CubeIDE_1.16.1/STM32CubeIDE/plugins/com.st.stm32cube.ide.mcu.externaltools.gnu-tools-for-stm32.12.3.rel1.win32_1.0.200.202406191623/tools/bin/../lib/gcc/arm-none-eabi/12.3.1/thumb/v7e-m+fp/hard/crti.o
 .ARM.attributes
                0x00000022       0x34 C:/ST/STM32CubeIDE_1.16.1/STM32CubeIDE/plugins/com.st.stm32cube.ide.mcu.externaltools.gnu-tools-for-stm32.12.3.rel1.win32_1.0.200.202406191623/tools/bin/../lib/gcc/arm-none-eabi/12.3.1/thumb/v7e-m+fp/hard/crtbegin.o
 .ARM.attributes
                0x00000056       0x34 ./Core/Src/freertos.o
 .ARM.attributes
                0x0000008a       0x34 ./Core/Src/gpio.o
 .ARM.attributes
                0x000000be       0x34 ./Core/Src/main.o
 .ARM.attributes
                0x000000f2       0x34 ./Core/Src/stm32f4xx_hal_msp.o
 .ARM.attributes
                0x00000126       0x34 ./Core/Src/stm32f4xx_hal_timebase_tim.o
 .ARM.attributes
                0x0000015a       0x34 ./Core/Src/stm32f4xx_it.o
 .ARM.attributes
                0x0000018e       0x34 ./Core/Src/system_stm32f4xx.o
 .ARM.attributes
                0x000001c2       0x34 ./Core/Src/tim.o
 .ARM.attributes
                0x000001f6       0x34 ./Core/Src/usart.o
 .ARM.attributes
                0x0000022a       0x21 ./Core/Startup/startup_stm32f411retx.o
 .ARM.attributes
                0x0000024b       0x34 ./Drivers/STM32F4xx_HAL_Driver/Src/stm32f4xx_hal.o
 .ARM.attributes
                0x0000027f       0x34 ./Drivers/STM32F4xx_HAL_Driver/Src/stm32f4xx_hal_cortex.o
 .ARM.attributes
                0x000002b3       0x34 ./Drivers/STM32F4xx_HAL_Driver/Src/stm32f4xx_hal_dma.o
 .ARM.attributes
                0x000002e7       0x34 ./Drivers/STM32F4xx_HAL_Driver/Src/stm32f4xx_hal_gpio.o
 .ARM.attributes
                0x0000031b       0x34 ./Drivers/STM32F4xx_HAL_Driver/Src/stm32f4xx_hal_rcc.o
 .ARM.attributes
                0x0000034f       0x34 ./Drivers/STM32F4xx_HAL_Driver/Src/stm32f4xx_hal_tim.o
 .ARM.attributes
                0x00000383       0x34 ./Drivers/STM32F4xx_HAL_Driver/Src/stm32f4xx_hal_tim_ex.o
 .ARM.attributes
                0x000003b7       0x34 ./Drivers/STM32F4xx_HAL_Driver/Src/stm32f4xx_hal_uart.o
 .ARM.attributes
                0x000003eb       0x34 ./Middlewares/Third_Party/FreeRTOS/Source/CMSIS_RTOS_V2/cmsis_os2.o
 .ARM.attributes
                0x0000041f       0x34 ./Middlewares/Third_Party/FreeRTOS/Source/list.o
 .ARM.attributes
                0x00000453       0x34 ./Middlewares/Third_Party/FreeRTOS/Source/queue.o
 .ARM.attributes
                0x00000487       0x34 ./Middlewares/Third_Party/FreeRTOS/Source/tasks.o
 .ARM.attributes
                0x000004bb       0x34 ./Middlewares/Third_Party/FreeRTOS/Source/timers.o
 .ARM.attributes
                0x000004ef       0x34 ./Middlewares/Third_Party/FreeRTOS/Source/portable/GCC/ARM_CM4F/port.o
 .ARM.attributes
                0x00000523       0x34 ./Middlewares/Third_Party/FreeRTOS/Source/portable/MemMang/heap_4.o
 .ARM.attributes
                0x00000557       0x34 ./ap/ap.o
 .ARM.attributes
                0x0000058b       0x34 ./ap/module/servo_motor.o
 .ARM.attributes
                0x000005bf       0x34 ./ap/module/stopwatch.o
 .ARM.attributes
                0x000005f3       0x34 ./ap/module/uart_cmd.o
 .ARM.attributes
                0x00000627       0x34 ./hw/driver/button.o
 .ARM.attributes
                0x0000065b       0x34 ./hw/driver/hw_motor.o
 .ARM.attributes
                0x0000068f       0x34 ./hw/driver/hw_tim.o
 .ARM.attributes
                0x000006c3       0x34 ./hw/driver/led.o
 .ARM.attributes
                0x000006f7       0x34 ./hw/driver/uart.o
 .ARM.attributes
                0x0000072b       0x34 ./hw/hw.o
 .ARM.attributes
                0x0000075f       0x34 ./rtos/rtos_task.o
 .ARM.attributes
                0x00000793       0x34 ./rtos/servo_test.o
 .ARM.attributes
                0x000007c7       0x34 ./rtos/stopwatch_task.o
 .ARM.attributes
                0x000007fb       0x34 ./rtos/uart_cmd_task.o
 .ARM.attributes
                0x0000082f       0x34 C:/ST/STM32CubeIDE_1.16.1/STM32CubeIDE/plugins/com.st.stm32cube.ide.mcu.externaltools.gnu-tools-for-stm32.12.3.rel1.win32_1.0.200.202406191623/tools/bin/../lib/gcc/arm-none-eabi/12.3.1/../../../../arm-none-eabi/lib/thumb/v7e-m+fp/hard\libc_nano.a(libc_a-findfp.o)
 .ARM.attributes
                0x00000863       0x34 C:/ST/STM32CubeIDE_1.16.1/STM32CubeIDE/plugins/com.st.stm32cube.ide.mcu.externaltools.gnu-tools-for-stm32.12.3.rel1.win32_1.0.200.202406191623/tools/bin/../lib/gcc/arm-none-eabi/12.3.1/../../../../arm-none-eabi/lib/thumb/v7e-m+fp/hard\libc_nano.a(libc_a-memset.o)
 .ARM.attributes
                0x00000897       0x34 C:/ST/STM32CubeIDE_1.16.1/STM32CubeIDE/plugins/com.st.stm32cube.ide.mcu.externaltools.gnu-tools-for-stm32.12.3.rel1.win32_1.0.200.202406191623/tools/bin/../lib/gcc/arm-none-eabi/12.3.1/../../../../arm-none-eabi/lib/thumb/v7e-m+fp/hard\libc_nano.a(libc_a-strncmp.o)
 .ARM.attributes
                0x000008cb       0x34 C:/ST/STM32CubeIDE_1.16.1/STM32CubeIDE/plugins/com.st.stm32cube.ide.mcu.externaltools.gnu-tools-for-stm32.12.3.rel1.win32_1.0.200.202406191623/tools/bin/../lib/gcc/arm-none-eabi/12.3.1/../../../../arm-none-eabi/lib/thumb/v7e-m+fp/hard\libc_nano.a(libc_a-reent.o)
 .ARM.attributes
                0x000008ff       0x34 C:/ST/STM32CubeIDE_1.16.1/STM32CubeIDE/plugins/com.st.stm32cube.ide.mcu.externaltools.gnu-tools-for-stm32.12.3.rel1.win32_1.0.200.202406191623/tools/bin/../lib/gcc/arm-none-eabi/12.3.1/../../../../arm-none-eabi/lib/thumb/v7e-m+fp/hard\libc_nano.a(libc_a-impure.o)
 .ARM.attributes
                0x00000933       0x34 C:/ST/STM32CubeIDE_1.16.1/STM32CubeIDE/plugins/com.st.stm32cube.ide.mcu.externaltools.gnu-tools-for-stm32.12.3.rel1.win32_1.0.200.202406191623/tools/bin/../lib/gcc/arm-none-eabi/12.3.1/../../../../arm-none-eabi/lib/thumb/v7e-m+fp/hard\libc_nano.a(libc_a-init.o)
 .ARM.attributes
                0x00000967       0x34 C:/ST/STM32CubeIDE_1.16.1/STM32CubeIDE/plugins/com.st.stm32cube.ide.mcu.externaltools.gnu-tools-for-stm32.12.3.rel1.win32_1.0.200.202406191623/tools/bin/../lib/gcc/arm-none-eabi/12.3.1/../../../../arm-none-eabi/lib/thumb/v7e-m+fp/hard\libc_nano.a(libc_a-lock.o)
 .ARM.attributes
                0x0000099b       0x20 C:/ST/STM32CubeIDE_1.16.1/STM32CubeIDE/plugins/com.st.stm32cube.ide.mcu.externaltools.gnu-tools-for-stm32.12.3.rel1.win32_1.0.200.202406191623/tools/bin/../lib/gcc/arm-none-eabi/12.3.1/../../../../arm-none-eabi/lib/thumb/v7e-m+fp/hard\libc_nano.a(libc_a-strcmp.o)
 .ARM.attributes
                0x000009bb       0x34 C:/ST/STM32CubeIDE_1.16.1/STM32CubeIDE/plugins/com.st.stm32cube.ide.mcu.externaltools.gnu-tools-for-stm32.12.3.rel1.win32_1.0.200.202406191623/tools/bin/../lib/gcc/arm-none-eabi/12.3.1/../../../../arm-none-eabi/lib/thumb/v7e-m+fp/hard\libc_nano.a(libc_a-memcpy-stub.o)
 .ARM.attributes
                0x000009ef       0x34 C:/ST/STM32CubeIDE_1.16.1/STM32CubeIDE/plugins/com.st.stm32cube.ide.mcu.externaltools.gnu-tools-for-stm32.12.3.rel1.win32_1.0.200.202406191623/tools/bin/../lib/gcc/arm-none-eabi/12.3.1/../../../../arm-none-eabi/lib/thumb/v7e-m+fp/hard\libc_nano.a(libc_a-freer.o)
 .ARM.attributes
                0x00000a23       0x34 C:/ST/STM32CubeIDE_1.16.1/STM32CubeIDE/plugins/com.st.stm32cube.ide.mcu.externaltools.gnu-tools-for-stm32.12.3.rel1.win32_1.0.200.202406191623/tools/bin/../lib/gcc/arm-none-eabi/12.3.1/../../../../arm-none-eabi/lib/thumb/v7e-m+fp/hard\libc_nano.a(libc_a-mallocr.o)
 .ARM.attributes
                0x00000a57       0x34 C:/ST/STM32CubeIDE_1.16.1/STM32CubeIDE/plugins/com.st.stm32cube.ide.mcu.externaltools.gnu-tools-for-stm32.12.3.rel1.win32_1.0.200.202406191623/tools/bin/../lib/gcc/arm-none-eabi/12.3.1/../../../../arm-none-eabi/lib/thumb/v7e-m+fp/hard\libc_nano.a(libc_a-mlock.o)
 .ARM.attributes
                0x00000a8b       0x22 C:/ST/STM32CubeIDE_1.16.1/STM32CubeIDE/plugins/com.st.stm32cube.ide.mcu.externaltools.gnu-tools-for-stm32.12.3.rel1.win32_1.0.200.202406191623/tools/bin/../lib/gcc/arm-none-eabi/12.3.1/thumb/v7e-m+fp/hard\libgcc.a(_aeabi_uldivmod.o)
 .ARM.attributes
                0x00000aad       0x34 C:/ST/STM32CubeIDE_1.16.1/STM32CubeIDE/plugins/com.st.stm32cube.ide.mcu.externaltools.gnu-tools-for-stm32.12.3.rel1.win32_1.0.200.202406191623/tools/bin/../lib/gcc/arm-none-eabi/12.3.1/thumb/v7e-m+fp/hard\libgcc.a(_udivmoddi4.o)
 .ARM.attributes
                0x00000ae1       0x22 C:/ST/STM32CubeIDE_1.16.1/STM32CubeIDE/plugins/com.st.stm32cube.ide.mcu.externaltools.gnu-tools-for-stm32.12.3.rel1.win32_1.0.200.202406191623/tools/bin/../lib/gcc/arm-none-eabi/12.3.1/thumb/v7e-m+fp/hard\libgcc.a(_dvmd_tls.o)
 .ARM.attributes
                0x00000b03       0x22 C:/ST/STM32CubeIDE_1.16.1/STM32CubeIDE/plugins/com.st.stm32cube.ide.mcu.externaltools.gnu-tools-for-stm32.12.3.rel1.win32_1.0.200.202406191623/tools/bin/../lib/gcc/arm-none-eabi/12.3.1/thumb/v7e-m+fp/hard/crtn.o
OUTPUT(stm32f411_RE.elf elf32-littlearm)
LOAD linker stubs
LOAD C:/ST/STM32CubeIDE_1.16.1/STM32CubeIDE/plugins/com.st.stm32cube.ide.mcu.externaltools.gnu-tools-for-stm32.12.3.rel1.win32_1.0.200.202406191623/tools/bin/../lib/gcc/arm-none-eabi/12.3.1/../../../../arm-none-eabi/lib/thumb/v7e-m+fp/hard\libc.a
LOAD C:/ST/STM32CubeIDE_1.16.1/STM32CubeIDE/plugins/com.st.stm32cube.ide.mcu.externaltools.gnu-tools-for-stm32.12.3.rel1.win32_1.0.200.202406191623/tools/bin/../lib/gcc/arm-none-eabi/12.3.1/../../../../arm-none-eabi/lib/thumb/v7e-m+fp/hard\libm.a
LOAD C:/ST/STM32CubeIDE_1.16.1/STM32CubeIDE/plugins/com.st.stm32cube.ide.mcu.externaltools.gnu-tools-for-stm32.12.3.rel1.win32_1.0.200.202406191623/tools/bin/../lib/gcc/arm-none-eabi/12.3.1/thumb/v7e-m+fp/hard\libgcc.a

.debug_info     0x00000000    0x1bbe3
 .debug_info    0x00000000      0x498 ./Core/Src/freertos.o
 .debug_info    0x00000498      0x61f ./Core/Src/gpio.o
 .debug_info    0x00000ab7      0xb8d ./Core/Src/main.o
 .debug_info    0x00001644      0x456 ./Core/Src/stm32f4xx_hal_msp.o
 .debug_info    0x00001a9a      0xb75 ./Core/Src/stm32f4xx_hal_timebase_tim.o
 .debug_info    0x0000260f      0x990 ./Core/Src/stm32f4xx_it.o
 .debug_info    0x00002f9f      0x53e ./Core/Src/system_stm32f4xx.o
 .debug_info    0x000034dd      0xec6 ./Core/Src/tim.o
 .debug_info    0x000043a3      0xb35 ./Core/Src/usart.o
 .debug_info    0x00004ed8       0x30 ./Core/Startup/startup_stm32f411retx.o
 .debug_info    0x00004f08      0x8c4 ./Drivers/STM32F4xx_HAL_Driver/Src/stm32f4xx_hal.o
 .debug_info    0x000057cc      0xcfc ./Drivers/STM32F4xx_HAL_Driver/Src/stm32f4xx_hal_cortex.o
 .debug_info    0x000064c8      0x8e6 ./Drivers/STM32F4xx_HAL_Driver/Src/stm32f4xx_hal_dma.o
 .debug_info    0x00006dae      0x6f9 ./Drivers/STM32F4xx_HAL_Driver/Src/stm32f4xx_hal_gpio.o
 .debug_info    0x000074a7      0x904 ./Drivers/STM32F4xx_HAL_Driver/Src/stm32f4xx_hal_rcc.o
 .debug_info    0x00007dab     0x2996 ./Drivers/STM32F4xx_HAL_Driver/Src/stm32f4xx_hal_tim.o
 .debug_info    0x0000a741     0x14d4 ./Drivers/STM32F4xx_HAL_Driver/Src/stm32f4xx_hal_tim_ex.o
 .debug_info    0x0000bc15     0x2f56 ./Drivers/STM32F4xx_HAL_Driver/Src/stm32f4xx_hal_uart.o
 .debug_info    0x0000eb6b     0x4079 ./Middlewares/Third_Party/FreeRTOS/Source/CMSIS_RTOS_V2/cmsis_os2.o
 .debug_info    0x00012be4      0x2af ./Middlewares/Third_Party/FreeRTOS/Source/list.o
 .debug_info    0x00012e93     0x1b79 ./Middlewares/Third_Party/FreeRTOS/Source/queue.o
 .debug_info    0x00014a0c     0x28c1 ./Middlewares/Third_Party/FreeRTOS/Source/tasks.o
 .debug_info    0x000172cd     0x1b50 ./Middlewares/Third_Party/FreeRTOS/Source/timers.o
 .debug_info    0x00018e1d      0x4de ./Middlewares/Third_Party/FreeRTOS/Source/portable/GCC/ARM_CM4F/port.o
 .debug_info    0x000192fb      0x4d5 ./Middlewares/Third_Party/FreeRTOS/Source/portable/MemMang/heap_4.o
 .debug_info    0x000197d0       0x91 ./ap/ap.o
 .debug_info    0x00019861      0x219 ./ap/module/servo_motor.o
 .debug_info    0x00019a7a      0x236 ./ap/module/stopwatch.o
 .debug_info    0x00019cb0      0x1e0 ./ap/module/uart_cmd.o
 .debug_info    0x00019e90      0x129 ./hw/driver/button.o
 .debug_info    0x00019fb9      0x1a1 ./hw/driver/hw_motor.o
 .debug_info    0x0001a15a      0x80b ./hw/driver/hw_tim.o
 .debug_info    0x0001a965      0x2aa ./hw/driver/led.o
 .debug_info    0x0001ac0f      0x761 ./hw/driver/uart.o
 .debug_info    0x0001b370       0xd9 ./hw/hw.o
 .debug_info    0x0001b449      0x141 ./rtos/rtos_task.o
 .debug_info    0x0001b58a      0x202 ./rtos/servo_test.o
 .debug_info    0x0001b78c      0x1df ./rtos/stopwatch_task.o
 .debug_info    0x0001b96b      0x278 ./rtos/uart_cmd_task.o

.debug_abbrev   0x00000000     0x48a1
 .debug_abbrev  0x00000000      0x183 ./Core/Src/freertos.o
 .debug_abbrev  0x00000183      0x173 ./Core/Src/gpio.o
 .debug_abbrev  0x000002f6      0x262 ./Core/Src/main.o
 .debug_abbrev  0x00000558      0x119 ./Core/Src/stm32f4xx_hal_msp.o
 .debug_abbrev  0x00000671      0x207 ./Core/Src/stm32f4xx_hal_timebase_tim.o
 .debug_abbrev  0x00000878      0x1b1 ./Core/Src/stm32f4xx_it.o
 .debug_abbrev  0x00000a29      0x11a ./Core/Src/system_stm32f4xx.o
 .debug_abbrev  0x00000b43      0x22e ./Core/Src/tim.o
 .debug_abbrev  0x00000d71      0x217 ./Core/Src/usart.o
 .debug_abbrev  0x00000f88       0x24 ./Core/Startup/startup_stm32f411retx.o
 .debug_abbrev  0x00000fac      0x24b ./Drivers/STM32F4xx_HAL_Driver/Src/stm32f4xx_hal.o
 .debug_abbrev  0x000011f7      0x31d ./Drivers/STM32F4xx_HAL_Driver/Src/stm32f4xx_hal_cortex.o
 .debug_abbrev  0x00001514      0x221 ./Drivers/STM32F4xx_HAL_Driver/Src/stm32f4xx_hal_dma.o
 .debug_abbrev  0x00001735      0x1d3 ./Drivers/STM32F4xx_HAL_Driver/Src/stm32f4xx_hal_gpio.o
 .debug_abbrev  0x00001908      0x2b6 ./Drivers/STM32F4xx_HAL_Driver/Src/stm32f4xx_hal_rcc.o
 .debug_abbrev  0x00001bbe      0x28b ./Drivers/STM32F4xx_HAL_Driver/Src/stm32f4xx_hal_tim.o
 .debug_abbrev  0x00001e49      0x296 ./Drivers/STM32F4xx_HAL_Driver/Src/stm32f4xx_hal_tim_ex.o
 .debug_abbrev  0x000020df      0x31b ./Drivers/STM32F4xx_HAL_Driver/Src/stm32f4xx_hal_uart.o
 .debug_abbrev  0x000023fa      0x548 ./Middlewares/Third_Party/FreeRTOS/Source/CMSIS_RTOS_V2/cmsis_os2.o
 .debug_abbrev  0x00002942       0xf5 ./Middlewares/Third_Party/FreeRTOS/Source/list.o
 .debug_abbrev  0x00002a37      0x3b6 ./Middlewares/Third_Party/FreeRTOS/Source/queue.o
 .debug_abbrev  0x00002ded      0x3fe ./Middlewares/Third_Party/FreeRTOS/Source/tasks.o
 .debug_abbrev  0x000031eb      0x368 ./Middlewares/Third_Party/FreeRTOS/Source/timers.o
 .debug_abbrev  0x00003553      0x25c ./Middlewares/Third_Party/FreeRTOS/Source/portable/GCC/ARM_CM4F/port.o
 .debug_abbrev  0x000037af      0x21d ./Middlewares/Third_Party/FreeRTOS/Source/portable/MemMang/heap_4.o
 .debug_abbrev  0x000039cc       0x45 ./ap/ap.o
 .debug_abbrev  0x00003a11      0x107 ./ap/module/servo_motor.o
 .debug_abbrev  0x00003b18      0x137 ./ap/module/stopwatch.o
 .debug_abbrev  0x00003c4f      0x110 ./ap/module/uart_cmd.o
 .debug_abbrev  0x00003d5f       0xad ./hw/driver/button.o
 .debug_abbrev  0x00003e0c       0xce ./hw/driver/hw_motor.o
 .debug_abbrev  0x00003eda      0x1f6 ./hw/driver/hw_tim.o
 .debug_abbrev  0x000040d0      0x155 ./hw/driver/led.o
 .debug_abbrev  0x00004225      0x1ce ./hw/driver/uart.o
 .debug_abbrev  0x000043f3       0x89 ./hw/hw.o
 .debug_abbrev  0x0000447c       0xc4 ./rtos/rtos_task.o
 .debug_abbrev  0x00004540       0xed ./rtos/servo_test.o
 .debug_abbrev  0x0000462d      0x14b ./rtos/stopwatch_task.o
 .debug_abbrev  0x00004778      0x129 ./rtos/uart_cmd_task.o

.debug_aranges  0x00000000     0x1780
 .debug_aranges
                0x00000000       0x38 ./Core/Src/freertos.o
 .debug_aranges
                0x00000038       0x20 ./Core/Src/gpio.o
 .debug_aranges
                0x00000058       0x38 ./Core/Src/main.o
 .debug_aranges
                0x00000090       0x20 ./Core/Src/stm32f4xx_hal_msp.o
 .debug_aranges
                0x000000b0       0x30 ./Core/Src/stm32f4xx_hal_timebase_tim.o
 .debug_aranges
                0x000000e0       0x68 ./Core/Src/stm32f4xx_it.o
 .debug_aranges
                0x00000148       0x28 ./Core/Src/system_stm32f4xx.o
 .debug_aranges
                0x00000170       0x50 ./Core/Src/tim.o
 .debug_aranges
                0x000001c0       0x30 ./Core/Src/usart.o
 .debug_aranges
                0x000001f0       0x28 ./Core/Startup/startup_stm32f411retx.o
 .debug_aranges
                0x00000218       0xf0 ./Drivers/STM32F4xx_HAL_Driver/Src/stm32f4xx_hal.o
 .debug_aranges
                0x00000308      0x130 ./Drivers/STM32F4xx_HAL_Driver/Src/stm32f4xx_hal_cortex.o
 .debug_aranges
                0x00000438       0x90 ./Drivers/STM32F4xx_HAL_Driver/Src/stm32f4xx_hal_dma.o
 .debug_aranges
                0x000004c8       0x58 ./Drivers/STM32F4xx_HAL_Driver/Src/stm32f4xx_hal_gpio.o
 .debug_aranges
                0x00000520       0x88 ./Drivers/STM32F4xx_HAL_Driver/Src/stm32f4xx_hal_rcc.o
 .debug_aranges
                0x000005a8      0x3d0 ./Drivers/STM32F4xx_HAL_Driver/Src/stm32f4xx_hal_tim.o
 .debug_aranges
                0x00000978      0x168 ./Drivers/STM32F4xx_HAL_Driver/Src/stm32f4xx_hal_tim_ex.o
 .debug_aranges
                0x00000ae0      0x208 ./Drivers/STM32F4xx_HAL_Driver/Src/stm32f4xx_hal_uart.o
 .debug_aranges
                0x00000ce8      0x2b0 ./Middlewares/Third_Party/FreeRTOS/Source/CMSIS_RTOS_V2/cmsis_os2.o
 .debug_aranges
                0x00000f98       0x40 ./Middlewares/Third_Party/FreeRTOS/Source/list.o
 .debug_aranges
                0x00000fd8      0x158 ./Middlewares/Third_Party/FreeRTOS/Source/queue.o
 .debug_aranges
                0x00001130      0x208 ./Middlewares/Third_Party/FreeRTOS/Source/tasks.o
 .debug_aranges
                0x00001338       0xf0 ./Middlewares/Third_Party/FreeRTOS/Source/timers.o
 .debug_aranges
                0x00001428       0x80 ./Middlewares/Third_Party/FreeRTOS/Source/portable/GCC/ARM_CM4F/port.o
 .debug_aranges
                0x000014a8       0x58 ./Middlewares/Third_Party/FreeRTOS/Source/portable/MemMang/heap_4.o
 .debug_aranges
                0x00001500       0x20 ./ap/ap.o
 .debug_aranges
                0x00001520       0x30 ./ap/module/servo_motor.o
 .debug_aranges
                0x00001550       0x50 ./ap/module/stopwatch.o
 .debug_aranges
                0x000015a0       0x20 ./ap/module/uart_cmd.o
 .debug_aranges
                0x000015c0       0x28 ./hw/driver/button.o
 .debug_aranges
                0x000015e8       0x40 ./hw/driver/hw_motor.o
 .debug_aranges
                0x00001628       0x48 ./hw/driver/hw_tim.o
 .debug_aranges
                0x00001670       0x38 ./hw/driver/led.o
 .debug_aranges
                0x000016a8       0x38 ./hw/driver/uart.o
 .debug_aranges
                0x000016e0       0x20 ./hw/hw.o
 .debug_aranges
                0x00001700       0x20 ./rtos/rtos_task.o
 .debug_aranges
                0x00001720       0x20 ./rtos/servo_test.o
 .debug_aranges
                0x00001740       0x20 ./rtos/stopwatch_task.o
 .debug_aranges
                0x00001760       0x20 ./rtos/uart_cmd_task.o

.debug_rnglists
                0x00000000     0x11e2
 .debug_rnglists
                0x00000000       0x25 ./Core/Src/freertos.o
 .debug_rnglists
                0x00000025       0x14 ./Core/Src/gpio.o
 .debug_rnglists
                0x00000039       0x26 ./Core/Src/main.o
 .debug_rnglists
                0x0000005f       0x13 ./Core/Src/stm32f4xx_hal_msp.o
 .debug_rnglists
                0x00000072       0x20 ./Core/Src/stm32f4xx_hal_timebase_tim.o
 .debug_rnglists
                0x00000092       0x49 ./Core/Src/stm32f4xx_it.o
 .debug_rnglists
                0x000000db       0x1a ./Core/Src/system_stm32f4xx.o
 .debug_rnglists
                0x000000f5       0x3a ./Core/Src/tim.o
 .debug_rnglists
                0x0000012f       0x20 ./Core/Src/usart.o
 .debug_rnglists
                0x0000014f       0x19 ./Core/Startup/startup_stm32f411retx.o
 .debug_rnglists
                0x00000168       0xaf ./Drivers/STM32F4xx_HAL_Driver/Src/stm32f4xx_hal.o
 .debug_rnglists
                0x00000217       0xe0 ./Drivers/STM32F4xx_HAL_Driver/Src/stm32f4xx_hal_cortex.o
 .debug_rnglists
                0x000002f7       0x70 ./Drivers/STM32F4xx_HAL_Driver/Src/stm32f4xx_hal_dma.o
 .debug_rnglists
                0x00000367       0x3f ./Drivers/STM32F4xx_HAL_Driver/Src/stm32f4xx_hal_gpio.o
 .debug_rnglists
                0x000003a6       0x66 ./Drivers/STM32F4xx_HAL_Driver/Src/stm32f4xx_hal_rcc.o
 .debug_rnglists
                0x0000040c      0x31a ./Drivers/STM32F4xx_HAL_Driver/Src/stm32f4xx_hal_tim.o
 .debug_rnglists
                0x00000726      0x125 ./Drivers/STM32F4xx_HAL_Driver/Src/stm32f4xx_hal_tim_ex.o
 .debug_rnglists
                0x0000084b      0x1bc ./Drivers/STM32F4xx_HAL_Driver/Src/stm32f4xx_hal_uart.o
 .debug_rnglists
                0x00000a07      0x212 ./Middlewares/Third_Party/FreeRTOS/Source/CMSIS_RTOS_V2/cmsis_os2.o
 .debug_rnglists
                0x00000c19       0x2b ./Middlewares/Third_Party/FreeRTOS/Source/list.o
 .debug_rnglists
                0x00000c44      0x109 ./Middlewares/Third_Party/FreeRTOS/Source/queue.o
 .debug_rnglists
                0x00000d4d      0x1a0 ./Middlewares/Third_Party/FreeRTOS/Source/tasks.o
 .debug_rnglists
                0x00000eed       0xb8 ./Middlewares/Third_Party/FreeRTOS/Source/timers.o
 .debug_rnglists
                0x00000fa5       0x5d ./Middlewares/Third_Party/FreeRTOS/Source/portable/GCC/ARM_CM4F/port.o
 .debug_rnglists
                0x00001002       0x42 ./Middlewares/Third_Party/FreeRTOS/Source/portable/MemMang/heap_4.o
 .debug_rnglists
                0x00001044       0x13 ./ap/ap.o
 .debug_rnglists
                0x00001057       0x20 ./ap/module/servo_motor.o
 .debug_rnglists
                0x00001077       0x38 ./ap/module/stopwatch.o
 .debug_rnglists
                0x000010af       0x14 ./ap/module/uart_cmd.o
 .debug_rnglists
                0x000010c3       0x19 ./hw/driver/button.o
 .debug_rnglists
                0x000010dc       0x2b ./hw/driver/hw_motor.o
 .debug_rnglists
                0x00001107       0x31 ./hw/driver/hw_tim.o
 .debug_rnglists
                0x00001138       0x25 ./hw/driver/led.o
 .debug_rnglists
                0x0000115d       0x25 ./hw/driver/uart.o
 .debug_rnglists
                0x00001182       0x13 ./hw/hw.o
 .debug_rnglists
                0x00001195       0x13 ./rtos/rtos_task.o
 .debug_rnglists
                0x000011a8       0x14 ./rtos/servo_test.o
 .debug_rnglists
                0x000011bc       0x13 ./rtos/stopwatch_task.o
 .debug_rnglists
                0x000011cf       0x13 ./rtos/uart_cmd_task.o

.debug_macro    0x00000000    0x1cce8
 .debug_macro   0x00000000      0x46b ./Core/Src/freertos.o
 .debug_macro   0x0000046b      0xab4 ./Core/Src/freertos.o
 .debug_macro   0x00000f1f      0x189 ./Core/Src/freertos.o
 .debug_macro   0x000010a8       0x22 ./Core/Src/freertos.o
 .debug_macro   0x000010ca       0x8e ./Core/Src/freertos.o
 .debug_macro   0x00001158       0x51 ./Core/Src/freertos.o
 .debug_macro   0x000011a9      0x103 ./Core/Src/freertos.o
 .debug_macro   0x000012ac       0x6a ./Core/Src/freertos.o
 .debug_macro   0x00001316      0x1df ./Core/Src/freertos.o
 .debug_macro   0x000014f5      0x16f ./Core/Src/freertos.o
 .debug_macro   0x00001664      0x15a ./Core/Src/freertos.o
 .debug_macro   0x000017be       0xc9 ./Core/Src/freertos.o
 .debug_macro   0x00001887       0x1c ./Core/Src/freertos.o
 .debug_macro   0x000018a3       0x26 ./Core/Src/freertos.o
 .debug_macro   0x000018c9       0x61 ./Core/Src/freertos.o
 .debug_macro   0x0000192a       0x2a ./Core/Src/freertos.o
 .debug_macro   0x00001954       0x43 ./Core/Src/freertos.o
 .debug_macro   0x00001997       0x34 ./Core/Src/freertos.o
 .debug_macro   0x000019cb       0x16 ./Core/Src/freertos.o
 .debug_macro   0x000019e1       0x43 ./Core/Src/freertos.o
 .debug_macro   0x00001a24       0x34 ./Core/Src/freertos.o
 .debug_macro   0x00001a58       0x10 ./Core/Src/freertos.o
 .debug_macro   0x00001a68       0x58 ./Core/Src/freertos.o
 .debug_macro   0x00001ac0       0x8e ./Core/Src/freertos.o
 .debug_macro   0x00001b4e       0x1c ./Core/Src/freertos.o
 .debug_macro   0x00001b6a      0x177 ./Core/Src/freertos.o
 .debug_macro   0x00001ce1       0x10 ./Core/Src/freertos.o
 .debug_macro   0x00001cf1       0x35 ./Core/Src/freertos.o
 .debug_macro   0x00001d26      0x4bf ./Core/Src/freertos.o
 .debug_macro   0x000021e5       0xb5 ./Core/Src/freertos.o
 .debug_macro   0x0000229a       0xaa ./Core/Src/freertos.o
 .debug_macro   0x00002344      0x29b ./Core/Src/freertos.o
 .debug_macro   0x000025df       0x2e ./Core/Src/freertos.o
 .debug_macro   0x0000260d       0x28 ./Core/Src/freertos.o
 .debug_macro   0x00002635       0x1c ./Core/Src/freertos.o
 .debug_macro   0x00002651       0x22 ./Core/Src/freertos.o
 .debug_macro   0x00002673       0xfb ./Core/Src/freertos.o
 .debug_macro   0x0000276e     0x1011 ./Core/Src/freertos.o
 .debug_macro   0x0000377f      0x11f ./Core/Src/freertos.o
 .debug_macro   0x0000389e     0xb968 ./Core/Src/freertos.o
 .debug_macro   0x0000f206       0x6d ./Core/Src/freertos.o
 .debug_macro   0x0000f273     0x3693 ./Core/Src/freertos.o
 .debug_macro   0x00012906       0x5c ./Core/Src/freertos.o
 .debug_macro   0x00012962      0x45c ./Core/Src/freertos.o
 .debug_macro   0x00012dbe      0x9e9 ./Core/Src/freertos.o
 .debug_macro   0x000137a7      0x115 ./Core/Src/freertos.o
 .debug_macro   0x000138bc      0x11b ./Core/Src/freertos.o
 .debug_macro   0x000139d7       0xa5 ./Core/Src/freertos.o
 .debug_macro   0x00013a7c      0x15f ./Core/Src/freertos.o
 .debug_macro   0x00013bdb      0x287 ./Core/Src/freertos.o
 .debug_macro   0x00013e62       0x5f ./Core/Src/freertos.o
 .debug_macro   0x00013ec1      0x236 ./Core/Src/freertos.o
 .debug_macro   0x000140f7      0x132 ./Core/Src/freertos.o
 .debug_macro   0x00014229      0x264 ./Core/Src/freertos.o
 .debug_macro   0x0001448d       0x2e ./Core/Src/freertos.o
 .debug_macro   0x000144bb      0x127 ./Core/Src/freertos.o
 .debug_macro   0x000145e2       0x85 ./Core/Src/freertos.o
 .debug_macro   0x00014667       0x89 ./Core/Src/freertos.o
 .debug_macro   0x000146f0      0x8ed ./Core/Src/freertos.o
 .debug_macro   0x00014fdd       0x47 ./Core/Src/freertos.o