Archive member included to satisfy reference by file (symbol)

C:/ST/STM32CubeIDE_1.16.1/STM32CubeIDE/plugins/com.st.stm32cube.ide.mcu.externaltools.gnu-tools-for-stm32.12.3.rel1.win32_1.0.200.202406191623/tools/bin/../lib/gcc/arm-none-eabi/12.3.1/../../../../arm-none-eabi/lib/thumb/v7e-m+fp/hard\libc_nano.a(libc_a-exit.o)
                              C:/ST/STM32CubeIDE_1.16.1/STM32CubeIDE/plugins/com.st.stm32cube.ide.mcu.externaltools.gnu-tools-for-stm32.12.3.rel1.win32_1.0.200.202406191623/tools/bin/../lib/gcc/arm-none-eabi/12.3.1/../../../../arm-none-eabi/lib/thumb/v7e-m+fp/hard/crt0.o (exit)
C:/ST/STM32CubeIDE_1.16.1/STM32CubeIDE/plugins/com.st.stm32cube.ide.mcu.externaltools.gnu-tools-for-stm32.12.3.rel1.win32_1.0.200.202406191623/tools/bin/../lib/gcc/arm-none-eabi/12.3.1/../../../../arm-none-eabi/lib/thumb/v7e-m+fp/hard\libc_nano.a(libc_a-findfp.o)
                              ./Middlewares/Third_Party/FreeRTOS/Source/tasks.o (__sf)
C:/ST/STM32CubeIDE_1.16.1/STM32CubeIDE/plugins/com.st.stm32cube.ide.mcu.externaltools.gnu-tools-for-stm32.12.3.rel1.win32_1.0.200.202406191623/tools/bin/../lib/gcc/arm-none-eabi/12.3.1/../../../../arm-none-eabi/lib/thumb/v7e-m+fp/hard\libc_nano.a(libc_a-fwalk.o)
                              C:/ST/STM32CubeIDE_1.16.1/STM32CubeIDE/plugins/com.st.stm32cube.ide.mcu.externaltools.gnu-tools-for-stm32.12.3.rel1.win32_1.0.200.202406191623/tools/bin/../lib/gcc/arm-none-eabi/12.3.1/../../../../arm-none-eabi/lib/thumb/v7e-m+fp/hard\libc_nano.a(libc_a-findfp.o) (_fwalk_sglue)
C:/ST/STM32CubeIDE_1.16.1/STM32CubeIDE/plugins/com.st.stm32cube.ide.mcu.externaltools.gnu-tools-for-stm32.12.3.rel1.win32_1.0.200.202406191623/tools/bin/../lib/gcc/arm-none-eabi/12.3.1/../../../../arm-none-eabi/lib/thumb/v7e-m+fp/hard\libc_nano.a(libc_a-stdio.o)
                              C:/ST/STM32CubeIDE_1.16.1/STM32CubeIDE/plugins/com.st.stm32cube.ide.mcu.externaltools.gnu-tools-for-stm32.12.3.rel1.win32_1.0.200.202406191623/tools/bin/../lib/gcc/arm-none-eabi/12.3.1/../../../../arm-none-eabi/lib/thumb/v7e-m+fp/hard\libc_nano.a(libc_a-findfp.o) (__sread)
C:/ST/STM32CubeIDE_1.16.1/STM32CubeIDE/plugins/com.st.stm32cube.ide.mcu.externaltools.gnu-tools-for-stm32.12.3.rel1.win32_1.0.200.202406191623/tools/bin/../lib/gcc/arm-none-eabi/12.3.1/../../../../arm-none-eabi/lib/thumb/v7e-m+fp/hard\libc_nano.a(libc_a-memset.o)
                              C:/ST/STM32CubeIDE_1.16.1/STM32CubeIDE/plugins/com.st.stm32cube.ide.mcu.externaltools.gnu-tools-for-stm32.12.3.rel1.win32_1.0.200.202406191623/tools/bin/../lib/gcc/arm-none-eabi/12.3.1/../../../../arm-none-eabi/lib/thumb/v7e-m+fp/hard/crt0.o (memset)
C:/ST/STM32CubeIDE_1.16.1/STM32CubeIDE/plugins/com.st.stm32cube.ide.mcu.externaltools.gnu-tools-for-stm32.12.3.rel1.win32_1.0.200.202406191623/tools/bin/../lib/gcc/arm-none-eabi/12.3.1/../../../../arm-none-eabi/lib/thumb/v7e-m+fp/hard\libc_nano.a(libc_a-closer.o)
                              C:/ST/STM32CubeIDE_1.16.1/STM32CubeIDE/plugins/com.st.stm32cube.ide.mcu.externaltools.gnu-tools-for-stm32.12.3.rel1.win32_1.0.200.202406191623/tools/bin/../lib/gcc/arm-none-eabi/12.3.1/../../../../arm-none-eabi/lib/thumb/v7e-m+fp/hard\libc_nano.a(libc_a-stdio.o) (_close_r)
C:/ST/STM32CubeIDE_1.16.1/STM32CubeIDE/plugins/com.st.stm32cube.ide.mcu.externaltools.gnu-tools-for-stm32.12.3.rel1.win32_1.0.200.202406191623/tools/bin/../lib/gcc/arm-none-eabi/12.3.1/../../../../arm-none-eabi/lib/thumb/v7e-m+fp/hard\libc_nano.a(libc_a-reent.o)
                              ./Middlewares/Third_Party/FreeRTOS/Source/tasks.o (_reclaim_reent)
C:/ST/STM32CubeIDE_1.16.1/STM32CubeIDE/plugins/com.st.stm32cube.ide.mcu.externaltools.gnu-tools-for-stm32.12.3.rel1.win32_1.0.200.202406191623/tools/bin/../lib/gcc/arm-none-eabi/12.3.1/../../../../arm-none-eabi/lib/thumb/v7e-m+fp/hard\libc_nano.a(libc_a-impure.o)
                              ./Middlewares/Third_Party/FreeRTOS/Source/tasks.o (_impure_ptr)
C:/ST/STM32CubeIDE_1.16.1/STM32CubeIDE/plugins/com.st.stm32cube.ide.mcu.externaltools.gnu-tools-for-stm32.12.3.rel1.win32_1.0.200.202406191623/tools/bin/../lib/gcc/arm-none-eabi/12.3.1/../../../../arm-none-eabi/lib/thumb/v7e-m+fp/hard\libc_nano.a(libc_a-lseekr.o)
                              C:/ST/STM32CubeIDE_1.16.1/STM32CubeIDE/plugins/com.st.stm32cube.ide.mcu.externaltools.gnu-tools-for-stm32.12.3.rel1.win32_1.0.200.202406191623/tools/bin/../lib/gcc/arm-none-eabi/12.3.1/../../../../arm-none-eabi/lib/thumb/v7e-m+fp/hard\libc_nano.a(libc_a-stdio.o) (_lseek_r)
C:/ST/STM32CubeIDE_1.16.1/STM32CubeIDE/plugins/com.st.stm32cube.ide.mcu.externaltools.gnu-tools-for-stm32.12.3.rel1.win32_1.0.200.202406191623/tools/bin/../lib/gcc/arm-none-eabi/12.3.1/../../../../arm-none-eabi/lib/thumb/v7e-m+fp/hard\libc_nano.a(libc_a-readr.o)
[...]
Memory Configuration

Name             Origin             Length             Attributes
RAM              0x20000000         0x00020000         xrw
FLASH            0x08000000         0x00080000         xr
*default*        0x00000000         0xffffffff

Linker script and memory map

LOAD C:/ST/STM32CubeIDE_1.16.1/STM32CubeIDE/plugins/com.st.stm32cube.ide.mcu.externaltools.gnu-tools-for-stm32.12.3.rel1.win32_1.0.200.202406191623/tools/bin/../lib/gcc/arm-none-eabi/12.3.1/thumb/v7e-m+fp/hard/crti.o
LOAD C:/ST/STM32CubeIDE_1.16.1/STM32CubeIDE/plugins/com.st.stm32cube.ide.mcu.externaltools.gnu-tools-for-stm32.12.3.rel1.win32_1.0.200.202406191623/tools/bin/../lib/gcc/arm-none-eabi/12.3.1/thumb/v7e-m+fp/hard/crtbegin.o
LOAD C:/ST/STM32CubeIDE_1.16.1/STM32CubeIDE/plugins/com.st.stm32cube.ide.mcu.externaltools.gnu-tools-for-stm32.12.3.rel1.win32_1.0.200.202406191623/tools/bin/../lib/gcc/arm-none-eabi/12.3.1/../../../../arm-none-eabi/lib/thumb/v7e-m+fp/hard/crt0.o
LOAD ./Core/Src/freertos.o
LOAD ./Core/Src/gpio.o
LOAD ./Core/Src/main.o
LOAD ./Core/Src/stm32f4xx_hal_msp.o
LOAD ./Core/Src/stm32f4xx_hal_timebase_tim.o
LOAD ./Core/Src/stm32f4xx_it.o
LOAD ./Core/Src/syscalls.o
LOAD ./Core/Src/sysmem.o
LOAD ./Core/Src/system_stm32f4xx.o
LOAD ./Core/Src/tim.o
LOAD ./Core/Src/usart.o
LOAD ./Core/Startup/startup_stm32f411retx.o
LOAD ./Drivers/STM32F4xx_HAL_Driver/Src/stm32f4xx_hal.o
LOAD ./Drivers/STM32F4xx_HAL_Driver/Src/stm32f4xx_hal_cortex.o
LOAD ./Drivers/STM32F4xx_HAL_Driver/Src/stm32f4xx_hal_dma.o
LOAD ./Drivers/STM32F4xx_HAL_Driver/Src/stm32f4xx_hal_dma_ex.o
LOAD ./Drivers/STM32F4xx_HAL_Driver/Src/stm32f4xx_hal_exti.o
LOAD ./Drivers/STM32F4xx_HAL_Driver/Src/stm32f4xx_hal_flash.o
LOAD ./Drivers/STM32F4xx_HAL_Driver/Src/stm32f4xx_hal_flash_ex.o
LOAD ./Drivers/STM32F4xx_HAL_Driver/Src/stm32f4xx_hal_flash_ramfunc.o
LOAD ./Drivers/STM32F4xx_HAL_Driver/Src/stm32f4xx_hal_gpio.o
LOAD ./Drivers/STM32F4xx_HAL_Driver/Src/stm32f4xx_hal_pwr.o
LOAD ./Drivers/STM32F4xx_HAL_Driver/Src/stm32f4xx_hal_pwr_ex.o
LOAD ./Drivers/STM32F4xx_HAL_Driver/Src/stm32f4xx_hal_rcc.o
LOAD ./Drivers/STM32F4xx_HAL_Driver/Src/stm32f4xx_hal_rcc_ex.o
LOAD ./Drivers/STM32F4xx_HAL_Driver/Src/stm32f4xx_hal_tim.o
LOAD ./Drivers/STM32F4xx_HAL_Driver/Src/stm32f4xx_hal_tim_ex.o
LOAD ./Drivers/STM32F4xx_HAL_Driver/Src/stm32f4xx_hal_uart.o
LOAD ./Middlewares/Third_Party/FreeRTOS/Source/CMSIS_RTOS_V2/cmsis_os2.o
LOAD ./Middlewares/Third_Party/FreeRTOS/Source/croutine.o
LOAD ./Middlewares/Third_Party/FreeRTOS/Source/event_groups.o
LOAD ./Middlewares/Third_Party/FreeRTOS/Source/list.o
LOAD ./Middlewares/Third_Party/FreeRTOS/Source/queue.o
LOAD ./Middlewares/Third_Party/FreeRTOS/Source/stream_buffer.o
LOAD ./Middlewares/Third_Party/FreeRTOS/Source/tasks.o
LOAD ./Middlewares/Third_Party/FreeRTOS/Source/timers.o
LOAD ./Middlewares/Third_Party/FreeRTOS/Source/portable/GCC/ARM_CM4F/port.o
LOAD ./Middlewares/Third_Party/FreeRTOS/Source/portable/MemMang/heap_4.o
LOAD ./ap/ap.o
LOAD ./ap/module/stopwatch.o
LOAD ./hw/driver/button.o
LOAD ./hw/driver/hw_tim.o
LOAD ./hw/driver/led.o
LOAD ./hw/hw.o
LOAD ./scheduler/stopwatch_task.o
START GROUP
LOAD C:/ST/STM32CubeIDE_1.16.1/STM32CubeIDE/plugins/com.st.stm32cube.ide.mcu.externaltools.gnu-tools-for-stm32.12.3.rel1.win32_1.0.200.202406191623/tools/bin/../lib/gcc/arm-none-eabi/12.3.1/../../../../arm-none-eabi/lib/thumb/v7e-m+fp/hard\libc_nano.a
LOAD C:/ST/STM32CubeIDE_1.16.1/STM32CubeIDE/plugins/com.st.stm32cube.ide.mcu.externaltools.gnu-tools-for-stm32.12.3.rel1.win32_1.0.200.202406191623/tools/bin/../lib/gcc/arm-none-eabi/12.3.1/../../../../arm-none-eabi/lib/thumb/v7e-m+fp/hard\libm.a
END GROUP
START GROUP
LOAD C:/ST/STM32CubeIDE_1.16.1/STM32CubeIDE/plugins/com.st.stm32cube.ide.mcu.externaltools.gnu-tools-for-stm32.12.3.rel1.win32_1.0.200.202406191623/tools/bin/../lib/gcc/arm-none-eabi/12.3.1/thumb/v7e-m+fp/hard\libgcc.a
LOAD C:/ST/STM32CubeIDE_1.16.1/STM32CubeIDE/plugins/com.st.stm32cube.ide.mcu.externaltools.gnu-tools-for-stm32.12.3.rel1.win32_1.0.200.202406191623/tools/bin/../lib/gcc/arm-none-eabi/12.3.1/../../../../arm-none-eabi/lib/thumb/v7e-m+fp/hard\libc_nano.a
END GROUP
START GROUP
LOAD C:/ST/STM32CubeIDE_1.16.1/STM32CubeIDE/plugins/com.st.stm32cube.ide.mcu.externaltools.gnu-tools-for-stm32.12.3.rel1.win32_1.0.200.202406191623/tools/bin/../lib/gcc/arm-none-eabi/12.3.1/thumb/v7e-m+fp/hard\libgcc.a
LOAD C:/ST/STM32CubeIDE_1.16.1/STM32CubeIDE/plugins/com.st.stm32cube.ide.mcu.externaltools.gnu-tools-for-stm32.12.3.rel1.win32_1.0.200.202406191623/tools/bin/../lib/gcc/arm-none-eabi/12.3.1/../../../../arm-none-eabi/lib/thumb/v7e-m+fp/hard\libc_nano.a
LOAD C:/ST/STM32CubeIDE_1.16.1/STM32CubeIDE/plugins/com.st.stm32cube.ide.mcu.externaltools.gnu-tools-for-stm32.12.3.rel1.win32_1.0.200.202406191623/tools/bin/../lib/gcc/arm-none-eabi/12.3.1/../../../../arm-none-eabi/lib/thumb/v7e-m+fp/hard\libnosys.a
END GROUP
START GROUP
LOAD C:/ST/STM32CubeIDE_1.16.1/STM32CubeIDE/plugins/com.st.stm32cube.ide.mcu.externaltools.gnu-tools-for-stm32.12.3.rel1.win32_1.0.200.202406191623/tools/bin/../lib/gcc/arm-none-eabi/12.3.1/thumb/v7e-m+fp/hard\libgcc.a
LOAD C:/ST/STM32CubeIDE_1.16.1/STM32CubeIDE/plugins/com.st.stm32cube.ide.mcu.externaltools.gnu-tools-for-stm32.12.3.rel1.win32_1.0.200.202406191623/tools/bin/../lib/gcc/arm-none-eabi/12.3.1/../../../../arm-none-eabi/lib/thumb/v7e-m+fp/hard\libc_nano.a
LOAD C:/ST/STM32CubeIDE_1.16.1/STM32CubeIDE/plugins/com.st.stm32cube.ide.mcu.externaltools.gnu-tools-for-stm32.12.3.rel1.win32_1.0.200.202406191623/tools/bin/../lib/gcc/arm-none-eabi/12.3.1/../../../../arm-none-eabi/lib/thumb/v7e-m+fp/hard\libnosys.a
END GROUP
LOAD C:/ST/STM32CubeIDE_1.16.1/STM32CubeIDE/plugins/com.st.stm32cube.ide.mcu.externaltools.gnu-tools-for-stm32.12.3.rel1.win32_1.0.200.202406191623/tools/bin/../lib/gcc/arm-none-eabi/12.3.1/thumb/v7e-m+fp/hard/crtend.o
LOAD C:/ST/STM32CubeIDE_1.16.1/STM32CubeIDE/plugins/com.st.stm32cube.ide.mcu.externaltools.gnu-tools-for-stm32.12.3.rel1.win32_1.0.200.202406191623/tools/bin/../lib/gcc/arm-none-eabi/12.3.1/thumb/v7e-m+fp/hard/crtn.o
                0x20020000                        _estack = (ORIGIN (RAM) + LENGTH (RAM))
                0x00000200                        _Min_Heap_Size = 0x200
                0x00000400                        _Min_Stack_Size = 0x400

.isr_vector     0x08000000      0x198
                0x08000000                        . = ALIGN (0x4)
 *(.isr_vector)
 .isr_vector    0x08000000      0x198 ./Core/Startup/startup_stm32f411retx.o
                0x08000000                g_pfnVectors
                0x08000198                        . = ALIGN (0x4)

.text           0x080001a0     0x5b10
                0x080001a0                        . = ALIGN (0x4)
 *(.text)
 .text          0x080001a0       0x40 C:/ST/STM32CubeIDE_1.16.1/STM32CubeIDE/plugins/com.st.stm32cube.ide.mcu.externaltools.gnu-tools-for-stm32.12.3.rel1.win32_1.0.200.202406191623/tools/bin/../lib/gcc/arm-none-eabi/12.3.1/thumb/v7e-m+fp/hard/crtbegin.o
 .text          0x080001e0       0x30 C:/ST/STM32CubeIDE_1.16.1/STM32CubeIDE/plugins/com.st.stm32cube.ide.mcu.externaltools.gnu-tools-for-stm32.12.3.rel1.win32_1.0.200.202406191623/tools/bin/../lib/gcc/arm-none-eabi/12.3.1/thumb/v7e-m+fp/hard\libgcc.a(_aeabi_uldivmod.o)
                0x080001e0                __aeabi_uldivmod
 .text          0x08000210      0x2bc C:/ST/STM32CubeIDE_1.16.1/STM32CubeIDE/plugins/com.st.stm32cube.ide.mcu.externaltools.gnu-tools-for-stm32.12.3.rel1.win32_1.0.200.202406191623/tools/bin/../lib/gcc/arm-none-eabi/12.3.1/thumb/v7e-m+fp/hard\libgcc.a(_udivmoddi4.o)
                0x08000210                __udivmoddi4
 .text          0x080004cc        0x4 C:/ST/STM32CubeIDE_1.16.1/STM32CubeIDE/plugins/com.st.stm32cube.ide.mcu.externaltools.gnu-tools-for-stm32.12.3.rel1.win32_1.0.200.202406191623/tools/bin/../lib/gcc/arm-none-eabi/12.3.1/thumb/v7e-m+fp/hard\libgcc.a(_dvmd_tls.o)
                0x080004cc                __aeabi_idiv0
                0x080004cc                __aeabi_ldiv0
 *(.text*)
 .text.MX_FREERTOS_Init
                0x080004d0       0x58 ./Core/Src/freertos.o
                0x080004d0                MX_FREERTOS_Init
 .text.StartDefaultTask
                0x08000528       0x10 ./Core/Src/freertos.o
                0x08000528                StartDefaultTask
 .text.uart     0x08000538       0x10 ./Core/Src/freertos.o
                0x08000538                uart
 .text.MX_GPIO_Init
                0x08000548       0xec ./Core/Src/gpio.o
                0x08000548                MX_GPIO_Init
 .text.main     0x08000634       0x30 ./Core/Src/main.o
                0x08000634                main
 .text.SystemClock_Config
                0x08000664       0xd0 ./Core/Src/main.o
                0x08000664                SystemClock_Config
 .text.HAL_TIM_PeriodElapsedCallback
                0x08000734       0x28 ./Core/Src/main.o
                0x08000734                HAL_TIM_PeriodElapsedCallback
 .text.Error_Handler
                0x0800075c        0xc ./Core/Src/main.o
                0x0800075c                Error_Handler
 .text.HAL_MspInit
                0x08000768       0x58 ./Core/Src/stm32f4xx_hal_msp.o
                0x08000768                HAL_MspInit
 .text.HAL_InitTick
                0x080007c0       0xe4 ./Core/Src/stm32f4xx_hal_timebase_tim.o
                0x080007c0                HAL_InitTick
 .text.NMI_Handler
                0x080008a4        0x8 ./Core/Src/stm32f4xx_it.o
                0x080008a4                NMI_Handler
 .text.HardFault_Handler
                0x080008ac        0x8 ./Core/Src/stm32f4xx_it.o
                0x080008ac                HardFault_Handler
 .text.MemManage_Handler
                0x080008b4        0x8 ./Core/Src/stm32f4xx_it.o
                0x080008b4                MemManage_Handler
 .text.BusFault_Handler
                0x080008bc        0x8 ./Core/Src/stm32f4xx_it.o
                0x080008bc                BusFault_Handler
 .text.UsageFault_Handler
                0x080008c4        0x8 ./Core/Src/stm32f4xx_it.o
                0x080008c4                UsageFault_Handler
 .text.DebugMon_Handler
                0x080008cc        0xe ./Core/Src/stm32f4xx_it.o
                0x080008cc                DebugMon_Handler
 *fill*         0x080008da        0x2 
 .text.TIM1_TRG_COM_TIM11_IRQHandler
                0x080008dc       0x14 ./Core/Src/stm32f4xx_it.o
                0x080008dc                TIM1_TRG_COM_TIM11_IRQHandler
 .text.TIM2_IRQHandler
                0x080008f0       0x14 ./Core/Src/stm32f4xx_it.o
                0x080008f0                TIM2_IRQHandler
 .text.EXTI15_10_IRQHandler
                0x08000904       0x10 ./Core/Src/stm32f4xx_it.o
                0x08000904                EXTI15_10_IRQHandler
 .text.SystemInit
                0x08000914       0x24 ./Core/Src/system_stm32f4xx.o
                0x08000914                SystemInit
 .text.MX_TIM2_Init
                0x08000938       0x98 ./Core/Src/tim.o
                0x08000938                MX_TIM2_Init
 .text.HAL_TIM_Base_MspInit
                0x080009d0       0x4c ./Core/Src/tim.o
                0x080009d0                HAL_TIM_Base_MspInit
 .text.MX_USART2_UART_Init
                0x08000a1c       0x54 ./Core/Src/usart.o
                0x08000a1c                MX_USART2_UART_Init
 .text.HAL_UART_MspInit
                0x08000a70       0x90 ./Core/Src/usart.o
                0x08000a70                HAL_UART_MspInit
 .text.Reset_Handler
                0x08000b00       0x50 ./Core/Startup/startup_stm32f411retx.o
                0x08000b00                Reset_Handler
 .text.Default_Handler
                0x08000b50        0x2 ./Core/Startup/startup_stm32f411retx.o
                0x08000b50                RTC_Alarm_IRQHandler
                0x08000b50                EXTI2_IRQHandler
                0x08000b50                SPI4_IRQHandler
                0x08000b50                TIM1_CC_IRQHandler
                0x08000b50                DMA2_Stream5_IRQHandler
                0x08000b50                DMA1_Stream5_IRQHandler
                0x08000b50                PVD_IRQHandler
                0x08000b50                SDIO_IRQHandler
                0x08000b50                TAMP_STAMP_IRQHandler
                0x08000b50                EXTI3_IRQHandler
                0x08000b50                TIM1_UP_TIM10_IRQHandler
                0x08000b50                I2C3_ER_IRQHandler
                0x08000b50                EXTI0_IRQHandler
                0x08000b50                I2C2_EV_IRQHandler
                0x08000b50                DMA1_Stream2_IRQHandler
                0x08000b50                FPU_IRQHandler
                0x08000b50                DMA2_Stream2_IRQHandler
                0x08000b50                SPI1_IRQHandler
                0x08000b50                TIM1_BRK_TIM9_IRQHandler
                0x08000b50                DMA2_Stream3_IRQHandler
                0x08000b50                USART6_IRQHandler
                0x08000b50                DMA2_Stream0_IRQHandler
                0x08000b50                TIM4_IRQHandler
                0x08000b50                I2C1_EV_IRQHandler
                0x08000b50                DMA1_Stream6_IRQHandler
                0x08000b50                DMA1_Stream1_IRQHandler
                0x08000b50                TIM3_IRQHandler
                0x08000b50                RCC_IRQHandler
                0x08000b50                Default_Handler
                0x08000b50                ADC_IRQHandler
                0x08000b50                DMA1_Stream7_IRQHandler
                0x08000b50                SPI5_IRQHandler
                0x08000b50                TIM5_IRQHandler
                0x08000b50                DMA2_Stream7_IRQHandler
                0x08000b50                I2C3_EV_IRQHandler
                0x08000b50                EXTI9_5_IRQHandler
                0x08000b50                RTC_WKUP_IRQHandler
                0x08000b50                SPI2_IRQHandler
                0x08000b50                DMA1_Stream0_IRQHandler
                0x08000b50                EXTI4_IRQHandler
                0x08000b50                WWDG_IRQHandler
                0x08000b50                OTG_FS_WKUP_IRQHandler
                0x08000b50                EXTI1_IRQHandler
                0x08000b50                USART2_IRQHandler
                0x08000b50                I2C2_ER_IRQHandler
                0x08000b50                DMA2_Stream1_IRQHandler
                0x08000b50                FLASH_IRQHandler
                0x08000b50                DMA2_Stream4_IRQHandler
                0x08000b50                USART1_IRQHandler
                0x08000b50                OTG_FS_IRQHandler
                0x08000b50                SPI3_IRQHandler
                0x08000b50                DMA1_Stream4_IRQHandler
                0x08000b50                I2C1_ER_IRQHandler
                0x08000b50                DMA2_Stream6_IRQHandler
                0x08000b50                DMA1_Stream3_IRQHandler
 *fill*         0x08000b52        0x2 
 .text.HAL_Init
                0x08000b54       0x44 ./Drivers/STM32F4xx_HAL_Driver/Src/stm32f4xx_hal.o
                0x08000b54                HAL_Init
 .text.HAL_IncTick
                0x08000b98       0x28 ./Drivers/STM32F4xx_HAL_Driver/Src/stm32f4xx_hal.o
                0x08000b98                HAL_IncTick
 .text.HAL_GetTick
                0x08000bc0       0x18 ./Drivers/STM32F4xx_HAL_Driver/Src/stm32f4xx_hal.o
                0x08000bc0                HAL_GetTick
 .text.__NVIC_SetPriorityGrouping
                0x08000bd8       0x48 ./Drivers/STM32F4xx_HAL_Driver/Src/stm32f4xx_hal_cortex.o
 .text.__NVIC_GetPriorityGrouping
                0x08000c20       0x1c ./Drivers/STM32F4xx_HAL_Driver/Src/stm32f4xx_hal_cortex.o
 .text.__NVIC_EnableIRQ
                0x08000c3c       0x3c ./Drivers/STM32F4xx_HAL_Driver/Src/stm32f4xx_hal_cortex.o
 .text.__NVIC_SetPriority
                0x08000c78       0x54 ./Drivers/STM32F4xx_HAL_Driver/Src/stm32f4xx_hal_cortex.o
 .text.NVIC_EncodePriority
                0x08000ccc       0x66 ./Drivers/STM32F4xx_HAL_Driver/Src/stm32f4xx_hal_cortex.o
 .text.HAL_NVIC_SetPriorityGrouping
                0x08000d32       0x16 ./Drivers/STM32F4xx_HAL_Driver/Src/stm32f4xx_hal_cortex.o
                0x08000d32                HAL_NVIC_SetPriorityGrouping
 .text.HAL_NVIC_SetPriority
                0x08000d48       0x38 ./Drivers/STM32F4xx_HAL_Driver/Src/stm32f4xx_hal_cortex.o
                0x08000d48                HAL_NVIC_SetPriority
 .text.HAL_NVIC_EnableIRQ
                0x08000d80       0x1c ./Drivers/STM32F4xx_HAL_Driver/Src/stm32f4xx_hal_cortex.o
                0x08000d80                HAL_NVIC_EnableIRQ
 .text.HAL_GPIO_Init
                0x08000d9c      0x308 ./Drivers/STM32F4xx_HAL_Driver/Src/stm32f4xx_hal_gpio.o
                0x08000d9c                HAL_GPIO_Init
 .text.HAL_GPIO_WritePin
                0x080010a4       0x32 ./Drivers/STM32F4xx_HAL_Driver/Src/stm32f4xx_hal_gpio.o
                0x080010a4                HAL_GPIO_WritePin
 .text.HAL_GPIO_TogglePin
                0x080010d6       0x34 ./Drivers/STM32F4xx_HAL_Driver/Src/stm32f4xx_hal_gpio.o
                0x080010d6                HAL_GPIO_TogglePin
 *fill*         0x0800110a        0x2 
 .text.HAL_GPIO_EXTI_IRQHandler
                0x0800110c       0x30 ./Drivers/STM32F4xx_HAL_Driver/Src/stm32f4xx_hal_gpio.o
                0x0800110c                HAL_GPIO_EXTI_IRQHandler
 .text.HAL_RCC_OscConfig
                0x0800113c      0x4f0 ./Drivers/STM32F4xx_HAL_Driver/Src/stm32f4xx_hal_rcc.o
                0x0800113c                HAL_RCC_OscConfig
 .text.HAL_RCC_ClockConfig
                0x0800162c      0x1cc ./Drivers/STM32F4xx_HAL_Driver/Src/stm32f4xx_hal_rcc.o
                0x0800162c                HAL_RCC_ClockConfig
 .text.HAL_RCC_GetSysClockFreq
                0x080017f8      0x20c ./Drivers/STM32F4xx_HAL_Driver/Src/stm32f4xx_hal_rcc.o
                0x080017f8                HAL_RCC_GetSysClockFreq
 .text.HAL_RCC_GetHCLKFreq
                0x08001a04       0x18 ./Drivers/STM32F4xx_HAL_Driver/Src/stm32f4xx_hal_rcc.o
                0x08001a04                HAL_RCC_GetHCLKFreq
 .text.HAL_RCC_GetPCLK1Freq
                0x08001a1c       0x28 ./Drivers/STM32F4xx_HAL_Driver/Src/stm32f4xx_hal_rcc.o
                0x08001a1c                HAL_RCC_GetPCLK1Freq
 .text.HAL_RCC_GetPCLK2Freq
                0x08001a44       0x28 ./Drivers/STM32F4xx_HAL_Driver/Src/stm32f4xx_hal_rcc.o
                0x08001a44                HAL_RCC_GetPCLK2Freq
 .text.HAL_RCC_GetClockConfig
                0x08001a6c       0x64 ./Drivers/STM32F4xx_HAL_Driver/Src/stm32f4xx_hal_rcc.o
                0x08001a6c                HAL_RCC_GetClockConfig
 .text.HAL_TIM_Base_Init
                0x08001ad0       0x9e ./Drivers/STM32F4xx_HAL_Driver/Src/stm32f4xx_hal_tim.o
                0x08001ad0                HAL_TIM_Base_Init
 *fill*         0x08001b6e        0x2 
 .text.HAL_TIM_Base_Start_IT
                0x08001b70       0xc4 ./Drivers/STM32F4xx_HAL_Driver/Src/stm32f4xx_hal_tim.o
                0x08001b70                HAL_TIM_Base_Start_IT
 .text.HAL_TIM_Base_Stop_IT
                0x08001c34       0x5e ./Drivers/STM32F4xx_HAL_Driver/Src/stm32f4xx_hal_tim.o
                0x08001c34                HAL_TIM_Base_Stop_IT
 .text.HAL_TIM_IRQHandler
                0x08001c92      0x1e0 ./Drivers/STM32F4xx_HAL_Driver/Src/stm32f4xx_hal_tim.o
                0x08001c92                HAL_TIM_IRQHandler
 .text.HAL_TIM_ConfigClockSource
                0x08001e72      0x18e ./Drivers/STM32F4xx_HAL_Driver/Src/stm32f4xx_hal_tim.o
                0x08001e72                HAL_TIM_ConfigClockSource
 .text.HAL_TIM_OC_DelayElapsedCallback
                0x08002000       0x14 ./Drivers/STM32F4xx_HAL_Driver/Src/stm32f4xx_hal_tim.o
                0x08002000                HAL_TIM_OC_DelayElapsedCallback
 .text.HAL_TIM_IC_CaptureCallback
                0x08002014       0x14 ./Drivers/STM32F4xx_HAL_Driver/Src/stm32f4xx_hal_tim.o
                0x08002014                HAL_TIM_IC_CaptureCallback
 .text.HAL_TIM_PWM_PulseFinishedCallback
                0x08002028       0x14 ./Drivers/STM32F4xx_HAL_Driver/Src/stm32f4xx_hal_tim.o
                0x08002028                HAL_TIM_PWM_PulseFinishedCallback
 .text.HAL_TIM_TriggerCallback
                0x0800203c       0x14 ./Drivers/STM32F4xx_HAL_Driver/Src/stm32f4xx_hal_tim.o
                0x0800203c                HAL_TIM_TriggerCallback
 .text.TIM_Base_SetConfig
                0x08002050      0x10c ./Drivers/STM32F4xx_HAL_Driver/Src/stm32f4xx_hal_tim.o
                0x08002050                TIM_Base_SetConfig
 .text.TIM_TI1_ConfigInputStage
                0x0800215c       0x5e ./Drivers/STM32F4xx_HAL_Driver/Src/stm32f4xx_hal_tim.o
 .text.TIM_TI2_ConfigInputStage
                0x080021ba       0x60 ./Drivers/STM32F4xx_HAL_Driver/Src/stm32f4xx_hal_tim.o
 .text.TIM_ITRx_SetConfig
                0x0800221a       0x36 ./Drivers/STM32F4xx_HAL_Driver/Src/stm32f4xx_hal_tim.o
 .text.TIM_ETR_SetConfig
                0x08002250       0x40 ./Drivers/STM32F4xx_HAL_Driver/Src/stm32f4xx_hal_tim.o
                0x08002250                TIM_ETR_SetConfig
 .text.HAL_TIMEx_MasterConfigSynchronization
                0x08002290       0xdc ./Drivers/STM32F4xx_HAL_Driver/Src/stm32f4xx_hal_tim_ex.o
                0x08002290                HAL_TIMEx_MasterConfigSynchronization
 .text.HAL_TIMEx_CommutCallback
                0x0800236c       0x14 ./Drivers/STM32F4xx_HAL_Driver/Src/stm32f4xx_hal_tim_ex.o
                0x0800236c                HAL_TIMEx_CommutCallback
 .text.HAL_TIMEx_BreakCallback
                0x08002380       0x14 ./Drivers/STM32F4xx_HAL_Driver/Src/stm32f4xx_hal_tim_ex.o
                0x08002380                HAL_TIMEx_BreakCallback
 .text.HAL_UART_Init
                0x08002394       0xa0 ./Drivers/STM32F4xx_HAL_Driver/Src/stm32f4xx_hal_uart.o
                0x08002394                HAL_UART_Init
 .text.UART_SetConfig
                0x08002434      0x4e8 ./Drivers/STM32F4xx_HAL_Driver/Src/stm32f4xx_hal_uart.o
 .text.__NVIC_SetPriority
                0x0800291c       0x54 ./Middlewares/Third_Party/FreeRTOS/Source/CMSIS_RTOS_V2/cmsis_os2.o
 .text.SysTick_Handler
                0x08002970       0x20 ./Middlewares/Third_Party/FreeRTOS/Source/CMSIS_RTOS_V2/cmsis_os2.o
                0x08002970                SysTick_Handler
 .text.SVC_Setup
                0x08002990       0x12 ./Middlewares/Third_Party/FreeRTOS/Source/CMSIS_RTOS_V2/cmsis_os2.o
 *fill*         0x080029a2        0x2 
 .text.osKernelInitialize
                0x080029a4       0x48 ./Middlewares/Third_Party/FreeRTOS/Source/CMSIS_RTOS_V2/cmsis_os2.o
                0x080029a4                osKernelInitialize
 .text.osKernelStart
                0x080029ec       0x4c ./Middlewares/Third_Party/FreeRTOS/Source/CMSIS_RTOS_V2/cmsis_os2.o
                0x080029ec                osKernelStart
 .text.osThreadNew
                0x08002a38      0x124 ./Middlewares/Third_Party/FreeRTOS/Source/CMSIS_RTOS_V2/cmsis_os2.o
                0x08002a38                osThreadNew
 .text.osDelay  0x08002b5c       0x36 ./Middlewares/Third_Party/FreeRTOS/Source/CMSIS_RTOS_V2/cmsis_os2.o
                0x08002b5c                osDelay
 .text.osMessageQueueNew
                0x08002b92       0xe6 ./Middlewares/Third_Party/FreeRTOS/Source/CMSIS_RTOS_V2/cmsis_os2.o
                0x08002b92                osMessageQueueNew
 .text.vApplicationGetIdleTaskMemory
                0x08002c78       0x34 ./Middlewares/Third_Party/FreeRTOS/Source/CMSIS_RTOS_V2/cmsis_os2.o
                0x08002c78                vApplicationGetIdleTaskMemory
 .text.vApplicationGetTimerTaskMemory
                0x08002cac       0x34 ./Middlewares/Third_Party/FreeRTOS/Source/CMSIS_RTOS_V2/cmsis_os2.o
                0x08002cac                vApplicationGetTimerTaskMemory
 .text.vListInitialise
                0x08002ce0       0x40 ./Middlewares/Third_Party/FreeRTOS/Source/list.o
                0x08002ce0                vListInitialise
 .text.vListInitialiseItem
                0x08002d20       0x1a ./Middlewares/Third_Party/FreeRTOS/Source/list.o
                0x08002d20                vListInitialiseItem
 .text.vListInsertEnd
                0x08002d3a       0x48 ./Middlewares/Third_Party/FreeRTOS/Source/list.o
                0x08002d3a                vListInsertEnd
 .text.vListInsert
                0x08002d82       0x72 ./Middlewares/Third_Party/FreeRTOS/Source/list.o
                0x08002d82                vListInsert
 .text.uxListRemove
                0x08002df4       0x54 ./Middlewares/Third_Party/FreeRTOS/Source/list.o
                0x08002df4                uxListRemove
 .text.xQueueGenericReset
                0x08002e48       0xd4 ./Middlewares/Third_Party/FreeRTOS/Source/queue.o
                0x08002e48                xQueueGenericReset
 .text.xQueueGenericCreateStatic
                0x08002f1c       0xfa ./Middlewares/Third_Party/FreeRTOS/Source/queue.o
                0x08002f1c                xQueueGenericCreateStatic
 .text.xQueueGenericCreate
                0x08003016       0x76 ./Middlewares/Third_Party/FreeRTOS/Source/queue.o
                0x08003016                xQueueGenericCreate
 .text.prvInitialiseNewQueue
                0x0800308c       0x46 ./Middlewares/Third_Party/FreeRTOS/Source/queue.o
 *fill*         0x080030d2        0x2 
 .text.xQueueGenericSend
                0x080030d4      0x204 ./Middlewares/Third_Party/FreeRTOS/Source/queue.o
                0x080030d4                xQueueGenericSend
 .text.xQueueGenericSendFromISR
                0x080032d8      0x13c ./Middlewares/Third_Party/FreeRTOS/Source/queue.o
                0x080032d8                xQueueGenericSendFromISR
 .text.xQueueReceive
                0x08003414      0x1c4 ./Middlewares/Third_Party/FreeRTOS/Source/queue.o
                0x08003414                xQueueReceive
 .text.prvCopyDataToQueue
                0x080035d8       0xd4 ./Middlewares/Third_Party/FreeRTOS/Source/queue.o
 .text.prvCopyDataFromQueue
                0x080036ac       0x4c ./Middlewares/Third_Party/FreeRTOS/Source/queue.o
 .text.prvUnlockQueue
                0x080036f8       0xa4 ./Middlewares/Third_Party/FreeRTOS/Source/queue.o
 .text.prvIsQueueEmpty
                0x0800379c       0x2c ./Middlewares/Third_Party/FreeRTOS/Source/queue.o
 .text.prvIsQueueFull
                0x080037c8       0x30 ./Middlewares/Third_Party/FreeRTOS/Source/queue.o
 .text.vQueueAddToRegistry
                0x080037f8       0x54 ./Middlewares/Third_Party/FreeRTOS/Source/queue.o
                0x080037f8                vQueueAddToRegistry
 .text.vQueueWaitForMessageRestricted
                0x0800384c       0x68 ./Middlewares/Third_Party/FreeRTOS/Source/queue.o
                0x0800384c                vQueueWaitForMessageRestricted
 .text.xTaskCreateStatic
                0x080038b4       0xc0 ./Middlewares/Third_Party/FreeRTOS/Source/tasks.o
                0x080038b4                xTaskCreateStatic
 .text.xTaskCreate
                0x08003974       0x8a ./Middlewares/Third_Party/FreeRTOS/Source/tasks.o
                0x08003974                xTaskCreate
 *fill*         0x080039fe        0x2 
 .text.prvInitialiseNewTask
                0x08003a00      0x150 ./Middlewares/Third_Party/FreeRTOS/Source/tasks.o
 .text.prvAddNewTaskToReadyList
                0x08003b50       0xe0 ./Middlewares/Third_Party/FreeRTOS/Source/tasks.o
 .text.vTaskDelayUntil
                0x08003c30      0x100 ./Middlewares/Third_Party/FreeRTOS/Source/tasks.o
                0x08003c30                vTaskDelayUntil
 .text.vTaskDelay
                0x08003d30       0x6c ./Middlewares/Third_Party/FreeRTOS/Source/tasks.o
                0x08003d30                vTaskDelay
 .text.vTaskStartScheduler
                0x08003d9c       0xe0 ./Middlewares/Third_Party/FreeRTOS/Source/tasks.o
                0x08003d9c                vTaskStartScheduler
 .text.vTaskSuspendAll
                0x08003e7c       0x1c ./Middlewares/Third_Party/FreeRTOS/Source/tasks.o
                0x08003e7c                vTaskSuspendAll
 .text.xTaskResumeAll
                0x08003e98      0x13c ./Middlewares/Third_Party/FreeRTOS/Source/tasks.o
                0x08003e98                xTaskResumeAll
 .text.xTaskGetTickCount
                0x08003fd4       0x20 ./Middlewares/Third_Party/FreeRTOS/Source/tasks.o
                0x08003fd4                xTaskGetTickCount
 .text.xTaskIncrementTick
                0x08003ff4      0x174 ./Middlewares/Third_Party/FreeRTOS/Source/tasks.o
                0x08003ff4                xTaskIncrementTick
 .text.vTaskSwitchContext
                0x08004168       0xcc ./Middlewares/Third_Party/FreeRTOS/Source/tasks.o
                0x08004168                vTaskSwitchContext
 .text.vTaskPlaceOnEventList
                0x08004234       0x4c ./Middlewares/Third_Party/FreeRTOS/Source/tasks.o
                0x08004234                vTaskPlaceOnEventList
 .text.vTaskPlaceOnEventListRestricted
                0x08004280       0x58 ./Middlewares/Third_Party/FreeRTOS/Source/tasks.o
                0x08004280                vTaskPlaceOnEventListRestricted
 .text.xTaskRemoveFromEventList
                0x080042d8       0xc8 ./Middlewares/Third_Party/FreeRTOS/Source/tasks.o
                0x080042d8                xTaskRemoveFromEventList
 .text.vTaskInternalSetTimeOutState
                0x080043a0       0x2c ./Middlewares/Third_Party/FreeRTOS/Source/tasks.o
                0x080043a0                vTaskInternalSetTimeOutState
 .text.xTaskCheckForTimeOut
                0x080043cc       0xc8 ./Middlewares/Third_Party/FreeRTOS/Source/tasks.o
                0x080043cc                xTaskCheckForTimeOut
 .text.vTaskMissedYield
                0x08004494       0x18 ./Middlewares/Third_Party/FreeRTOS/Source/tasks.o
                0x08004494                vTaskMissedYield
 .text.prvIdleTask
                0x080044ac       0x30 ./Middlewares/Third_Party/FreeRTOS/Source/tasks.o
 .text.prvInitialiseTaskLists
                0x080044dc       0x80 ./Middlewares/Third_Party/FreeRTOS/Source/tasks.o
 .text.prvCheckTasksWaitingTermination
                0x0800455c       0x5c ./Middlewares/Third_Party/FreeRTOS/Source/tasks.o
 .text.prvDeleteTCB
                0x080045b8       0x6a ./Middlewares/Third_Party/FreeRTOS/Source/tasks.o
 *fill*         0x08004622        0x2 
 .text.prvResetNextTaskUnblockTime
                0x08004624       0x40 ./Middlewares/Third_Party/FreeRTOS/Source/tasks.o
 .text.xTaskGetSchedulerState
                0x08004664       0x3c ./Middlewares/Third_Party/FreeRTOS/Source/tasks.o
                0x08004664                xTaskGetSchedulerState
 .text.xTaskPriorityDisinherit
                0x080046a0       0xe0 ./Middlewares/Third_Party/FreeRTOS/Source/tasks.o
                0x080046a0                xTaskPriorityDisinherit
 .text.prvAddCurrentTaskToDelayedList
                0x08004780       0xa8 ./Middlewares/Third_Party/FreeRTOS/Source/tasks.o
 .text.xTimerCreateTimerTask
                0x08004828       0x94 ./Middlewares/Third_Party/FreeRTOS/Source/timers.o
                0x08004828                xTimerCreateTimerTask
 .text.xTimerGenericCommand
                0x080048bc       0x9c ./Middlewares/Third_Party/FreeRTOS/Source/timers.o
                0x080048bc                xTimerGenericCommand
 .text.prvProcessExpiredTimer
                0x08004958       0x9c ./Middlewares/Third_Party/FreeRTOS/Source/timers.o
 .text.prvTimerTask
                0x080049f4       0x26 ./Middlewares/Third_Party/FreeRTOS/Source/timers.o
 *fill*         0x08004a1a        0x2 
 .text.prvProcessTimerOrBlockTask
                0x08004a1c       0x9c ./Middlewares/Third_Party/FreeRTOS/Source/timers.o
 .text.prvGetNextExpireTime
                0x08004ab8       0x48 ./Middlewares/Third_Party/FreeRTOS/Source/timers.o
 .text.prvSampleTimeNow
                0x08004b00       0x40 ./Middlewares/Third_Party/FreeRTOS/Source/timers.o
 .text.prvInsertTimerInActiveList
                0x08004b40       0x84 ./Middlewares/Third_Party/FreeRTOS/Source/timers.o
 .text.prvProcessReceivedCommands
                0x08004bc4      0x1cc ./Middlewares/Third_Party/FreeRTOS/Source/timers.o
 .text.prvSwitchTimerLists
                0x08004d90       0xcc ./Middlewares/Third_Party/FreeRTOS/Source/timers.o
 .text.prvCheckForValidListAndQueue
                0x08004e5c       0x80 ./Middlewares/Third_Party/FreeRTOS/Source/timers.o
 .text.pxPortInitialiseStack
                0x08004edc       0x68 ./Middlewares/Third_Party/FreeRTOS/Source/portable/GCC/ARM_CM4F/port.o
                0x08004edc                pxPortInitialiseStack
 .text.prvTaskExitError
                0x08004f44       0x5c ./Middlewares/Third_Party/FreeRTOS/Source/portable/GCC/ARM_CM4F/port.o
 .text.SVC_Handler
                0x08004fa0       0x28 ./Middlewares/Third_Party/FreeRTOS/Source/portable/GCC/ARM_CM4F/port.o
                0x08004fa0                SVC_Handler
 .text.prvPortStartFirstTask
                0x08004fc8       0x28 ./Middlewares/Third_Party/FreeRTOS/Source/portable/GCC/ARM_CM4F/port.o
 .text.xPortStartScheduler
                0x08004ff0      0x148 ./Middlewares/Third_Party/FreeRTOS/Source/portable/GCC/ARM_CM4F/port.o
                0x08004ff0                xPortStartScheduler
 .text.vPortEnterCritical
                0x08005138       0x64 ./Middlewares/Third_Party/FreeRTOS/Source/portable/GCC/ARM_CM4F/port.o
                0x08005138                vPortEnterCritical
 .text.vPortExitCritical
                0x0800519c       0x54 ./Middlewares/Third_Party/FreeRTOS/Source/portable/GCC/ARM_CM4F/port.o
                0x0800519c                vPortExitCritical
 .text.PendSV_Handler
                0x080051f0       0x68 ./Middlewares/Third_Party/FreeRTOS/Source/portable/GCC/ARM_CM4F/port.o
                0x080051f0                PendSV_Handler
 .text.xPortSysTickHandler
                0x08005258       0x44 ./Middlewares/Third_Party/FreeRTOS/Source/portable/GCC/ARM_CM4F/port.o
                0x08005258                xPortSysTickHandler
 .text.vPortSetupTimerInterrupt
                0x0800529c       0x48 ./Middlewares/Third_Party/FreeRTOS/Source/portable/GCC/ARM_CM4F/port.o
                0x0800529c                vPortSetupTimerInterrupt
 .text.vPortEnableVFP
                0x080052e4       0x14 ./Middlewares/Third_Party/FreeRTOS/Source/portable/GCC/ARM_CM4F/port.o
 .text.vPortValidateInterruptPriority
                0x080052f8       0x84 ./Middlewares/Third_Party/FreeRTOS/Source/portable/GCC/ARM_CM4F/port.o
                0x080052f8                vPortValidateInterruptPriority
 .text.pvPortMalloc
                0x0800537c      0x19c ./Middlewares/Third_Party/FreeRTOS/Source/portable/MemMang/heap_4.o
                0x0800537c                pvPortMalloc
 .text.vPortFree
                0x08005518       0xc8 ./Middlewares/Third_Party/FreeRTOS/Source/portable/MemMang/heap_4.o
                0x08005518                vPortFree
 .text.prvHeapInit
                0x080055e0       0xc4 ./Middlewares/Third_Party/FreeRTOS/Source/portable/MemMang/heap_4.o
 .text.prvInsertBlockIntoFreeList
                0x080056a4       0xb4 ./Middlewares/Third_Party/FreeRTOS/Source/portable/MemMang/heap_4.o
 .text.ap_init  0x08005758        0xc ./ap/ap.o
                0x08005758                ap_init
 .text.stopwatch_init
                0x08005764       0x44 ./ap/module/stopwatch.o
                0x08005764                stopwatch_init
 .text.stopwatch_start
                0x080057a8       0x18 ./ap/module/stopwatch.o
                0x080057a8                stopwatch_start
 .text.stopwatch_pause
                0x080057c0       0x18 ./ap/module/stopwatch.o
                0x080057c0                stopwatch_pause
 .text.stopwatch_stop
                0x080057d8       0x1c ./ap/module/stopwatch.o
                0x080057d8                stopwatch_stop
 .text.stopwatch_set_cmd
                0x080057f4       0x20 ./ap/module/stopwatch.o
                0x080057f4                stopwatch_set_cmd
 .text.stopwatch_update
                0x08005814       0x6c ./ap/module/stopwatch.o
                0x08005814                stopwatch_update
 .text.stopwatch_process
                0x08005880       0x98 ./ap/module/stopwatch.o
                0x08005880                stopwatch_process
 .text.HAL_GPIO_EXTI_Callback
                0x08005918       0x30 ./hw/driver/button.o
                0x08005918                HAL_GPIO_EXTI_Callback
 .text.hw_TIM_start
                0x08005948       0x2c ./hw/driver/hw_tim.o
                0x08005948                hw_TIM_start
 .text.hw_TIM_stop
                0x08005974       0x2c ./hw/driver/hw_tim.o
                0x08005974                hw_TIM_stop
 .text.hw_TIM_PeriodElapsedCallback
                0x080059a0       0x38 ./hw/driver/hw_tim.o
                0x080059a0                hw_TIM_PeriodElapsedCallback
 .text.led_init
                0x080059d8       0x44 ./hw/driver/led.o
                0x080059d8                led_init
 .text.led_toggle
                0x08005a1c       0x68 ./hw/driver/led.o
                0x08005a1c                led_toggle
 .text.hw_init  0x08005a84        0xe ./hw/hw.o
                0x08005a84                hw_init
 .text.stopwatch_task
                0x08005a92       0x36 ./scheduler/stopwatch_task.o
                0x08005a92                stopwatch_task
 .text.memset   0x08005ac8       0x10 C:/ST/STM32CubeIDE_1.16.1/STM32CubeIDE/plugins/com.st.stm32cube.ide.mcu.externaltools.gnu-tools-for-stm32.12.3.rel1.win32_1.0.200.202406191623/tools/bin/../lib/gcc/arm-none-eabi/12.3.1/../../../../arm-none-eabi/lib/thumb/v7e-m+fp/hard\libc_nano.a(libc_a-memset.o)
                0x08005ac8                memset
 .text._reclaim_reent
                0x08005ad8       0xac C:/ST/STM32CubeIDE_1.16.1/STM32CubeIDE/plugins/com.st.stm32cube.ide.mcu.externaltools.gnu-tools-for-stm32.12.3.rel1.win32_1.0.200.202406191623/tools/bin/../lib/gcc/arm-none-eabi/12.3.1/../../../../arm-none-eabi/lib/thumb/v7e-m+fp/hard\libc_nano.a(libc_a-reent.o)
                0x08005ad8                _reclaim_reent
 .text.__libc_init_array
                0x08005b84       0x48 C:/ST/STM32CubeIDE_1.16.1/STM32CubeIDE/plugins/com.st.stm32cube.ide.mcu.externaltools.gnu-tools-for-stm32.12.3.rel1.win32_1.0.200.202406191623/tools/bin/../lib/gcc/arm-none-eabi/12.3.1/../../../../arm-none-eabi/lib/thumb/v7e-m+fp/hard\libc_nano.a(libc_a-init.o)
                0x08005b84                __libc_init_array
 .text.__retarget_lock_acquire_recursive
                0x08005bcc        0x2 C:/ST/STM32CubeIDE_1.16.1/STM32CubeIDE/plugins/com.st.stm32cube.ide.mcu.externaltools.gnu-tools-for-stm32.12.3.rel1.win32_1.0.200.202406191623/tools/bin/../lib/gcc/arm-none-eabi/12.3.1/../../../../arm-none-eabi/lib/thumb/v7e-m+fp/hard\libc_nano.a(libc_a-lock.o)
                0x08005bcc                __retarget_lock_acquire_recursive
 .text.__retarget_lock_release_recursive
                0x08005bce        0x2 C:/ST/STM32CubeIDE_1.16.1/STM32CubeIDE/plugins/com.st.stm32cube.ide.mcu.externaltools.gnu-tools-for-stm32.12.3.rel1.win32_1.0.200.202406191623/tools/bin/../lib/gcc/arm-none-eabi/12.3.1/../../../../arm-none-eabi/lib/thumb/v7e-m+fp/hard\libc_nano.a(libc_a-lock.o)
                0x08005bce                __retarget_lock_release_recursive
 .text.memcpy   0x08005bd0       0x1c C:/ST/STM32CubeIDE_1.16.1/STM32CubeIDE/plugins/com.st.stm32cube.ide.mcu.externaltools.gnu-tools-for-stm32.12.3.rel1.win32_1.0.200.202406191623/tools/bin/../lib/gcc/arm-none-eabi/12.3.1/../../../../arm-none-eabi/lib/thumb/v7e-m+fp/hard\libc_nano.a(libc_a-memcpy-stub.o)
                0x08005bd0                memcpy
 .text._free_r  0x08005bec       0x94 C:/ST/STM32CubeIDE_1.16.1/STM32CubeIDE/plugins/com.st.stm32cube.ide.mcu.externaltools.gnu-tools-for-stm32.12.3.rel1.win32_1.0.200.202406191623/tools/bin/../lib/gcc/arm-none-eabi/12.3.1/../../../../arm-none-eabi/lib/thumb/v7e-m+fp/hard\libc_nano.a(libc_a-freer.o)
                0x08005bec                _free_r
 .text.__malloc_lock
                0x08005c80        0xc C:/ST/STM32CubeIDE_1.16.1/STM32CubeIDE/plugins/com.st.stm32cube.ide.mcu.externaltools.gnu-tools-for-stm32.12.3.rel1.win32_1.0.200.202406191623/tools/bin/../lib/gcc/arm-none-eabi/12.3.1/../../../../arm-none-eabi/lib/thumb/v7e-m+fp/hard\libc_nano.a(libc_a-mlock.o)
                0x08005c80                __malloc_lock
 .text.__malloc_unlock
                0x08005c8c        0xc C:/ST/STM32CubeIDE_1.16.1/STM32CubeIDE/plugins/com.st.stm32cube.ide.mcu.externaltools.gnu-tools-for-stm32.12.3.rel1.win32_1.0.200.202406191623/tools/bin/../lib/gcc/arm-none-eabi/12.3.1/../../../../arm-none-eabi/lib/thumb/v7e-m+fp/hard\libc_nano.a(libc_a-mlock.o)
                0x08005c8c                __malloc_unlock
 *(.glue_7)
 .glue_7        0x08005c98        0x0 linker stubs
 *(.glue_7t)
 .glue_7t       0x08005c98        0x0 linker stubs
 *(.eh_frame)
 .eh_frame      0x08005c98        0x0 C:/ST/STM32CubeIDE_1.16.1/STM32CubeIDE/plugins/com.st.stm32cube.ide.mcu.externaltools.gnu-tools-for-stm32.12.3.rel1.win32_1.0.200.202406191623/tools/bin/../lib/gcc/arm-none-eabi/12.3.1/thumb/v7e-m+fp/hard/crtbegin.o
 *(.init)
 .init          0x08005c98        0x4 C:/ST/STM32CubeIDE_1.16.1/STM32CubeIDE/plugins/com.st.stm32cube.ide.mcu.externaltools.gnu-tools-for-stm32.12.3.rel1.win32_1.0.200.202406191623/tools/bin/../lib/gcc/arm-none-eabi/12.3.1/thumb/v7e-m+fp/hard/crti.o
                0x08005c98                _init
 .init          0x08005c9c        0x8 C:/ST/STM32CubeIDE_1.16.1/STM32CubeIDE/plugins/com.st.stm32cube.ide.mcu.externaltools.gnu-tools-for-stm32.12.3.rel1.win32_1.0.200.202406191623/tools/bin/../lib/gcc/arm-none-eabi/12.3.1/thumb/v7e-m+fp/hard/crtn.o
 *(.fini)
 .fini          0x08005ca4        0x4 C:/ST/STM32CubeIDE_1.16.1/STM32CubeIDE/plugins/com.st.stm32cube.ide.mcu.externaltools.gnu-tools-for-stm32.12.3.rel1.win32_1.0.200.202406191623/tools/bin/../lib/gcc/arm-none-eabi/12.3.1/thumb/v7e-m+fp/hard/crti.o
                0x08005ca4                _fini
 .fini          0x08005ca8        0x8 C:/ST/STM32CubeIDE_1.16.1/STM32CubeIDE/plugins/com.st.stm32cube.ide.mcu.externaltools.gnu-tools-for-stm32.12.3.rel1.win32_1.0.200.202406191623/tools/bin/../lib/gcc/arm-none-eabi/12.3.1/thumb/v7e-m+fp/hard/crtn.o
                0x08005cb0                        . = ALIGN (0x4)
                0x08005cb0                        _etext = .

.vfp11_veneer   0x08005cb0        0x0
 .vfp11_veneer  0x08005cb0        0x0 linker stubs

.v4_bx          0x08005cb0        0x0
 .v4_bx         0x08005cb0        0x0 linker stubs

.iplt           0x08005cb0        0x0
 .iplt          0x08005cb0        0x0 C:/ST/STM32CubeIDE_1.16.1/STM32CubeIDE/plugins/com.st.stm32cube.ide.mcu.externaltools.gnu-tools-for-stm32.12.3.rel1.win32_1.0.200.202406191623/tools/bin/../lib/gcc/arm-none-eabi/12.3.1/thumb/v7e-m+fp/hard/crtbegin.o

.rodata         0x08005cb0       0xb4
                0x08005cb0                        . = ALIGN (0x4)
 *(.rodata)
 .rodata        0x08005cb0       0x22 ./Core/Src/freertos.o
 *fill*         0x08005cd2        0x2 
 .rodata        0x08005cd4        0x5 ./Middlewares/Third_Party/FreeRTOS/Source/tasks.o
 *fill*         0x08005cd9        0x3 
 .rodata        0x08005cdc        0xd ./Middlewares/Third_Party/FreeRTOS/Source/timers.o
 *(.rodata*)
 *fill*         0x08005ce9        0x3 
 .rodata.defaultTask_attributes
                0x08005cec       0x24 ./Core/Src/freertos.o
                0x08005cec                defaultTask_attributes
 .rodata.myTask02_attributes
                0x08005d10       0x24 ./Core/Src/freertos.o
                0x08005d10                myTask02_attributes
 .rodata.myQueue01_attributes
                0x08005d34       0x18 ./Core/Src/freertos.o
                0x08005d34                myQueue01_attributes
 .rodata.AHBPrescTable
                0x08005d4c       0x10 ./Core/Src/system_stm32f4xx.o
                0x08005d4c                AHBPrescTable
 .rodata.APBPrescTable
                0x08005d5c        0x8 ./Core/Src/system_stm32f4xx.o
                0x08005d5c                APBPrescTable
                0x08005d64                        . = ALIGN (0x4)

.ARM.extab      0x08005d64        0x0
                0x08005d64                        . = ALIGN (0x4)
 *(.ARM.extab* .gnu.linkonce.armextab.*)
                0x08005d64                        . = ALIGN (0x4)

.ARM            0x08005d64        0x8
                0x08005d64                        . = ALIGN (0x4)
                0x08005d64                        __exidx_start = .
 *(.ARM.exidx*)
 .ARM.exidx     0x08005d64        0x8 C:/ST/STM32CubeIDE_1.16.1/STM32CubeIDE/plugins/com.st.stm32cube.ide.mcu.externaltools.gnu-tools-for-stm32.12.3.rel1.win32_1.0.200.202406191623/tools/bin/../lib/gcc/arm-none-eabi/12.3.1/thumb/v7e-m+fp/hard\libgcc.a(_udivmoddi4.o)
                0x08005d6c                        __exidx_end = .
                0x08005d6c                        . = ALIGN (0x4)

.preinit_array  0x08005d6c        0x0
                0x08005d6c                        . = ALIGN (0x4)
                0x08005d6c                        PROVIDE (__preinit_array_start = .)
 *(.preinit_array*)
                0x08005d6c                        PROVIDE (__preinit_array_end = .)
                0x08005d6c                        . = ALIGN (0x4)

.init_array     0x08005d6c        0x4
                0x08005d6c                        . = ALIGN (0x4)
                0x08005d6c                        PROVIDE (__init_array_start = .)
 *(SORT_BY_NAME(.init_array.*))
 *(.init_array*)
 .init_array    0x08005d6c        0x4 C:/ST/STM32CubeIDE_1.16.1/STM32CubeIDE/plugins/com.st.stm32cube.ide.mcu.externaltools.gnu-tools-for-stm32.12.3.rel1.win32_1.0.200.202406191623/tools/bin/../lib/gcc/arm-none-eabi/12.3.1/thumb/v7e-m+fp/hard/crtbegin.o
                0x08005d70                        PROVIDE (__init_array_end = .)
                0x08005d70                        . = ALIGN (0x4)

.fini_array     0x08005d70        0x4
                0x08005d70                        . = ALIGN (0x4)
                [!provide]                        PROVIDE (__fini_array_start = .)
 *(SORT_BY_NAME(.fini_array.*))
 *(.fini_array*)
 .fini_array    0x08005d70        0x4 C:/ST/STM32CubeIDE_1.16.1/STM32CubeIDE/plugins/com.st.stm32cube.ide.mcu.externaltools.gnu-tools-for-stm32.12.3.rel1.win32_1.0.200.202406191623/tools/bin/../lib/gcc/arm-none-eabi/12.3.1/thumb/v7e-m+fp/hard/crtbegin.o
                [!provide]                        PROVIDE (__fini_array_end = .)
                0x08005d74                        . = ALIGN (0x4)
                0x08005d74                        _sidata = LOADADDR (.data)

.rel.dyn        0x08005d74        0x0
 .rel.iplt      0x08005d74        0x0 C:/ST/STM32CubeIDE_1.16.1/STM32CubeIDE/plugins/com.st.stm32cube.ide.mcu.externaltools.gnu-tools-for-stm32.12.3.rel1.win32_1.0.200.202406191623/tools/bin/../lib/gcc/arm-none-eabi/12.3.1/thumb/v7e-m+fp/hard/crtbegin.o

.data           0x20000000       0x70 load address 0x08005d74
                0x20000000                        . = ALIGN (0x4)
                0x20000000                        _sdata = .
 *(.data)
 *(.data*)
 .data.SystemCoreClock
                0x20000000        0x4 ./Core/Src/system_stm32f4xx.o
                0x20000000                SystemCoreClock
 .data.uwTickPrio
                0x20000004        0x4 ./Drivers/STM32F4xx_HAL_Driver/Src/stm32f4xx_hal.o
                0x20000004                uwTickPrio
 .data.uwTickFreq
                0x20000008        0x1 ./Drivers/STM32F4xx_HAL_Driver/Src/stm32f4xx_hal.o
                0x20000008                uwTickFreq
 *fill*         0x20000009        0x3 
 .data.uxCriticalNesting
                0x2000000c        0x4 ./Middlewares/Third_Party/FreeRTOS/Source/portable/GCC/ARM_CM4F/port.o
 .data.inputs   0x20000010        0x2 ./hw/driver/button.o
 *fill*         0x20000012        0x2 
 .data.TIM_ch   0x20000014        0x4 ./hw/driver/hw_tim.o
 .data.led_tdl  0x20000018        0x8 ./hw/driver/led.o
 .data._impure_ptr
                0x20000020        0x4 C:/ST/STM32CubeIDE_1.16.1/STM32CubeIDE/plugins/com.st.stm32cube.ide.mcu.externaltools.gnu-tools-for-stm32.12.3.rel1.win32_1.0.200.202406191623/tools/bin/../lib/gcc/arm-none-eabi/12.3.1/../../../../arm-none-eabi/lib/thumb/v7e-m+fp/hard\libc_nano.a(libc_a-impure.o)
                0x20000020                _impure_ptr
 .data._impure_data
                0x20000024       0x4c C:/ST/STM32CubeIDE_1.16.1/STM32CubeIDE/plugins/com.st.stm32cube.ide.mcu.externaltools.gnu-tools-for-stm32.12.3.rel1.win32_1.0.200.202406191623/tools/bin/../lib/gcc/arm-none-eabi/12.3.1/../../../../arm-none-eabi/lib/thumb/v7e-m+fp/hard\libc_nano.a(libc_a-impure.o)
                0x20000024                _impure_data
 *(.RamFunc)
 *(.RamFunc*)
                0x20000070                        . = ALIGN (0x4)
                0x20000070                        _edata = .

.igot.plt       0x20000070        0x0 load address 0x08005de4
 .igot.plt      0x20000070        0x0 C:/ST/STM32CubeIDE_1.16.1/STM32CubeIDE/plugins/com.st.stm32cube.ide.mcu.externaltools.gnu-tools-for-stm32.12.3.rel1.win32_1.0.200.202406191623/tools/bin/../lib/gcc/arm-none-eabi/12.3.1/thumb/v7e-m+fp/hard/crtbegin.o
                0x20000070                        . = ALIGN (0x4)

.bss            0x20000070     0x4c34 load address 0x08005de4
                0x20000070                        _sbss = .
                0x20000070                        __bss_start__ = _sbss
 *(.bss)
 .bss           0x20000070       0x1c C:/ST/STM32CubeIDE_1.16.1/STM32CubeIDE/plugins/com.st.stm32cube.ide.mcu.externaltools.gnu-tools-for-stm32.12.3.rel1.win32_1.0.200.202406191623/tools/bin/../lib/gcc/arm-none-eabi/12.3.1/thumb/v7e-m+fp/hard/crtbegin.o
 *(.bss*)
 .bss.defaultTaskHandle
                0x2000008c        0x4 ./Core/Src/freertos.o
                0x2000008c                defaultTaskHandle
 .bss.myTask02Handle
                0x20000090        0x4 ./Core/Src/freertos.o
                0x20000090                myTask02Handle
 .bss.myQueue01Handle
                0x20000094        0x4 ./Core/Src/freertos.o
                0x20000094                myQueue01Handle
 .bss.htim11    0x20000098       0x48 ./Core/Src/stm32f4xx_hal_timebase_tim.o
                0x20000098                htim11
 .bss.htim2     0x200000e0       0x48 ./Core/Src/tim.o
                0x200000e0                htim2
 .bss.huart2    0x20000128       0x48 ./Core/Src/usart.o
                0x20000128                huart2
 .bss.uwTick    0x20000170        0x4 ./Drivers/STM32F4xx_HAL_Driver/Src/stm32f4xx_hal.o
                0x20000170                uwTick
 .bss.KernelState
                0x20000174        0x4 ./Middlewares/Third_Party/FreeRTOS/Source/CMSIS_RTOS_V2/cmsis_os2.o
 .bss.Idle_TCB.3
                0x20000178       0xa8 ./Middlewares/Third_Party/FreeRTOS/Source/CMSIS_RTOS_V2/cmsis_os2.o
 .bss.Idle_Stack.2
                0x20000220      0x200 ./Middlewares/Third_Party/FreeRTOS/Source/CMSIS_RTOS_V2/cmsis_os2.o
 .bss.Timer_TCB.1
                0x20000420       0xa8 ./Middlewares/Third_Party/FreeRTOS/Source/CMSIS_RTOS_V2/cmsis_os2.o
 .bss.Timer_Stack.0
                0x200004c8      0x400 ./Middlewares/Third_Party/FreeRTOS/Source/CMSIS_RTOS_V2/cmsis_os2.o
 .bss.xQueueRegistry
                0x200008c8       0x40 ./Middlewares/Third_Party/FreeRTOS/Source/queue.o
                0x200008c8                xQueueRegistry
 .bss.pxCurrentTCB
                0x20000908        0x4 ./Middlewares/Third_Party/FreeRTOS/Source/tasks.o
                0x20000908                pxCurrentTCB
 .bss.pxReadyTasksLists
                0x2000090c      0x460 ./Middlewares/Third_Party/FreeRTOS/Source/tasks.o
 .bss.xDelayedTaskList1
                0x20000d6c       0x14 ./Middlewares/Third_Party/FreeRTOS/Source/tasks.o
 .bss.xDelayedTaskList2
                0x20000d80       0x14 ./Middlewares/Third_Party/FreeRTOS/Source/tasks.o
 .bss.pxDelayedTaskList
                0x20000d94        0x4 ./Middlewares/Third_Party/FreeRTOS/Source/tasks.o
 .bss.pxOverflowDelayedTaskList
                0x20000d98        0x4 ./Middlewares/Third_Party/FreeRTOS/Source/tasks.o
 .bss.xPendingReadyList
                0x20000d9c       0x14 ./Middlewares/Third_Party/FreeRTOS/Source/tasks.o
 .bss.xTasksWaitingTermination
                0x20000db0       0x14 ./Middlewares/Third_Party/FreeRTOS/Source/tasks.o
 .bss.uxDeletedTasksWaitingCleanUp
                0x20000dc4        0x4 ./Middlewares/Third_Party/FreeRTOS/Source/tasks.o
 .bss.xSuspendedTaskList
                0x20000dc8       0x14 ./Middlewares/Third_Party/FreeRTOS/Source/tasks.o
 .bss.uxCurrentNumberOfTasks
                0x20000ddc        0x4 ./Middlewares/Third_Party/FreeRTOS/Source/tasks.o
 .bss.xTickCount
                0x20000de0        0x4 ./Middlewares/Third_Party/FreeRTOS/Source/tasks.o
 .bss.uxTopReadyPriority
                0x20000de4        0x4 ./Middlewares/Third_Party/FreeRTOS/Source/tasks.o
 .bss.xSchedulerRunning
                0x20000de8        0x4 ./Middlewares/Third_Party/FreeRTOS/Source/tasks.o
 .bss.xPendedTicks
                0x20000dec        0x4 ./Middlewares/Third_Party/FreeRTOS/Source/tasks.o
 .bss.xYieldPending
                0x20000df0        0x4 ./Middlewares/Third_Party/FreeRTOS/Source/tasks.o
 .bss.xNumOfOverflows
                0x20000df4        0x4 ./Middlewares/Third_Party/FreeRTOS/Source/tasks.o
 .bss.uxTaskNumber
                0x20000df8        0x4 ./Middlewares/Third_Party/FreeRTOS/Source/tasks.o
 .bss.xNextTaskUnblockTime
                0x20000dfc        0x4 ./Middlewares/Third_Party/FreeRTOS/Source/tasks.o
 .bss.xIdleTaskHandle
                0x20000e00        0x4 ./Middlewares/Third_Party/FreeRTOS/Source/tasks.o
 .bss.uxSchedulerSuspended
                0x20000e04        0x4 ./Middlewares/Third_Party/FreeRTOS/Source/tasks.o
 .bss.xActiveTimerList1
                0x20000e08       0x14 ./Middlewares/Third_Party/FreeRTOS/Source/timers.o
 .bss.xActiveTimerList2
                0x20000e1c       0x14 ./Middlewares/Third_Party/FreeRTOS/Source/timers.o
 .bss.pxCurrentTimerList
                0x20000e30        0x4 ./Middlewares/Third_Party/FreeRTOS/Source/timers.o
 .bss.pxOverflowTimerList
                0x20000e34        0x4 ./Middlewares/Third_Party/FreeRTOS/Source/timers.o
 .bss.xTimerQueue
                0x20000e38        0x4 ./Middlewares/Third_Party/FreeRTOS/Source/timers.o
 .bss.xTimerTaskHandle
                0x20000e3c        0x4 ./Middlewares/Third_Party/FreeRTOS/Source/timers.o
 .bss.xLastTime.2
                0x20000e40        0x4 ./Middlewares/Third_Party/FreeRTOS/Source/timers.o
 .bss.ucStaticTimerQueueStorage.1
                0x20000e44       0xa0 ./Middlewares/Third_Party/FreeRTOS/Source/timers.o
 .bss.xStaticTimerQueue.0
                0x20000ee4       0x50 ./Middlewares/Third_Party/FreeRTOS/Source/timers.o
 .bss.ucMaxSysCallPriority
                0x20000f34        0x1 ./Middlewares/Third_Party/FreeRTOS/Source/portable/GCC/ARM_CM4F/port.o
 *fill*         0x20000f35        0x3 
 .bss.ulMaxPRIGROUPValue
                0x20000f38        0x4 ./Middlewares/Third_Party/FreeRTOS/Source/portable/GCC/ARM_CM4F/port.o
 .bss.ucHeap    0x20000f3c     0x3c00 ./Middlewares/Third_Party/FreeRTOS/Source/portable/MemMang/heap_4.o
 .bss.xStart    0x20004b3c        0x8 ./Middlewares/Third_Party/FreeRTOS/Source/portable/MemMang/heap_4.o
 .bss.pxEnd     0x20004b44        0x4 ./Middlewares/Third_Party/FreeRTOS/Source/portable/MemMang/heap_4.o
 .bss.xFreeBytesRemaining
                0x20004b48        0x4 ./Middlewares/Third_Party/FreeRTOS/Source/portable/MemMang/heap_4.o
 .bss.xMinimumEverFreeBytesRemaining
                0x20004b4c        0x4 ./Middlewares/Third_Party/FreeRTOS/Source/portable/MemMang/heap_4.o
 .bss.xNumberOfSuccessfulAllocations
                0x20004b50        0x4 ./Middlewares/Third_Party/FreeRTOS/Source/portable/MemMang/heap_4.o
 .bss.xNumberOfSuccessfulFrees
                0x20004b54        0x4 ./Middlewares/Third_Party/FreeRTOS/Source/portable/MemMang/heap_4.o
 .bss.xBlockAllocatedBit
                0x20004b58        0x4 ./Middlewares/Third_Party/FreeRTOS/Source/portable/MemMang/heap_4.o
 .bss.sw        0x20004b5c        0x5 ./ap/module/stopwatch.o
                0x20004b5c                sw
 .bss.SW_CMD    0x20004b61        0x1 ./ap/module/stopwatch.o
 .bss.bt0_pressed_falg
                0x20004b62        0x1 ./hw/driver/button.o
 .bss.ten_ms_flag
                0x20004b63        0x1 ./hw/driver/hw_tim.o
                0x20004b63                ten_ms_flag
 .bss.__sf      0x20004b64      0x138 C:/ST/STM32CubeIDE_1.16.1/STM32CubeIDE/plugins/com.st.stm32cube.ide.mcu.externaltools.gnu-tools-for-stm32.12.3.rel1.win32_1.0.200.202406191623/tools/bin/../lib/gcc/arm-none-eabi/12.3.1/../../../../arm-none-eabi/lib/thumb/v7e-m+fp/hard\libc_nano.a(libc_a-findfp.o)
                0x20004b64                __sf
 .bss.__lock___malloc_recursive_mutex
                0x20004c9c        0x1 C:/ST/STM32CubeIDE_1.16.1/STM32CubeIDE/plugins/com.st.stm32cube.ide.mcu.externaltools.gnu-tools-for-stm32.12.3.rel1.win32_1.0.200.202406191623/tools/bin/../lib/gcc/arm-none-eabi/12.3.1/../../../../arm-none-eabi/lib/thumb/v7e-m+fp/hard\libc_nano.a(libc_a-lock.o)
                0x20004c9c                __lock___malloc_recursive_mutex
 *fill*         0x20004c9d        0x3 
 .bss.__malloc_free_list
                0x20004ca0        0x4 C:/ST/STM32CubeIDE_1.16.1/STM32CubeIDE/plugins/com.st.stm32cube.ide.mcu.externaltools.gnu-tools-for-stm32.12.3.rel1.win32_1.0.200.202406191623/tools/bin/../lib/gcc/arm-none-eabi/12.3.1/../../../../arm-none-eabi/lib/thumb/v7e-m+fp/hard\libc_nano.a(libc_a-mallocr.o)
                0x20004ca0                __malloc_free_list
 *(COMMON)
                0x20004ca4                        . = ALIGN (0x4)
                0x20004ca4                        _ebss = .
                0x20004ca4                        __bss_end__ = _ebss

._user_heap_stack
                0x20004ca4      0x604 load address 0x08005de4
                0x20004ca8                        . = ALIGN (0x8)
 *fill*         0x20004ca4        0x4 
                [!provide]                        PROVIDE (end = .)
                0x20004ca8                        PROVIDE (_end = .)
                0x20004ea8                        . = (. + _Min_Heap_Size)
 *fill*         0x20004ca8      0x200 
                0x200052a8                        . = (. + _Min_Stack_Size)
 *fill*         0x20004ea8      0x400 
                0x200052a8                        . = ALIGN (0x8)

/DISCARD/
 libc.a(*)
 libm.a(*)
 libgcc.a(*)

.ARM.attributes
                0x00000000       0x30
 *(.ARM.attributes)
 .ARM.attributes
                0x00000000       0x22 C:/ST/STM32CubeIDE_1.16.1/STM32CubeIDE/plugins/com.st.stm32cube.ide.mcu.externaltools.gnu-tools-for-stm32.12.3.rel1.win32_1.0.200.202406191623/tools/bin/../lib/gcc/arm-none-eabi/12.3.1/thumb/v7e-m+fp/hard/crti.o
 .ARM.attributes
                0x00000022       0x34 C:/ST/STM32CubeIDE_1.16.1/STM32CubeIDE/plugins/com.st.stm32cube.ide.mcu.externaltools.gnu-tools-for-stm32.12.3.rel1.win32_1.0.200.202406191623/tools/bin/../lib/gcc/arm-none-eabi/12.3.1/thumb/v7e-m+fp/hard/crtbegin.o
 .ARM.attributes
                0x00000056       0x34 ./Core/Src/freertos.o
 .ARM.attributes
                0x0000008a       0x34 ./Core/Src/gpio.o
 .ARM.attributes
                0x000000be       0x34 ./Core/Src/main.o
 .ARM.attributes
                0x000000f2       0x34 ./Core/Src/stm32f4xx_hal_msp.o
 .ARM.attributes
                0x00000126       0x34 ./Core/Src/stm32f4xx_hal_timebase_tim.o
 .ARM.attributes
                0x0000015a       0x34 ./Core/Src/stm32f4xx_it.o
 .ARM.attributes
                0x0000018e       0x34 ./Core/Src/system_stm32f4xx.o
 .ARM.attributes
                0x000001c2       0x34 ./Core/Src/tim.o
 .ARM.attributes
                0x000001f6       0x34 ./Core/Src/usart.o
 .ARM.attributes
                0x0000022a       0x21 ./Core/Startup/startup_stm32f411retx.o
 .ARM.attributes
                0x0000024b       0x34 ./Drivers/STM32F4xx_HAL_Driver/Src/stm32f4xx_hal.o
 .ARM.attributes
                0x0000027f       0x34 ./Drivers/STM32F4xx_HAL_Driver/Src/stm32f4xx_hal_cortex.o
 .ARM.attributes
                0x000002b3       0x34 ./Drivers/STM32F4xx_HAL_Driver/Src/stm32f4xx_hal_gpio.o
 .ARM.attributes
                0x000002e7       0x34 ./Drivers/STM32F4xx_HAL_Driver/Src/stm32f4xx_hal_rcc.o
 .ARM.attributes
                0x0000031b       0x34 ./Drivers/STM32F4xx_HAL_Driver/Src/stm32f4xx_hal_tim.o
 .ARM.attributes
                0x0000034f       0x34 ./Drivers/STM32F4xx_HAL_Driver/Src/stm32f4xx_hal_tim_ex.o
 .ARM.attributes
                0x00000383       0x34 ./Drivers/STM32F4xx_HAL_Driver/Src/stm32f4xx_hal_uart.o
 .ARM.attributes
                0x000003b7       0x34 ./Middlewares/Third_Party/FreeRTOS/Source/CMSIS_RTOS_V2/cmsis_os2.o
 .ARM.attributes
                0x000003eb       0x34 ./Middlewares/Third_Party/FreeRTOS/Source/list.o
 .ARM.attributes
                0x0000041f       0x34 ./Middlewares/Third_Party/FreeRTOS/Source/queue.o
 .ARM.attributes
                0x00000453       0x34 ./Middlewares/Third_Party/FreeRTOS/Source/tasks.o
 .ARM.attributes
                0x00000487       0x34 ./Middlewares/Third_Party/FreeRTOS/Source/timers.o
 .ARM.attributes
                0x000004bb       0x34 ./Middlewares/Third_Party/FreeRTOS/Source/portable/GCC/ARM_CM4F/port.o
 .ARM.attributes
                0x000004ef       0x34 ./Middlewares/Third_Party/FreeRTOS/Source/portable/MemMang/heap_4.o
 .ARM.attributes
                0x00000523       0x34 ./ap/ap.o
 .ARM.attributes
                0x00000557       0x34 ./ap/module/stopwatch.o
 .ARM.attributes
                0x0000058b       0x34 ./hw/driver/button.o
 .ARM.attributes
                0x000005bf       0x34 ./hw/driver/hw_tim.o
 .ARM.attributes
                0x000005f3       0x34 ./hw/driver/led.o
 .ARM.attributes
                0x00000627       0x34 ./hw/hw.o
 .ARM.attributes
                0x0000065b       0x34 ./scheduler/stopwatch_task.o
 .ARM.attributes
                0x0000068f       0x34 C:/ST/STM32CubeIDE_1.16.1/STM32CubeIDE/plugins/com.st.stm32cube.ide.mcu.externaltools.gnu-tools-for-stm32.12.3.rel1.win32_1.0.200.202406191623/tools/bin/../lib/gcc/arm-none-eabi/12.3.1/../../../../arm-none-eabi/lib/thumb/v7e-m+fp/hard\libc_nano.a(libc_a-findfp.o)
 .ARM.attributes
                0x000006c3       0x34 C:/ST/STM32CubeIDE_1.16.1/STM32CubeIDE/plugins/com.st.stm32cube.ide.mcu.externaltools.gnu-tools-for-stm32.12.3.rel1.win32_1.0.200.202406191623/tools/bin/../lib/gcc/arm-none-eabi/12.3.1/../../../../arm-none-eabi/lib/thumb/v7e-m+fp/hard\libc_nano.a(libc_a-memset.o)
 .ARM.attributes
                0x000006f7       0x34 C:/ST/STM32CubeIDE_1.16.1/STM32CubeIDE/plugins/com.st.stm32cube.ide.mcu.externaltools.gnu-tools-for-stm32.12.3.rel1.win32_1.0.200.202406191623/tools/bin/../lib/gcc/arm-none-eabi/12.3.1/../../../../arm-none-eabi/lib/thumb/v7e-m+fp/hard\libc_nano.a(libc_a-reent.o)
 .ARM.attributes
                0x0000072b       0x34 C:/ST/STM32CubeIDE_1.16.1/STM32CubeIDE/plugins/com.st.stm32cube.ide.mcu.externaltools.gnu-tools-for-stm32.12.3.rel1.win32_1.0.200.202406191623/tools/bin/../lib/gcc/arm-none-eabi/12.3.1/../../../../arm-none-eabi/lib/thumb/v7e-m+fp/hard\libc_nano.a(libc_a-impure.o)
 .ARM.attributes
                0x0000075f       0x34 C:/ST/STM32CubeIDE_1.16.1/STM32CubeIDE/plugins/com.st.stm32cube.ide.mcu.externaltools.gnu-tools-for-stm32.12.3.rel1.win32_1.0.200.202406191623/tools/bin/../lib/gcc/arm-none-eabi/12.3.1/../../../../arm-none-eabi/lib/thumb/v7e-m+fp/hard\libc_nano.a(libc_a-init.o)
 .ARM.attributes
                0x00000793       0x34 C:/ST/STM32CubeIDE_1.16.1/STM32CubeIDE/plugins/com.st.stm32cube.ide.mcu.externaltools.gnu-tools-for-stm32.12.3.rel1.win32_1.0.200.202406191623/tools/bin/../lib/gcc/arm-none-eabi/12.3.1/../../../../arm-none-eabi/lib/thumb/v7e-m+fp/hard\libc_nano.a(libc_a-lock.o)
 .ARM.attributes
                0x000007c7       0x34 C:/ST/STM32CubeIDE_1.16.1/STM32CubeIDE/plugins/com.st.stm32cube.ide.mcu.externaltools.gnu-tools-for-stm32.12.3.rel1.win32_1.0.200.202406191623/tools/bin/../lib/gcc/arm-none-eabi/12.3.1/../../../../arm-none-eabi/lib/thumb/v7e-m+fp/hard\libc_nano.a(libc_a-memcpy-stub.o)
 .ARM.attributes
                0x000007fb       0x34 C:/ST/STM32CubeIDE_1.16.1/STM32CubeIDE/plugins/com.st.stm32cube.ide.mcu.externaltools.gnu-tools-for-stm32.12.3.rel1.win32_1.0.200.202406191623/tools/bin/../lib/gcc/arm-none-eabi/12.3.1/../../../../arm-none-eabi/lib/thumb/v7e-m+fp/hard\libc_nano.a(libc_a-freer.o)
 .ARM.attributes
                0x0000082f       0x34 C:/ST/STM32CubeIDE_1.16.1/STM32CubeIDE/plugins/com.st.stm32cube.ide.mcu.externaltools.gnu-tools-for-stm32.12.3.rel1.win32_1.0.200.202406191623/tools/bin/../lib/gcc/arm-none-eabi/12.3.1/../../../../arm-none-eabi/lib/thumb/v7e-m+fp/hard\libc_nano.a(libc_a-mallocr.o)
 .ARM.attributes
                0x00000863       0x34 C:/ST/STM32CubeIDE_1.16.1/STM32CubeIDE/plugins/com.st.stm32cube.ide.mcu.externaltools.gnu-tools-for-stm32.12.3.rel1.win32_1.0.200.202406191623/tools/bin/../lib/gcc/arm-none-eabi/12.3.1/../../../../arm-none-eabi/lib/thumb/v7e-m+fp/hard\libc_nano.a(libc_a-mlock.o)
 .ARM.attributes
                0x00000897       0x22 C:/ST/STM32CubeIDE_1.16.1/STM32CubeIDE/plugins/com.st.stm32cube.ide.mcu.externaltools.gnu-tools-for-stm32.12.3.rel1.win32_1.0.200.202406191623/tools/bin/../lib/gcc/arm-none-eabi/12.3.1/thumb/v7e-m+fp/hard\libgcc.a(_aeabi_uldivmod.o)
 .ARM.attributes
                0x000008b9       0x34 C:/ST/STM32CubeIDE_1.16.1/STM32CubeIDE/plugins/com.st.stm32cube.ide.mcu.externaltools.gnu-tools-for-stm32.12.3.rel1.win32_1.0.200.202406191623/tools/bin/../lib/gcc/arm-none-eabi/12.3.1/thumb/v7e-m+fp/hard\libgcc.a(_udivmoddi4.o)
 .ARM.attributes
                0x000008ed       0x22 C:/ST/STM32CubeIDE_1.16.1/STM32CubeIDE/plugins/com.st.stm32cube.ide.mcu.externaltools.gnu-tools-for-stm32.12.3.rel1.win32_1.0.200.202406191623/tools/bin/../lib/gcc/arm-none-eabi/12.3.1/thumb/v7e-m+fp/hard\libgcc.a(_dvmd_tls.o)
 .ARM.attributes
                0x0000090f       0x22 C:/ST/STM32CubeIDE_1.16.1/STM32CubeIDE/plugins/com.st.stm32cube.ide.mcu.externaltools.gnu-tools-for-stm32.12.3.rel1.win32_1.0.200.202406191623/tools/bin/../lib/gcc/arm-none-eabi/12.3.1/thumb/v7e-m+fp/hard/crtn.o
OUTPUT(stm32f411_RE.elf elf32-littlearm)
LOAD linker stubs
LOAD C:/ST/STM32CubeIDE_1.16.1/STM32CubeIDE/plugins/com.st.stm32cube.ide.mcu.externaltools.gnu-tools-for-stm32.12.3.rel1.win32_1.0.200.202406191623/tools/bin/../lib/gcc/arm-none-eabi/12.3.1/../../../../arm-none-eabi/lib/thumb/v7e-m+fp/hard\libc.a
LOAD C:/ST/STM32CubeIDE_1.16.1/STM32CubeIDE/plugins/com.st.stm32cube.ide.mcu.externaltools.gnu-tools-for-stm32.12.3.rel1.win32_1.0.200.202406191623/tools/bin/../lib/gcc/arm-none-eabi/12.3.1/../../../../arm-none-eabi/lib/thumb/v7e-m+fp/hard\libm.a
LOAD C:/ST/STM32CubeIDE_1.16.1/STM32CubeIDE/plugins/com.st.stm32cube.ide.mcu.externaltools.gnu-tools-for-stm32.12.3.rel1.win32_1.0.200.202406191623/tools/bin/../lib/gcc/arm-none-eabi/12.3.1/thumb/v7e-m+fp/hard\libgcc.a

.debug_info     0x00000000    0x1976d
 .debug_info    0x00000000      0x4b7 ./Core/Src/freertos.o
 .debug_info    0x000004b7      0x603 ./Core/Src/gpio.o
 .debug_info    0x00000aba      0xb7f ./Core/Src/main.o
 .debug_info    0x00001639      0x456 ./Core/Src/stm32f4xx_hal_msp.o
 .debug_info    0x00001a8f      0xb75 ./Core/Src/stm32f4xx_hal_timebase_tim.o
 .debug_info    0x00002604      0x6fb ./Core/Src/stm32f4xx_it.o
 .debug_info    0x00002cff      0x53e ./Core/Src/system_stm32f4xx.o
 .debug_info    0x0000323d      0xb9f ./Core/Src/tim.o
 .debug_info    0x00003ddc      0x955 ./Core/Src/usart.o
 .debug_info    0x00004731       0x30 ./Core/Startup/startup_stm32f411retx.o
 .debug_info    0x00004761      0x8c4 ./Drivers/STM32F4xx_HAL_Driver/Src/stm32f4xx_hal.o
 .debug_info    0x00005025      0xcfc ./Drivers/STM32F4xx_HAL_Driver/Src/stm32f4xx_hal_cortex.o
 .debug_info    0x00005d21      0x6f9 ./Drivers/STM32F4xx_HAL_Driver/Src/stm32f4xx_hal_gpio.o
 .debug_info    0x0000641a      0x904 ./Drivers/STM32F4xx_HAL_Driver/Src/stm32f4xx_hal_rcc.o
 .debug_info    0x00006d1e     0x2996 ./Drivers/STM32F4xx_HAL_Driver/Src/stm32f4xx_hal_tim.o
 .debug_info    0x000096b4     0x14d4 ./Drivers/STM32F4xx_HAL_Driver/Src/stm32f4xx_hal_tim_ex.o
 .debug_info    0x0000ab88     0x2f56 ./Drivers/STM32F4xx_HAL_Driver/Src/stm32f4xx_hal_uart.o
 .debug_info    0x0000dade     0x4079 ./Middlewares/Third_Party/FreeRTOS/Source/CMSIS_RTOS_V2/cmsis_os2.o
 .debug_info    0x00011b57      0x2af ./Middlewares/Third_Party/FreeRTOS/Source/list.o
 .debug_info    0x00011e06     0x1b79 ./Middlewares/Third_Party/FreeRTOS/Source/queue.o
 .debug_info    0x0001397f     0x28c1 ./Middlewares/Third_Party/FreeRTOS/Source/tasks.o
 .debug_info    0x00016240     0x1b50 ./Middlewares/Third_Party/FreeRTOS/Source/timers.o
 .debug_info    0x00017d90      0x4de ./Middlewares/Third_Party/FreeRTOS/Source/portable/GCC/ARM_CM4F/port.o
 .debug_info    0x0001826e      0x4d5 ./Middlewares/Third_Party/FreeRTOS/Source/portable/MemMang/heap_4.o
 .debug_info    0x00018743       0x99 ./ap/ap.o
 .debug_info    0x000187dc      0x236 ./ap/module/stopwatch.o
 .debug_info    0x00018a12      0x129 ./hw/driver/button.o
 .debug_info    0x00018b3b      0x743 ./hw/driver/hw_tim.o
 .debug_info    0x0001927e      0x2aa ./hw/driver/led.o
 .debug_info    0x00019528       0xbb ./hw/hw.o
 .debug_info    0x000195e3      0x18a ./scheduler/stopwatch_task.o

.debug_abbrev   0x00000000     0x3e73
 .debug_abbrev  0x00000000      0x195 ./Core/Src/freertos.o
 .debug_abbrev  0x00000195      0x173 ./Core/Src/gpio.o
 .debug_abbrev  0x00000308      0x262 ./Core/Src/main.o
 .debug_abbrev  0x0000056a      0x119 ./Core/Src/stm32f4xx_hal_msp.o
 .debug_abbrev  0x00000683      0x207 ./Core/Src/stm32f4xx_hal_timebase_tim.o
 .debug_abbrev  0x0000088a      0x1a9 ./Core/Src/stm32f4xx_it.o
 .debug_abbrev  0x00000a33      0x11a ./Core/Src/system_stm32f4xx.o
 .debug_abbrev  0x00000b4d      0x20a ./Core/Src/tim.o
 .debug_abbrev  0x00000d57      0x1f8 ./Core/Src/usart.o
 .debug_abbrev  0x00000f4f       0x24 ./Core/Startup/startup_stm32f411retx.o
 .debug_abbrev  0x00000f73      0x24b ./Drivers/STM32F4xx_HAL_Driver/Src/stm32f4xx_hal.o
 .debug_abbrev  0x000011be      0x31d ./Drivers/STM32F4xx_HAL_Driver/Src/stm32f4xx_hal_cortex.o
 .debug_abbrev  0x000014db      0x1d3 ./Drivers/STM32F4xx_HAL_Driver/Src/stm32f4xx_hal_gpio.o
 .debug_abbrev  0x000016ae      0x2b6 ./Drivers/STM32F4xx_HAL_Driver/Src/stm32f4xx_hal_rcc.o
 .debug_abbrev  0x00001964      0x28b ./Drivers/STM32F4xx_HAL_Driver/Src/stm32f4xx_hal_tim.o
 .debug_abbrev  0x00001bef      0x296 ./Drivers/STM32F4xx_HAL_Driver/Src/stm32f4xx_hal_tim_ex.o
 .debug_abbrev  0x00001e85      0x31b ./Drivers/STM32F4xx_HAL_Driver/Src/stm32f4xx_hal_uart.o
 .debug_abbrev  0x000021a0      0x548 ./Middlewares/Third_Party/FreeRTOS/Source/CMSIS_RTOS_V2/cmsis_os2.o
 .debug_abbrev  0x000026e8       0xf5 ./Middlewares/Third_Party/FreeRTOS/Source/list.o
 .debug_abbrev  0x000027dd      0x3b6 ./Middlewares/Third_Party/FreeRTOS/Source/queue.o
 .debug_abbrev  0x00002b93      0x3fe ./Middlewares/Third_Party/FreeRTOS/Source/tasks.o
 .debug_abbrev  0x00002f91      0x368 ./Middlewares/Third_Party/FreeRTOS/Source/timers.o
 .debug_abbrev  0x000032f9      0x25c ./Middlewares/Third_Party/FreeRTOS/Source/portable/GCC/ARM_CM4F/port.o
 .debug_abbrev  0x00003555      0x21d ./Middlewares/Third_Party/FreeRTOS/Source/portable/MemMang/heap_4.o
 .debug_abbrev  0x00003772       0x58 ./ap/ap.o
 .debug_abbrev  0x000037ca      0x137 ./ap/module/stopwatch.o
 .debug_abbrev  0x00003901       0xad ./hw/driver/button.o
 .debug_abbrev  0x000039ae      0x1f2 ./hw/driver/hw_tim.o
 .debug_abbrev  0x00003ba0      0x155 ./hw/driver/led.o
 .debug_abbrev  0x00003cf5       0x70 ./hw/hw.o
 .debug_abbrev  0x00003d65      0x10e ./scheduler/stopwatch_task.o

.debug_aranges  0x00000000     0x1580
 .debug_aranges
                0x00000000       0x30 ./Core/Src/freertos.o
 .debug_aranges
                0x00000030       0x20 ./Core/Src/gpio.o
 .debug_aranges
                0x00000050       0x38 ./Core/Src/main.o
 .debug_aranges
                0x00000088       0x20 ./Core/Src/stm32f4xx_hal_msp.o
 .debug_aranges
                0x000000a8       0x30 ./Core/Src/stm32f4xx_hal_timebase_tim.o
 .debug_aranges
                0x000000d8       0x60 ./Core/Src/stm32f4xx_it.o
 .debug_aranges
                0x00000138       0x28 ./Core/Src/system_stm32f4xx.o
 .debug_aranges
                0x00000160       0x30 ./Core/Src/tim.o
 .debug_aranges
                0x00000190       0x30 ./Core/Src/usart.o
 .debug_aranges
                0x000001c0       0x28 ./Core/Startup/startup_stm32f411retx.o
 .debug_aranges
                0x000001e8       0xf0 ./Drivers/STM32F4xx_HAL_Driver/Src/stm32f4xx_hal.o
 .debug_aranges
                0x000002d8      0x130 ./Drivers/STM32F4xx_HAL_Driver/Src/stm32f4xx_hal_cortex.o
 .debug_aranges
                0x00000408       0x58 ./Drivers/STM32F4xx_HAL_Driver/Src/stm32f4xx_hal_gpio.o
 .debug_aranges
                0x00000460       0x88 ./Drivers/STM32F4xx_HAL_Driver/Src/stm32f4xx_hal_rcc.o
 .debug_aranges
                0x000004e8      0x3d0 ./Drivers/STM32F4xx_HAL_Driver/Src/stm32f4xx_hal_tim.o
 .debug_aranges
                0x000008b8      0x168 ./Drivers/STM32F4xx_HAL_Driver/Src/stm32f4xx_hal_tim_ex.o
 .debug_aranges
                0x00000a20      0x208 ./Drivers/STM32F4xx_HAL_Driver/Src/stm32f4xx_hal_uart.o
 .debug_aranges
                0x00000c28      0x2b0 ./Middlewares/Third_Party/FreeRTOS/Source/CMSIS_RTOS_V2/cmsis_os2.o
 .debug_aranges
                0x00000ed8       0x40 ./Middlewares/Third_Party/FreeRTOS/Source/list.o
 .debug_aranges
                0x00000f18      0x158 ./Middlewares/Third_Party/FreeRTOS/Source/queue.o
 .debug_aranges
                0x00001070      0x208 ./Middlewares/Third_Party/FreeRTOS/Source/tasks.o
 .debug_aranges
                0x00001278       0xf0 ./Middlewares/Third_Party/FreeRTOS/Source/timers.o
 .debug_aranges
                0x00001368       0x80 ./Middlewares/Third_Party/FreeRTOS/Source/portable/GCC/ARM_CM4F/port.o
 .debug_aranges
                0x000013e8       0x58 ./Middlewares/Third_Party/FreeRTOS/Source/portable/MemMang/heap_4.o
 .debug_aranges
                0x00001440       0x20 ./ap/ap.o
 .debug_aranges
                0x00001460       0x50 ./ap/module/stopwatch.o
 .debug_aranges
                0x000014b0       0x28 ./hw/driver/button.o
 .debug_aranges
                0x000014d8       0x30 ./hw/driver/hw_tim.o
 .debug_aranges
                0x00001508       0x38 ./hw/driver/led.o
 .debug_aranges
                0x00001540       0x20 ./hw/hw.o
 .debug_aranges
                0x00001560       0x20 ./scheduler/stopwatch_task.o

.debug_rnglists
                0x00000000     0x107c
 .debug_rnglists
                0x00000000       0x1f ./Core/Src/freertos.o
 .debug_rnglists
                0x0000001f       0x14 ./Core/Src/gpio.o
 .debug_rnglists
                0x00000033       0x26 ./Core/Src/main.o
 .debug_rnglists
                0x00000059       0x13 ./Core/Src/stm32f4xx_hal_msp.o
 .debug_rnglists
                0x0000006c       0x20 ./Core/Src/stm32f4xx_hal_timebase_tim.o
 .debug_rnglists
                0x0000008c       0x43 ./Core/Src/stm32f4xx_it.o
 .debug_rnglists
                0x000000cf       0x1a ./Core/Src/system_stm32f4xx.o
 .debug_rnglists
                0x000000e9       0x20 ./Core/Src/tim.o
 .debug_rnglists
                0x00000109       0x20 ./Core/Src/usart.o
 .debug_rnglists
                0x00000129       0x19 ./Core/Startup/startup_stm32f411retx.o
 .debug_rnglists
                0x00000142       0xaf ./Drivers/STM32F4xx_HAL_Driver/Src/stm32f4xx_hal.o
 .debug_rnglists
                0x000001f1       0xe0 ./Drivers/STM32F4xx_HAL_Driver/Src/stm32f4xx_hal_cortex.o
 .debug_rnglists
                0x000002d1       0x3f ./Drivers/STM32F4xx_HAL_Driver/Src/stm32f4xx_hal_gpio.o
 .debug_rnglists
                0x00000310       0x66 ./Drivers/STM32F4xx_HAL_Driver/Src/stm32f4xx_hal_rcc.o
 .debug_rnglists
                0x00000376      0x31a ./Drivers/STM32F4xx_HAL_Driver/Src/stm32f4xx_hal_tim.o
 .debug_rnglists
                0x00000690      0x125 ./Drivers/STM32F4xx_HAL_Driver/Src/stm32f4xx_hal_tim_ex.o
 .debug_rnglists
                0x000007b5      0x1bc ./Drivers/STM32F4xx_HAL_Driver/Src/stm32f4xx_hal_uart.o
 .debug_rnglists
                0x00000971      0x212 ./Middlewares/Third_Party/FreeRTOS/Source/CMSIS_RTOS_V2/cmsis_os2.o
 .debug_rnglists
                0x00000b83       0x2b ./Middlewares/Third_Party/FreeRTOS/Source/list.o
 .debug_rnglists
                0x00000bae      0x109 ./Middlewares/Third_Party/FreeRTOS/Source/queue.o
 .debug_rnglists
                0x00000cb7      0x1a0 ./Middlewares/Third_Party/FreeRTOS/Source/tasks.o
 .debug_rnglists
                0x00000e57       0xb8 ./Middlewares/Third_Party/FreeRTOS/Source/timers.o
 .debug_rnglists
                0x00000f0f       0x5d ./Middlewares/Third_Party/FreeRTOS/Source/portable/GCC/ARM_CM4F/port.o
 .debug_rnglists
                0x00000f6c       0x42 ./Middlewares/Third_Party/FreeRTOS/Source/portable/MemMang/heap_4.o
 .debug_rnglists
                0x00000fae       0x13 ./ap/ap.o
 .debug_rnglists
                0x00000fc1       0x38 ./ap/module/stopwatch.o
 .debug_rnglists
                0x00000ff9       0x19 ./hw/driver/button.o
 .debug_rnglists
                0x00001012       0x1f ./hw/driver/hw_tim.o
 .debug_rnglists
                0x00001031       0x25 ./hw/driver/led.o
 .debug_rnglists
                0x00001056       0x13 ./hw/hw.o
 .debug_rnglists
                0x00001069       0x13 ./scheduler/stopwatch_task.o

.debug_macro    0x00000000    0x1aeb0
 .debug_macro   0x00000000      0x41c ./Core/Src/freertos.o
 .debug_macro   0x0000041c      0xab4 ./Core/Src/freertos.o
 .debug_macro   0x00000ed0      0x189 ./Core/Src/freertos.o
 .debug_macro   0x00001059       0x22 ./Core/Src/freertos.o
 .debug_macro   0x0000107b       0x8e ./Core/Src/freertos.o
 .debug_macro   0x00001109       0x51 ./Core/Src/freertos.o
 .debug_macro   0x0000115a      0x103 ./Core/Src/freertos.o
 .debug_macro   0x0000125d       0x6a ./Core/Src/freertos.o
 .debug_macro   0x000012c7      0x1df ./Core/Src/freertos.o
 .debug_macro   0x000014a6      0x16f ./Core/Src/freertos.o
 .debug_macro   0x00001615      0x15a ./Core/Src/freertos.o
 .debug_macro   0x0000176f       0xc9 ./Core/Src/freertos.o
 .debug_macro   0x00001838       0x1c ./Core/Src/freertos.o
 .debug_macro   0x00001854       0x26 ./Core/Src/freertos.o
 .debug_macro   0x0000187a       0x61 ./Core/Src/freertos.o
 .debug_macro   0x000018db       0x2a ./Core/Src/freertos.o
 .debug_macro   0x00001905       0x43 ./Core/Src/freertos.o
 .debug_macro   0x00001948       0x34 ./Core/Src/freertos.o
 .debug_macro   0x0000197c       0x16 ./Core/Src/freertos.o
 .debug_macro   0x00001992       0x43 ./Core/Src/freertos.o
 .debug_macro   0x000019d5       0x34 ./Core/Src/freertos.o
 .debug_macro   0x00001a09       0x10 ./Core/Src/freertos.o
 .debug_macro   0x00001a19       0x58 ./Core/Src/freertos.o
 .debug_macro   0x00001a71       0x8e ./Core/Src/freertos.o
 .debug_macro   0x00001aff       0x1c ./Core/Src/freertos.o
 .debug_macro   0x00001b1b      0x177 ./Core/Src/freertos.o
 .debug_macro   0x00001c92       0x10 ./Core/Src/freertos.o
 .debug_macro   0x00001ca2       0x35 ./Core/Src/freertos.o
 .debug_macro   0x00001cd7      0x4bf ./Core/Src/freertos.o
 .debug_macro   0x00002196      0x29b ./Core/Src/freertos.o
 .debug_macro   0x00002431       0x2e ./Core/Src/freertos.o
 .debug_macro   0x0000245f       0x28 ./Core/Src/freertos.o
 .debug_macro   0x00002487       0x1c ./Core/Src/freertos.o
 .debug_macro   0x000024a3       0x22 ./Core/Src/freertos.o
 .debug_macro   0x000024c5       0xfb ./Core/Src/freertos.o
 .debug_macro   0x000025c0     0x1011 ./Core/Src/freertos.o
 .debug_macro   0x000035d1      0x11f ./Core/Src/freertos.o
 .debug_macro   0x000036f0     0xb968 ./Core/Src/freertos.o
 .debug_macro   0x0000f058       0x6d ./Core/Src/freertos.o
 .debug_macro   0x0000f0c5     0x3693 ./Core/Src/freertos.o
 .debug_macro   0x00012758       0x5c ./Core/Src/freertos.o
 .debug_macro   0x000127b4      0x45c ./Core/Src/freertos.o
 .debug_macro   0x00012c10      0x9e9 ./Core/Src/freertos.o
 .debug_macro   0x000135f9      0x115 ./Core/Src/freertos.o
 .debug_macro   0x0001370e      0x11b ./Core/Src/freertos.o
 .debug_macro   0x00013829       0xa5 ./Core/Src/freertos.o
 .debug_macro   0x000138ce      0x15f ./Core/Src/freertos.o
 .debug_macro   0x00013a2d      0x287 ./Core/Src/freertos.o
 .debug_macro   0x00013cb4       0x5f ./Core/Src/freertos.o
 .debug_macro   0x00013d13      0x236 ./Core/Src/freertos.o
 .debug_macro   0x00013f49      0x132 ./Core/Src/freertos.o
 .debug_macro   0x0001407b      0x264 ./Core/Src/freertos.o
 .debug_macro   0x000142df       0x2e ./Core/Src/freertos.o
 .debug_macro   0x0001430d      0x127 ./Core/Src/freertos.o
 .debug_macro   0x00014434       0x85 ./Core/Src/freertos.o
 .debug_macro   0x000144b9       0x89 ./Core/Src/freertos.o
 .debug_macro   0x00014542      0x8ed ./Core/Src/freertos.o
 .debug_macro   0x00014e2f       0x47 ./Core/Src/freertos.o
 .debug_macro   0x00014e76      0x2aa ./Core/Src/freertos.o
 .debug_macro   0x00015120      0x126 ./Core/Src/freertos.o
 .debug_macro   0x00015246       0x22 ./Core/Src/freertos.o
 .debug_macro   0x00015268       0x1c ./Core/Src/freertos.o
 .debug_macro   0x00015284      0x369 ./Core/Src/freertos.o
 .debug_macro   0x000155ed       0x10 ./Core/Src/freertos.o
 .debug_macro   0x000155fd       0x1c ./Core/Src/freertos.o
 .debug_macro   0x00015619       0x16 ./Core/Src/freertos.o
 .debug_macro   0x0001562f      0x146 ./Core/Src/freertos.o
 .debug_macro   0x00015775       0x16 ./Core/Src/freertos.o
 .debug_macro   0x0001578b       0x16 ./Core/Src/freertos.o
 .debug_macro   0x000157a1       0x29 ./Core/Src/freertos.o
 .debug_macro   0x000157ca       0x16 ./Core/Src/freertos.o
 .debug_macro   0x000157e0       0x20 ./Core/Src/freertos.o
 .debug_macro   0x00015800       0x5e ./Core/Src/freertos.o
 .debug_macro   0x0001585e       0xb5 ./Core/Src/freertos.o
 .debug_macro   0x00015913       0xaa ./Core/Src/freertos.o
 .debug_macro   0x000159bd       0x66 ./Core/Src/freertos.o
 .debug_macro   0x00015a23       0x74 ./Core/Src/freertos.o
 .debug_macro   0x00015a97       0xdd ./Core/Src/freertos.o
 .debug_macro   0x00015b74       0x10 ./Core/Src/freertos.o
 .debug_macro   0x00015b84       0x10 ./Core/Src/freertos.o
 .debug_macro   0x00015b94      0x32c ./Core/Src/gpio.o
 .debug_macro   0x00015ec0       0x16 ./Core/Src/gpio.o
 .debug_macro   0x00015ed6       0x16 ./Core/Src/gpio.o
 .debug_macro   0x00015eec      0x420 ./Core/Src/main.o
 .debug_macro   0x0001630c      0x16f ./Core/Src/main.o
 .debug_macro   0x0001647b       0x16 ./Core/Src/main.o
 .debug_macro   0x00016491       0x16 ./Core/Src/main.o
 .debug_macro   0x000164a7       0x16 ./Core/Src/main.o
 .debug_macro   0x000164bd      0x322 ./Core/Src/stm32f4xx_hal_msp.o
 .debug_macro   0x000167df      0x1ce ./Core/Src/stm32f4xx_hal_timebase_tim.o
 .debug_macro   0x000169ad      0x32c ./Core/Src/stm32f4xx_it.o
 .debug_macro   0x00016cd9      0x1ce ./Core/Src/system_stm32f4xx.o
 .debug_macro   0x00016ea7      0x32c ./Core/Src/tim.o
 .debug_macro   0x000171d3      0x32c ./Core/Src/usart.o
 .debug_macro   0x000174ff      0x22e ./Drivers/STM32F4xx_HAL_Driver/Src/stm32f4xx_hal.o
 .debug_macro   0x0001772d      0x1ce ./Drivers/STM32F4xx_HAL_Driver/Src/stm32f4xx_hal_cortex.o
 .debug_macro   0x000178fb      0x1d4 ./Drivers/STM32F4xx_HAL_Driver/Src/stm32f4xx_hal_gpio.o
 .debug_macro   0x00017acf      0x1f2 ./Drivers/STM32F4xx_HAL_Driver/Src/stm32f4xx_hal_rcc.o
 .debug_macro   0x00017cc1      0x1cf ./Drivers/STM32F4xx_HAL_Driver/Src/stm32f4xx_hal_tim.o
 .debug_macro   0x00017e90      0x1ce ./Drivers/STM32F4xx_HAL_Driver/Src/stm32f4xx_hal_tim_ex.o
 .debug_macro   0x0001805e      0x1cf ./Drivers/STM32F4xx_HAL_Driver/Src/stm32f4xx_hal_uart.o
 .debug_macro   0x0001822d      0x3d7 ./Middlewares/Third_Party/FreeRTOS/Source/CMSIS_RTOS_V2/cmsis_os2.o
 .debug_macro   0x00018604       0x10 ./Middlewares/Third_Party/FreeRTOS/Source/CMSIS_RTOS_V2/cmsis_os2.o
 .debug_macro   0x00018614       0x10 ./Middlewares/Third_Party/FreeRTOS/Source/CMSIS_RTOS_V2/cmsis_os2.o
 .debug_macro   0x00018624       0xf5 ./Middlewares/Third_Party/FreeRTOS/Source/CMSIS_RTOS_V2/cmsis_os2.o
 .debug_macro   0x00018719       0x91 ./Middlewares/Third_Party/FreeRTOS/Source/CMSIS_RTOS_V2/cmsis_os2.o
 .debug_macro   0x000187aa       0x8d ./Middlewares/Third_Party/FreeRTOS/Source/CMSIS_RTOS_V2/cmsis_os2.o
 .debug_macro   0x00018837       0x9a ./Middlewares/Third_Party/FreeRTOS/Source/CMSIS_RTOS_V2/cmsis_os2.o
 .debug_macro   0x000188d1       0x22 ./Middlewares/Third_Party/FreeRTOS/Source/CMSIS_RTOS_V2/cmsis_os2.o
 .debug_macro   0x000188f3       0x56 ./Middlewares/Third_Party/FreeRTOS/Source/CMSIS_RTOS_V2/cmsis_os2.o
 .debug_macro   0x00018949      0x199 ./Middlewares/Third_Party/FreeRTOS/Source/list.o
 .debug_macro   0x00018ae2      0x228 ./Middlewares/Third_Party/FreeRTOS/Source/queue.o
 .debug_macro   0x00018d0a       0x87 ./Middlewares/Third_Party/FreeRTOS/Source/queue.o
 .debug_macro   0x00018d91      0x291 ./Middlewares/Third_Party/FreeRTOS/Source/tasks.o
 .debug_macro   0x00019022       0x10 ./Middlewares/Third_Party/FreeRTOS/Source/tasks.o
 .debug_macro   0x00019032      0x1ee ./Middlewares/Third_Party/FreeRTOS/Source/timers.o
 .debug_macro   0x00019220       0x97 ./Middlewares/Third_Party/FreeRTOS/Source/timers.o
 .debug_macro   0x000192b7      0x233 ./Middlewares/Third_Party/FreeRTOS/Source/portable/GCC/ARM_CM4F/port.o
 .debug_macro   0x000194ea      0x1c0 ./Middlewares/Third_Party/FreeRTOS/Source/portable/MemMang/heap_4.o
 .debug_macro   0x000196aa      0x37c ./ap/ap.o
 .debug_macro   0x00019a26      0x384 ./ap/module/stopwatch.o
 .debug_macro   0x00019daa      0x342 ./hw/driver/button.o
 .debug_macro   0x0001a0ec      0x33b ./hw/driver/hw_tim.o
 .debug_macro   0x0001a427      0x33b ./hw/driver/led.o
 .debug_macro   0x0001a762      0x368 ./hw/hw.o
 .debug_macro   0x0001aaca      0x3e6 ./scheduler/stopwatch_task.o

.debug_line     0x00000000    0x1c782
 .debug_line    0x00000000      0xbac ./Core/Src/freertos.o
 .debug_line    0x00000bac      0x920 ./Core/Src/gpio.o
 .debug_line    0x000014cc      0xc0e ./Core/Src/main.o
 .debug_line    0x000020da      0x906 ./Core/Src/stm32f4xx_hal_msp.o
 .debug_line    0x000029e0      0x7bc ./Core/Src/stm32f4xx_hal_timebase_tim.o
 .debug_line    0x0000319c      0x9d1 ./Core/Src/stm32f4xx_it.o
 .debug_line    0x00003b6d      0x7c4 ./Core/Src/system_stm32f4xx.o
 .debug_line    0x00004331      0x972 ./Core/Src/tim.o
 .debug_line    0x00004ca3      0x96e ./Core/Src/usart.o
 .debug_line    0x00005611       0x7a ./Core/Startup/startup_stm32f411retx.o
 .debug_line    0x0000568b      0xa3c ./Drivers/STM32F4xx_HAL_Driver/Src/stm32f4xx_hal.o
 .debug_line    0x000060c7      0xd2e ./Drivers/STM32F4xx_HAL_Driver/Src/stm32f4xx_hal_cortex.o
 .debug_line    0x00006df5      0xb8c ./Drivers/STM32F4xx_HAL_Driver/Src/stm32f4xx_hal_gpio.o
 .debug_line    0x00007981      0xdc7 ./Drivers/STM32F4xx_HAL_Driver/Src/stm32f4xx_hal_rcc.o
 .debug_line    0x00008748     0x35b2 ./Drivers/STM32F4xx_HAL_Driver/Src/stm32f4xx_hal_tim.o
 .debug_line    0x0000bcfa     0x19cd ./Drivers/STM32F4xx_HAL_Driver/Src/stm32f4xx_hal_tim_ex.o
 .debug_line    0x0000d6c7     0x293f ./Drivers/STM32F4xx_HAL_Driver/Src/stm32f4xx_hal_uart.o
 .debug_line    0x00010006     0x23a7 ./Middlewares/Third_Party/FreeRTOS/Source/CMSIS_RTOS_V2/cmsis_os2.o
 .debug_line    0x000123ad      0x7a1 ./Middlewares/Third_Party/FreeRTOS/Source/list.o
 .debug_line    0x00012b4e     0x176b ./Middlewares/Third_Party/FreeRTOS/Source/queue.o
 .debug_line    0x000142b9     0x1e66 ./Middlewares/Third_Party/FreeRTOS/Source/tasks.o
 .debug_line    0x0001611f      0xe29 ./Middlewares/Third_Party/FreeRTOS/Source/timers.o
 .debug_line    0x00016f48      0x96a ./Middlewares/Third_Party/FreeRTOS/Source/portable/GCC/ARM_CM4F/port.o
 .debug_line    0x000178b2      0x9cc ./Middlewares/Third_Party/FreeRTOS/Source/portable/MemMang/heap_4.o
 .debug_line    0x0001827e      0x9c7 ./ap/ap.o
 .debug_line    0x00018c45      0xace ./ap/module/stopwatch.o
 .debug_line    0x00019713      0x936 ./hw/driver/button.o
 .debug_line    0x0001a049      0x954 ./hw/driver/hw_tim.o
 .debug_line    0x0001a99d      0x987 ./hw/driver/led.o
 .debug_line    0x0001b324      0x959 ./hw/hw.o
 .debug_line    0x0001bc7d      0xb05 ./scheduler/stopwatch_task.o

.debug_str      0x00000000    0x98e5c
 .debug_str     0x00000000    0x8f665 ./Core/Src/freertos.o
                              0x8f934 (size before relaxing)
 .debug_str     0x0008f665      0x59c ./Core/Src/gpio.o
                              0x8af07 (size before relaxing)
 .debug_str     0x0008fc01      0x70f ./Core/Src/main.o
                              0x8fc82 (size before relaxing)
 .debug_str     0x00090310       0x2c ./Core/Src/stm32f4xx_hal_msp.o
                              0x8ae29 (size before relaxing)
 .debug_str     0x0009033c       0xf8 ./Core/Src/stm32f4xx_hal_timebase_tim.o
                              0x87ad5 (size before relaxing)
 .debug_str     0x00090434      0x107 ./Core/Src/stm32f4xx_it.o
                              0x8af76 (size before relaxing)
 .debug_str     0x0009053b       0xdb ./Core/Src/system_stm32f4xx.o
                              0x87145 (size before relaxing)
 .debug_str     0x00090616      0x13e ./Core/Src/tim.o
                              0x8b4f1 (size before relaxing)
 .debug_str     0x00090754      0x246 ./Core/Src/usart.o
                              0x8affc (size before relaxing)
 .debug_str     0x0009099a       0x44 ./Core/Startup/startup_stm32f411retx.o
                                 0x6f (size before relaxing)
 .debug_str     0x000909de      0x5d3 ./Drivers/STM32F4xx_HAL_Driver/Src/stm32f4xx_hal.o
                              0x87b71 (size before relaxing)
 .debug_str     0x00090fb1      0x362 ./Drivers/STM32F4xx_HAL_Driver/Src/stm32f4xx_hal_cortex.o
                              0x878db (size before relaxing)
 .debug_str     0x00091313      0x108 ./Drivers/STM32F4xx_HAL_Driver/Src/stm32f4xx_hal_gpio.o
                              0x872c0 (size before relaxing)
 .debug_str     0x0009141b      0x1fd ./Drivers/STM32F4xx_HAL_Driver/Src/stm32f4xx_hal_rcc.o
                              0x87579 (size before relaxing)
 .debug_str     0x00091618      0xde0 ./Drivers/STM32F4xx_HAL_Driver/Src/stm32f4xx_hal_tim.o
                              0x884bd (size before relaxing)
 .debug_str     0x000923f8      0x493 ./Drivers/STM32F4xx_HAL_Driver/Src/stm32f4xx_hal_tim_ex.o
                              0x87cc9 (size before relaxing)
 .debug_str     0x0009288b      0x635 ./Drivers/STM32F4xx_HAL_Driver/Src/stm32f4xx_hal_uart.o
                              0x87b48 (size before relaxing)
 .debug_str     0x00092ec0     0x327c ./Middlewares/Third_Party/FreeRTOS/Source/CMSIS_RTOS_V2/cmsis_os2.o
                              0x91f33 (size before relaxing)
 .debug_str     0x0009613c      0x12d ./Middlewares/Third_Party/FreeRTOS/Source/list.o
                               0xaaf3 (size before relaxing)
 .debug_str     0x00096269      0x892 ./Middlewares/Third_Party/FreeRTOS/Source/queue.o
                               0xc633 (size before relaxing)
 .debug_str     0x00096afb     0x1080 ./Middlewares/Third_Party/FreeRTOS/Source/tasks.o
                               0xd438 (size before relaxing)
 .debug_str     0x00097b7b      0x5af ./Middlewares/Third_Party/FreeRTOS/Source/timers.o
                               0xce84 (size before relaxing)
 .debug_str     0x0009812a      0x783 ./Middlewares/Third_Party/FreeRTOS/Source/portable/GCC/ARM_CM4F/port.o
                               0xa2ab (size before relaxing)
 .debug_str     0x000988ad      0x324 ./Middlewares/Third_Party/FreeRTOS/Source/portable/MemMang/heap_4.o
                               0xb435 (size before relaxing)
 .debug_str     0x00098bd1       0x1a ./ap/ap.o
                              0x8a9da (size before relaxing)
 .debug_str     0x00098beb      0x168 ./ap/module/stopwatch.o
                              0x8ab43 (size before relaxing)
 .debug_str     0x00098d53       0x59 ./hw/driver/button.o
                              0x8a9e2 (size before relaxing)
 .debug_str     0x00098dac       0x1d ./hw/driver/hw_tim.o
                              0x8af65 (size before relaxing)
 .debug_str     0x00098dc9       0x4f ./hw/driver/led.o
                              0x8aa6d (size before relaxing)
 .debug_str     0x00098e18        0xb ./hw/hw.o
                              0x8a9ce (size before relaxing)
 .debug_str     0x00098e23       0x39 ./scheduler/stopwatch_task.o
                              0x8e884 (size before relaxing)

.comment        0x00000000       0x43
 .comment       0x00000000       0x43 ./Core/Src/freertos.o
                                 0x44 (size before relaxing)
 .comment       0x00000043       0x44 ./Core/Src/gpio.o
 .comment       0x00000043       0x44 ./Core/Src/main.o
 .comment       0x00000043       0x44 ./Core/Src/stm32f4xx_hal_msp.o
 .comment       0x00000043       0x44 ./Core/Src/stm32f4xx_hal_timebase_tim.o
 .comment       0x00000043       0x44 ./Core/Src/stm32f4xx_it.o
 .comment       0x00000043       0x44 ./Core/Src/system_stm32f4xx.o
 .comment       0x00000043       0x44 ./Core/Src/tim.o
 .comment       0x00000043       0x44 ./Core/Src/usart.o
 .comment       0x00000043       0x44 ./Drivers/STM32F4xx_HAL_Driver/Src/stm32f4xx_hal.o
 .comment       0x00000043       0x44 ./Drivers/STM32F4xx_HAL_Driver/Src/stm32f4xx_hal_cortex.o
 .comment       0x00000043       0x44 ./Drivers/STM32F4xx_HAL_Driver/Src/stm32f4xx_hal_gpio.o
 .comment       0x00000043       0x44 ./Drivers/STM32F4xx_HAL_Driver/Src/stm32f4xx_hal_rcc.o
 .comment       0x00000043       0x44 ./Drivers/STM32F4xx_HAL_Driver/Src/stm32f4xx_hal_tim.o
 .comment       0x00000043       0x44 ./Drivers/STM32F4xx_HAL_Driver/Src/stm32f4xx_hal_tim_ex.o
 .comment       0x00000043       0x44 ./Drivers/STM32F4xx_HAL_Driver/Src/stm32f4xx_hal_uart.o
 .comment       0x00000043       0x44 ./Middlewares/Third_Party/FreeRTOS/Source/CMSIS_RTOS_V2/cmsis_os2.o